<!doctype html public "-//w3c//dtd html 4.0 transitional//en">
<html><head>
<title>Static Call Graph - [.\Obj\STM32F405RGT.axf]</title></head>
<body><HR>
<H1>Static Call Graph for image .\Obj\STM32F405RGT.axf</H1><HR>
<BR><P>#&#060CALLGRAPH&#062# ARM Linker, 5.03 [Build 76]: Last Updated: Thu Jan 23 07:46:37 2014
<BR><P>
<H3>Maximum Stack Usage =        188 bytes + Unknown(Cycles, Untraceable Function Pointers)</H3><H3>
Call chain for Maximum Stack Depth:</H3>
main &rArr; QCopterFC_Init &rArr; Sensor_Config &rArr; I2C_Config &rArr; I2C_Init &rArr; RCC_GetClocksFreq
<P>
<H3>
Mutually Recursive functions
</H3> <LI><a href="#[1c]">ADC_IRQHandler</a>&nbsp;&nbsp;&nbsp;&rArr;&nbsp;&nbsp;&nbsp;<a href="#[1c]">ADC_IRQHandler</a><BR>
</UL>
<P>
<H3>
Function Pointers
</H3><UL>
 <LI><a href="#[1c]">ADC_IRQHandler</a> from startup_stm32f40xx.o(.text) referenced from startup_stm32f40xx.o(RESET)
 <LI><a href="#[4]">BusFault_Handler</a> from qcopterfc_it.o(.text) referenced from startup_stm32f40xx.o(RESET)
 <LI><a href="#[1e]">CAN1_RX0_IRQHandler</a> from startup_stm32f40xx.o(.text) referenced from startup_stm32f40xx.o(RESET)
 <LI><a href="#[1f]">CAN1_RX1_IRQHandler</a> from startup_stm32f40xx.o(.text) referenced from startup_stm32f40xx.o(RESET)
 <LI><a href="#[20]">CAN1_SCE_IRQHandler</a> from startup_stm32f40xx.o(.text) referenced from startup_stm32f40xx.o(RESET)
 <LI><a href="#[1d]">CAN1_TX_IRQHandler</a> from startup_stm32f40xx.o(.text) referenced from startup_stm32f40xx.o(RESET)
 <LI><a href="#[4a]">CAN2_RX0_IRQHandler</a> from startup_stm32f40xx.o(.text) referenced from startup_stm32f40xx.o(RESET)
 <LI><a href="#[4b]">CAN2_RX1_IRQHandler</a> from startup_stm32f40xx.o(.text) referenced from startup_stm32f40xx.o(RESET)
 <LI><a href="#[4c]">CAN2_SCE_IRQHandler</a> from startup_stm32f40xx.o(.text) referenced from startup_stm32f40xx.o(RESET)
 <LI><a href="#[49]">CAN2_TX_IRQHandler</a> from startup_stm32f40xx.o(.text) referenced from startup_stm32f40xx.o(RESET)
 <LI><a href="#[59]">CRYP_IRQHandler</a> from startup_stm32f40xx.o(.text) referenced from startup_stm32f40xx.o(RESET)
 <LI><a href="#[58]">DCMI_IRQHandler</a> from startup_stm32f40xx.o(.text) referenced from startup_stm32f40xx.o(RESET)
 <LI><a href="#[15]">DMA1_Stream0_IRQHandler</a> from qcopterfc_it.o(.text) referenced from startup_stm32f40xx.o(RESET)
 <LI><a href="#[16]">DMA1_Stream1_IRQHandler</a> from startup_stm32f40xx.o(.text) referenced from startup_stm32f40xx.o(RESET)
 <LI><a href="#[17]">DMA1_Stream2_IRQHandler</a> from startup_stm32f40xx.o(.text) referenced from startup_stm32f40xx.o(RESET)
 <LI><a href="#[18]">DMA1_Stream3_IRQHandler</a> from startup_stm32f40xx.o(.text) referenced from startup_stm32f40xx.o(RESET)
 <LI><a href="#[19]">DMA1_Stream4_IRQHandler</a> from startup_stm32f40xx.o(.text) referenced from startup_stm32f40xx.o(RESET)
 <LI><a href="#[1a]">DMA1_Stream5_IRQHandler</a> from startup_stm32f40xx.o(.text) referenced from startup_stm32f40xx.o(RESET)
 <LI><a href="#[1b]">DMA1_Stream6_IRQHandler</a> from qcopterfc_it.o(.text) referenced from startup_stm32f40xx.o(RESET)
 <LI><a href="#[39]">DMA1_Stream7_IRQHandler</a> from startup_stm32f40xx.o(.text) referenced from startup_stm32f40xx.o(RESET)
 <LI><a href="#[42]">DMA2_Stream0_IRQHandler</a> from startup_stm32f40xx.o(.text) referenced from startup_stm32f40xx.o(RESET)
 <LI><a href="#[43]">DMA2_Stream1_IRQHandler</a> from startup_stm32f40xx.o(.text) referenced from startup_stm32f40xx.o(RESET)
 <LI><a href="#[44]">DMA2_Stream2_IRQHandler</a> from startup_stm32f40xx.o(.text) referenced from startup_stm32f40xx.o(RESET)
 <LI><a href="#[45]">DMA2_Stream3_IRQHandler</a> from startup_stm32f40xx.o(.text) referenced from startup_stm32f40xx.o(RESET)
 <LI><a href="#[46]">DMA2_Stream4_IRQHandler</a> from startup_stm32f40xx.o(.text) referenced from startup_stm32f40xx.o(RESET)
 <LI><a href="#[4e]">DMA2_Stream5_IRQHandler</a> from startup_stm32f40xx.o(.text) referenced from startup_stm32f40xx.o(RESET)
 <LI><a href="#[4f]">DMA2_Stream6_IRQHandler</a> from startup_stm32f40xx.o(.text) referenced from startup_stm32f40xx.o(RESET)
 <LI><a href="#[50]">DMA2_Stream7_IRQHandler</a> from startup_stm32f40xx.o(.text) referenced from startup_stm32f40xx.o(RESET)
 <LI><a href="#[7]">DebugMon_Handler</a> from qcopterfc_it.o(.text) referenced from startup_stm32f40xx.o(RESET)
 <LI><a href="#[47]">ETH_IRQHandler</a> from startup_stm32f40xx.o(.text) referenced from startup_stm32f40xx.o(RESET)
 <LI><a href="#[48]">ETH_WKUP_IRQHandler</a> from startup_stm32f40xx.o(.text) referenced from startup_stm32f40xx.o(RESET)
 <LI><a href="#[10]">EXTI0_IRQHandler</a> from startup_stm32f40xx.o(.text) referenced from startup_stm32f40xx.o(RESET)
 <LI><a href="#[32]">EXTI15_10_IRQHandler</a> from startup_stm32f40xx.o(.text) referenced from startup_stm32f40xx.o(RESET)
 <LI><a href="#[11]">EXTI1_IRQHandler</a> from startup_stm32f40xx.o(.text) referenced from startup_stm32f40xx.o(RESET)
 <LI><a href="#[12]">EXTI2_IRQHandler</a> from startup_stm32f40xx.o(.text) referenced from startup_stm32f40xx.o(RESET)
 <LI><a href="#[13]">EXTI3_IRQHandler</a> from startup_stm32f40xx.o(.text) referenced from startup_stm32f40xx.o(RESET)
 <LI><a href="#[14]">EXTI4_IRQHandler</a> from startup_stm32f40xx.o(.text) referenced from startup_stm32f40xx.o(RESET)
 <LI><a href="#[21]">EXTI9_5_IRQHandler</a> from startup_stm32f40xx.o(.text) referenced from startup_stm32f40xx.o(RESET)
 <LI><a href="#[e]">FLASH_IRQHandler</a> from startup_stm32f40xx.o(.text) referenced from startup_stm32f40xx.o(RESET)
 <LI><a href="#[5b]">FPU_IRQHandler</a> from startup_stm32f40xx.o(.text) referenced from startup_stm32f40xx.o(RESET)
 <LI><a href="#[3a]">FSMC_IRQHandler</a> from startup_stm32f40xx.o(.text) referenced from startup_stm32f40xx.o(RESET)
 <LI><a href="#[5a]">HASH_RNG_IRQHandler</a> from startup_stm32f40xx.o(.text) referenced from startup_stm32f40xx.o(RESET)
 <LI><a href="#[2]">HardFault_Handler</a> from qcopterfc_it.o(.text) referenced from startup_stm32f40xx.o(RESET)
 <LI><a href="#[2a]">I2C1_ER_IRQHandler</a> from startup_stm32f40xx.o(.text) referenced from startup_stm32f40xx.o(RESET)
 <LI><a href="#[29]">I2C1_EV_IRQHandler</a> from startup_stm32f40xx.o(.text) referenced from startup_stm32f40xx.o(RESET)
 <LI><a href="#[2c]">I2C2_ER_IRQHandler</a> from startup_stm32f40xx.o(.text) referenced from startup_stm32f40xx.o(RESET)
 <LI><a href="#[2b]">I2C2_EV_IRQHandler</a> from startup_stm32f40xx.o(.text) referenced from startup_stm32f40xx.o(RESET)
 <LI><a href="#[53]">I2C3_ER_IRQHandler</a> from startup_stm32f40xx.o(.text) referenced from startup_stm32f40xx.o(RESET)
 <LI><a href="#[52]">I2C3_EV_IRQHandler</a> from startup_stm32f40xx.o(.text) referenced from startup_stm32f40xx.o(RESET)
 <LI><a href="#[3]">MemManage_Handler</a> from qcopterfc_it.o(.text) referenced from startup_stm32f40xx.o(RESET)
 <LI><a href="#[1]">NMI_Handler</a> from qcopterfc_it.o(.text) referenced from startup_stm32f40xx.o(RESET)
 <LI><a href="#[4d]">OTG_FS_IRQHandler</a> from startup_stm32f40xx.o(.text) referenced from startup_stm32f40xx.o(RESET)
 <LI><a href="#[34]">OTG_FS_WKUP_IRQHandler</a> from startup_stm32f40xx.o(.text) referenced from startup_stm32f40xx.o(RESET)
 <LI><a href="#[55]">OTG_HS_EP1_IN_IRQHandler</a> from startup_stm32f40xx.o(.text) referenced from startup_stm32f40xx.o(RESET)
 <LI><a href="#[54]">OTG_HS_EP1_OUT_IRQHandler</a> from startup_stm32f40xx.o(.text) referenced from startup_stm32f40xx.o(RESET)
 <LI><a href="#[57]">OTG_HS_IRQHandler</a> from startup_stm32f40xx.o(.text) referenced from startup_stm32f40xx.o(RESET)
 <LI><a href="#[56]">OTG_HS_WKUP_IRQHandler</a> from startup_stm32f40xx.o(.text) referenced from startup_stm32f40xx.o(RESET)
 <LI><a href="#[b]">PVD_IRQHandler</a> from startup_stm32f40xx.o(.text) referenced from startup_stm32f40xx.o(RESET)
 <LI><a href="#[8]">PendSV_Handler</a> from qcopterfc_it.o(.text) referenced from startup_stm32f40xx.o(RESET)
 <LI><a href="#[f]">RCC_IRQHandler</a> from startup_stm32f40xx.o(.text) referenced from startup_stm32f40xx.o(RESET)
 <LI><a href="#[33]">RTC_Alarm_IRQHandler</a> from startup_stm32f40xx.o(.text) referenced from startup_stm32f40xx.o(RESET)
 <LI><a href="#[d]">RTC_WKUP_IRQHandler</a> from startup_stm32f40xx.o(.text) referenced from startup_stm32f40xx.o(RESET)
 <LI><a href="#[0]">Reset_Handler</a> from startup_stm32f40xx.o(.text) referenced from startup_stm32f40xx.o(RESET)
 <LI><a href="#[3b]">SDIO_IRQHandler</a> from startup_stm32f40xx.o(.text) referenced from startup_stm32f40xx.o(RESET)
 <LI><a href="#[2d]">SPI1_IRQHandler</a> from startup_stm32f40xx.o(.text) referenced from startup_stm32f40xx.o(RESET)
 <LI><a href="#[2e]">SPI2_IRQHandler</a> from startup_stm32f40xx.o(.text) referenced from startup_stm32f40xx.o(RESET)
 <LI><a href="#[3d]">SPI3_IRQHandler</a> from startup_stm32f40xx.o(.text) referenced from startup_stm32f40xx.o(RESET)
 <LI><a href="#[6]">SVC_Handler</a> from qcopterfc_it.o(.text) referenced from startup_stm32f40xx.o(RESET)
 <LI><a href="#[9]">SysTick_Handler</a> from qcopterfc_it.o(.text) referenced from startup_stm32f40xx.o(RESET)
 <LI><a href="#[5d]">SystemInit</a> from system_stm32f4xx.o(.text) referenced from startup_stm32f40xx.o(.text)
 <LI><a href="#[c]">TAMP_STAMP_IRQHandler</a> from startup_stm32f40xx.o(.text) referenced from startup_stm32f40xx.o(RESET)
 <LI><a href="#[22]">TIM1_BRK_TIM9_IRQHandler</a> from startup_stm32f40xx.o(.text) referenced from startup_stm32f40xx.o(RESET)
 <LI><a href="#[25]">TIM1_CC_IRQHandler</a> from startup_stm32f40xx.o(.text) referenced from startup_stm32f40xx.o(RESET)
 <LI><a href="#[24]">TIM1_TRG_COM_TIM11_IRQHandler</a> from startup_stm32f40xx.o(.text) referenced from startup_stm32f40xx.o(RESET)
 <LI><a href="#[23]">TIM1_UP_TIM10_IRQHandler</a> from startup_stm32f40xx.o(.text) referenced from startup_stm32f40xx.o(RESET)
 <LI><a href="#[26]">TIM2_IRQHandler</a> from startup_stm32f40xx.o(.text) referenced from startup_stm32f40xx.o(RESET)
 <LI><a href="#[27]">TIM3_IRQHandler</a> from startup_stm32f40xx.o(.text) referenced from startup_stm32f40xx.o(RESET)
 <LI><a href="#[28]">TIM4_IRQHandler</a> from startup_stm32f40xx.o(.text) referenced from startup_stm32f40xx.o(RESET)
 <LI><a href="#[3c]">TIM5_IRQHandler</a> from startup_stm32f40xx.o(.text) referenced from startup_stm32f40xx.o(RESET)
 <LI><a href="#[40]">TIM6_DAC_IRQHandler</a> from startup_stm32f40xx.o(.text) referenced from startup_stm32f40xx.o(RESET)
 <LI><a href="#[41]">TIM7_IRQHandler</a> from startup_stm32f40xx.o(.text) referenced from startup_stm32f40xx.o(RESET)
 <LI><a href="#[35]">TIM8_BRK_TIM12_IRQHandler</a> from startup_stm32f40xx.o(.text) referenced from startup_stm32f40xx.o(RESET)
 <LI><a href="#[38]">TIM8_CC_IRQHandler</a> from startup_stm32f40xx.o(.text) referenced from startup_stm32f40xx.o(RESET)
 <LI><a href="#[37]">TIM8_TRG_COM_TIM14_IRQHandler</a> from startup_stm32f40xx.o(.text) referenced from startup_stm32f40xx.o(RESET)
 <LI><a href="#[36]">TIM8_UP_TIM13_IRQHandler</a> from startup_stm32f40xx.o(.text) referenced from startup_stm32f40xx.o(RESET)
 <LI><a href="#[3e]">UART4_IRQHandler</a> from startup_stm32f40xx.o(.text) referenced from startup_stm32f40xx.o(RESET)
 <LI><a href="#[3f]">UART5_IRQHandler</a> from startup_stm32f40xx.o(.text) referenced from startup_stm32f40xx.o(RESET)
 <LI><a href="#[2f]">USART1_IRQHandler</a> from startup_stm32f40xx.o(.text) referenced from startup_stm32f40xx.o(RESET)
 <LI><a href="#[30]">USART2_IRQHandler</a> from startup_stm32f40xx.o(.text) referenced from startup_stm32f40xx.o(RESET)
 <LI><a href="#[31]">USART3_IRQHandler</a> from startup_stm32f40xx.o(.text) referenced from startup_stm32f40xx.o(RESET)
 <LI><a href="#[51]">USART6_IRQHandler</a> from startup_stm32f40xx.o(.text) referenced from startup_stm32f40xx.o(RESET)
 <LI><a href="#[5]">UsageFault_Handler</a> from qcopterfc_it.o(.text) referenced from startup_stm32f40xx.o(RESET)
 <LI><a href="#[a]">WWDG_IRQHandler</a> from startup_stm32f40xx.o(.text) referenced from startup_stm32f40xx.o(RESET)
 <LI><a href="#[5e]">__main</a> from entry.o(.ARM.Collect$$$$00000000) referenced from startup_stm32f40xx.o(.text)
 <LI><a href="#[5c]">main</a> from qcopterfc.o(.text) referenced from entry9a.o(.ARM.Collect$$$$0000000B)
</UL>
<P>
<H3>
Global Symbols
</H3>
<P><STRONG><a name="[5e]"></a>__main</STRONG> (Thumb, 0 bytes, Stack size unknown bytes, entry.o(.ARM.Collect$$$$00000000))
<BR>[Address Reference Count : 1]<UL><LI> startup_stm32f40xx.o(.text)
</UL>
<P><STRONG><a name="[e3]"></a>_main_stk</STRONG> (Thumb, 0 bytes, Stack size unknown bytes, entry2.o(.ARM.Collect$$$$00000001))

<P><STRONG><a name="[5f]"></a>_main_scatterload</STRONG> (Thumb, 0 bytes, Stack size unknown bytes, entry5.o(.ARM.Collect$$$$00000004))
<BR><BR>[Calls]<UL><LI><a href="#[60]">&gt;&gt;</a>&nbsp;&nbsp;&nbsp;__scatterload
</UL>

<P><STRONG><a name="[e2]"></a>__main_after_scatterload</STRONG> (Thumb, 0 bytes, Stack size unknown bytes, entry5.o(.ARM.Collect$$$$00000004))
<BR><BR>[Called By]<UL><LI><a href="#[60]">&gt;&gt;</a>&nbsp;&nbsp;&nbsp;__scatterload
</UL>

<P><STRONG><a name="[e4]"></a>_main_clock</STRONG> (Thumb, 0 bytes, Stack size unknown bytes, entry7b.o(.ARM.Collect$$$$00000008))

<P><STRONG><a name="[e5]"></a>_main_cpp_init</STRONG> (Thumb, 0 bytes, Stack size unknown bytes, entry8b.o(.ARM.Collect$$$$0000000A))

<P><STRONG><a name="[e6]"></a>_main_init</STRONG> (Thumb, 0 bytes, Stack size unknown bytes, entry9a.o(.ARM.Collect$$$$0000000B))

<P><STRONG><a name="[e7]"></a>__rt_final_cpp</STRONG> (Thumb, 0 bytes, Stack size unknown bytes, entry10a.o(.ARM.Collect$$$$0000000D))

<P><STRONG><a name="[e8]"></a>__rt_final_exit</STRONG> (Thumb, 0 bytes, Stack size unknown bytes, entry11a.o(.ARM.Collect$$$$0000000F))

<P><STRONG><a name="[0]"></a>Reset_Handler</STRONG> (Thumb, 8 bytes, Stack size 0 bytes, startup_stm32f40xx.o(.text))
<BR>[Address Reference Count : 1]<UL><LI> startup_stm32f40xx.o(RESET)
</UL>
<P><STRONG><a name="[1c]"></a>ADC_IRQHandler</STRONG> (Thumb, 0 bytes, Stack size 0 bytes, startup_stm32f40xx.o(.text))
<BR><BR>[Calls]<UL><LI><a href="#[1c]">&gt;&gt;</a>&nbsp;&nbsp;&nbsp;ADC_IRQHandler
</UL>
<BR>[Called By]<UL><LI><a href="#[1c]">&gt;&gt;</a>&nbsp;&nbsp;&nbsp;ADC_IRQHandler
</UL>
<BR>[Address Reference Count : 1]<UL><LI> startup_stm32f40xx.o(RESET)
</UL>
<P><STRONG><a name="[1e]"></a>CAN1_RX0_IRQHandler</STRONG> (Thumb, 0 bytes, Stack size 0 bytes, startup_stm32f40xx.o(.text))
<BR>[Address Reference Count : 1]<UL><LI> startup_stm32f40xx.o(RESET)
</UL>
<P><STRONG><a name="[1f]"></a>CAN1_RX1_IRQHandler</STRONG> (Thumb, 0 bytes, Stack size 0 bytes, startup_stm32f40xx.o(.text))
<BR>[Address Reference Count : 1]<UL><LI> startup_stm32f40xx.o(RESET)
</UL>
<P><STRONG><a name="[20]"></a>CAN1_SCE_IRQHandler</STRONG> (Thumb, 0 bytes, Stack size 0 bytes, startup_stm32f40xx.o(.text))
<BR>[Address Reference Count : 1]<UL><LI> startup_stm32f40xx.o(RESET)
</UL>
<P><STRONG><a name="[1d]"></a>CAN1_TX_IRQHandler</STRONG> (Thumb, 0 bytes, Stack size 0 bytes, startup_stm32f40xx.o(.text))
<BR>[Address Reference Count : 1]<UL><LI> startup_stm32f40xx.o(RESET)
</UL>
<P><STRONG><a name="[4a]"></a>CAN2_RX0_IRQHandler</STRONG> (Thumb, 0 bytes, Stack size 0 bytes, startup_stm32f40xx.o(.text))
<BR>[Address Reference Count : 1]<UL><LI> startup_stm32f40xx.o(RESET)
</UL>
<P><STRONG><a name="[4b]"></a>CAN2_RX1_IRQHandler</STRONG> (Thumb, 0 bytes, Stack size 0 bytes, startup_stm32f40xx.o(.text))
<BR>[Address Reference Count : 1]<UL><LI> startup_stm32f40xx.o(RESET)
</UL>
<P><STRONG><a name="[4c]"></a>CAN2_SCE_IRQHandler</STRONG> (Thumb, 0 bytes, Stack size 0 bytes, startup_stm32f40xx.o(.text))
<BR>[Address Reference Count : 1]<UL><LI> startup_stm32f40xx.o(RESET)
</UL>
<P><STRONG><a name="[49]"></a>CAN2_TX_IRQHandler</STRONG> (Thumb, 0 bytes, Stack size 0 bytes, startup_stm32f40xx.o(.text))
<BR>[Address Reference Count : 1]<UL><LI> startup_stm32f40xx.o(RESET)
</UL>
<P><STRONG><a name="[59]"></a>CRYP_IRQHandler</STRONG> (Thumb, 0 bytes, Stack size 0 bytes, startup_stm32f40xx.o(.text))
<BR>[Address Reference Count : 1]<UL><LI> startup_stm32f40xx.o(RESET)
</UL>
<P><STRONG><a name="[58]"></a>DCMI_IRQHandler</STRONG> (Thumb, 0 bytes, Stack size 0 bytes, startup_stm32f40xx.o(.text))
<BR>[Address Reference Count : 1]<UL><LI> startup_stm32f40xx.o(RESET)
</UL>
<P><STRONG><a name="[16]"></a>DMA1_Stream1_IRQHandler</STRONG> (Thumb, 0 bytes, Stack size 0 bytes, startup_stm32f40xx.o(.text))
<BR>[Address Reference Count : 1]<UL><LI> startup_stm32f40xx.o(RESET)
</UL>
<P><STRONG><a name="[17]"></a>DMA1_Stream2_IRQHandler</STRONG> (Thumb, 0 bytes, Stack size 0 bytes, startup_stm32f40xx.o(.text))
<BR>[Address Reference Count : 1]<UL><LI> startup_stm32f40xx.o(RESET)
</UL>
<P><STRONG><a name="[18]"></a>DMA1_Stream3_IRQHandler</STRONG> (Thumb, 0 bytes, Stack size 0 bytes, startup_stm32f40xx.o(.text))
<BR>[Address Reference Count : 1]<UL><LI> startup_stm32f40xx.o(RESET)
</UL>
<P><STRONG><a name="[19]"></a>DMA1_Stream4_IRQHandler</STRONG> (Thumb, 0 bytes, Stack size 0 bytes, startup_stm32f40xx.o(.text))
<BR>[Address Reference Count : 1]<UL><LI> startup_stm32f40xx.o(RESET)
</UL>
<P><STRONG><a name="[1a]"></a>DMA1_Stream5_IRQHandler</STRONG> (Thumb, 0 bytes, Stack size 0 bytes, startup_stm32f40xx.o(.text))
<BR>[Address Reference Count : 1]<UL><LI> startup_stm32f40xx.o(RESET)
</UL>
<P><STRONG><a name="[39]"></a>DMA1_Stream7_IRQHandler</STRONG> (Thumb, 0 bytes, Stack size 0 bytes, startup_stm32f40xx.o(.text))
<BR>[Address Reference Count : 1]<UL><LI> startup_stm32f40xx.o(RESET)
</UL>
<P><STRONG><a name="[42]"></a>DMA2_Stream0_IRQHandler</STRONG> (Thumb, 0 bytes, Stack size 0 bytes, startup_stm32f40xx.o(.text))
<BR>[Address Reference Count : 1]<UL><LI> startup_stm32f40xx.o(RESET)
</UL>
<P><STRONG><a name="[43]"></a>DMA2_Stream1_IRQHandler</STRONG> (Thumb, 0 bytes, Stack size 0 bytes, startup_stm32f40xx.o(.text))
<BR>[Address Reference Count : 1]<UL><LI> startup_stm32f40xx.o(RESET)
</UL>
<P><STRONG><a name="[44]"></a>DMA2_Stream2_IRQHandler</STRONG> (Thumb, 0 bytes, Stack size 0 bytes, startup_stm32f40xx.o(.text))
<BR>[Address Reference Count : 1]<UL><LI> startup_stm32f40xx.o(RESET)
</UL>
<P><STRONG><a name="[45]"></a>DMA2_Stream3_IRQHandler</STRONG> (Thumb, 0 bytes, Stack size 0 bytes, startup_stm32f40xx.o(.text))
<BR>[Address Reference Count : 1]<UL><LI> startup_stm32f40xx.o(RESET)
</UL>
<P><STRONG><a name="[46]"></a>DMA2_Stream4_IRQHandler</STRONG> (Thumb, 0 bytes, Stack size 0 bytes, startup_stm32f40xx.o(.text))
<BR>[Address Reference Count : 1]<UL><LI> startup_stm32f40xx.o(RESET)
</UL>
<P><STRONG><a name="[4e]"></a>DMA2_Stream5_IRQHandler</STRONG> (Thumb, 0 bytes, Stack size 0 bytes, startup_stm32f40xx.o(.text))
<BR>[Address Reference Count : 1]<UL><LI> startup_stm32f40xx.o(RESET)
</UL>
<P><STRONG><a name="[4f]"></a>DMA2_Stream6_IRQHandler</STRONG> (Thumb, 0 bytes, Stack size 0 bytes, startup_stm32f40xx.o(.text))
<BR>[Address Reference Count : 1]<UL><LI> startup_stm32f40xx.o(RESET)
</UL>
<P><STRONG><a name="[50]"></a>DMA2_Stream7_IRQHandler</STRONG> (Thumb, 0 bytes, Stack size 0 bytes, startup_stm32f40xx.o(.text))
<BR>[Address Reference Count : 1]<UL><LI> startup_stm32f40xx.o(RESET)
</UL>
<P><STRONG><a name="[47]"></a>ETH_IRQHandler</STRONG> (Thumb, 0 bytes, Stack size 0 bytes, startup_stm32f40xx.o(.text))
<BR>[Address Reference Count : 1]<UL><LI> startup_stm32f40xx.o(RESET)
</UL>
<P><STRONG><a name="[48]"></a>ETH_WKUP_IRQHandler</STRONG> (Thumb, 0 bytes, Stack size 0 bytes, startup_stm32f40xx.o(.text))
<BR>[Address Reference Count : 1]<UL><LI> startup_stm32f40xx.o(RESET)
</UL>
<P><STRONG><a name="[10]"></a>EXTI0_IRQHandler</STRONG> (Thumb, 0 bytes, Stack size 0 bytes, startup_stm32f40xx.o(.text))
<BR>[Address Reference Count : 1]<UL><LI> startup_stm32f40xx.o(RESET)
</UL>
<P><STRONG><a name="[32]"></a>EXTI15_10_IRQHandler</STRONG> (Thumb, 0 bytes, Stack size 0 bytes, startup_stm32f40xx.o(.text))
<BR>[Address Reference Count : 1]<UL><LI> startup_stm32f40xx.o(RESET)
</UL>
<P><STRONG><a name="[11]"></a>EXTI1_IRQHandler</STRONG> (Thumb, 0 bytes, Stack size 0 bytes, startup_stm32f40xx.o(.text))
<BR>[Address Reference Count : 1]<UL><LI> startup_stm32f40xx.o(RESET)
</UL>
<P><STRONG><a name="[12]"></a>EXTI2_IRQHandler</STRONG> (Thumb, 0 bytes, Stack size 0 bytes, startup_stm32f40xx.o(.text))
<BR>[Address Reference Count : 1]<UL><LI> startup_stm32f40xx.o(RESET)
</UL>
<P><STRONG><a name="[13]"></a>EXTI3_IRQHandler</STRONG> (Thumb, 0 bytes, Stack size 0 bytes, startup_stm32f40xx.o(.text))
<BR>[Address Reference Count : 1]<UL><LI> startup_stm32f40xx.o(RESET)
</UL>
<P><STRONG><a name="[14]"></a>EXTI4_IRQHandler</STRONG> (Thumb, 0 bytes, Stack size 0 bytes, startup_stm32f40xx.o(.text))
<BR>[Address Reference Count : 1]<UL><LI> startup_stm32f40xx.o(RESET)
</UL>
<P><STRONG><a name="[21]"></a>EXTI9_5_IRQHandler</STRONG> (Thumb, 0 bytes, Stack size 0 bytes, startup_stm32f40xx.o(.text))
<BR>[Address Reference Count : 1]<UL><LI> startup_stm32f40xx.o(RESET)
</UL>
<P><STRONG><a name="[e]"></a>FLASH_IRQHandler</STRONG> (Thumb, 0 bytes, Stack size 0 bytes, startup_stm32f40xx.o(.text))
<BR>[Address Reference Count : 1]<UL><LI> startup_stm32f40xx.o(RESET)
</UL>
<P><STRONG><a name="[5b]"></a>FPU_IRQHandler</STRONG> (Thumb, 0 bytes, Stack size 0 bytes, startup_stm32f40xx.o(.text))
<BR>[Address Reference Count : 1]<UL><LI> startup_stm32f40xx.o(RESET)
</UL>
<P><STRONG><a name="[3a]"></a>FSMC_IRQHandler</STRONG> (Thumb, 0 bytes, Stack size 0 bytes, startup_stm32f40xx.o(.text))
<BR>[Address Reference Count : 1]<UL><LI> startup_stm32f40xx.o(RESET)
</UL>
<P><STRONG><a name="[5a]"></a>HASH_RNG_IRQHandler</STRONG> (Thumb, 0 bytes, Stack size 0 bytes, startup_stm32f40xx.o(.text))
<BR>[Address Reference Count : 1]<UL><LI> startup_stm32f40xx.o(RESET)
</UL>
<P><STRONG><a name="[2a]"></a>I2C1_ER_IRQHandler</STRONG> (Thumb, 0 bytes, Stack size 0 bytes, startup_stm32f40xx.o(.text))
<BR>[Address Reference Count : 1]<UL><LI> startup_stm32f40xx.o(RESET)
</UL>
<P><STRONG><a name="[29]"></a>I2C1_EV_IRQHandler</STRONG> (Thumb, 0 bytes, Stack size 0 bytes, startup_stm32f40xx.o(.text))
<BR>[Address Reference Count : 1]<UL><LI> startup_stm32f40xx.o(RESET)
</UL>
<P><STRONG><a name="[2c]"></a>I2C2_ER_IRQHandler</STRONG> (Thumb, 0 bytes, Stack size 0 bytes, startup_stm32f40xx.o(.text))
<BR>[Address Reference Count : 1]<UL><LI> startup_stm32f40xx.o(RESET)
</UL>
<P><STRONG><a name="[2b]"></a>I2C2_EV_IRQHandler</STRONG> (Thumb, 0 bytes, Stack size 0 bytes, startup_stm32f40xx.o(.text))
<BR>[Address Reference Count : 1]<UL><LI> startup_stm32f40xx.o(RESET)
</UL>
<P><STRONG><a name="[53]"></a>I2C3_ER_IRQHandler</STRONG> (Thumb, 0 bytes, Stack size 0 bytes, startup_stm32f40xx.o(.text))
<BR>[Address Reference Count : 1]<UL><LI> startup_stm32f40xx.o(RESET)
</UL>
<P><STRONG><a name="[52]"></a>I2C3_EV_IRQHandler</STRONG> (Thumb, 0 bytes, Stack size 0 bytes, startup_stm32f40xx.o(.text))
<BR>[Address Reference Count : 1]<UL><LI> startup_stm32f40xx.o(RESET)
</UL>
<P><STRONG><a name="[4d]"></a>OTG_FS_IRQHandler</STRONG> (Thumb, 0 bytes, Stack size 0 bytes, startup_stm32f40xx.o(.text))
<BR>[Address Reference Count : 1]<UL><LI> startup_stm32f40xx.o(RESET)
</UL>
<P><STRONG><a name="[34]"></a>OTG_FS_WKUP_IRQHandler</STRONG> (Thumb, 0 bytes, Stack size 0 bytes, startup_stm32f40xx.o(.text))
<BR>[Address Reference Count : 1]<UL><LI> startup_stm32f40xx.o(RESET)
</UL>
<P><STRONG><a name="[55]"></a>OTG_HS_EP1_IN_IRQHandler</STRONG> (Thumb, 0 bytes, Stack size 0 bytes, startup_stm32f40xx.o(.text))
<BR>[Address Reference Count : 1]<UL><LI> startup_stm32f40xx.o(RESET)
</UL>
<P><STRONG><a name="[54]"></a>OTG_HS_EP1_OUT_IRQHandler</STRONG> (Thumb, 0 bytes, Stack size 0 bytes, startup_stm32f40xx.o(.text))
<BR>[Address Reference Count : 1]<UL><LI> startup_stm32f40xx.o(RESET)
</UL>
<P><STRONG><a name="[57]"></a>OTG_HS_IRQHandler</STRONG> (Thumb, 0 bytes, Stack size 0 bytes, startup_stm32f40xx.o(.text))
<BR>[Address Reference Count : 1]<UL><LI> startup_stm32f40xx.o(RESET)
</UL>
<P><STRONG><a name="[56]"></a>OTG_HS_WKUP_IRQHandler</STRONG> (Thumb, 0 bytes, Stack size 0 bytes, startup_stm32f40xx.o(.text))
<BR>[Address Reference Count : 1]<UL><LI> startup_stm32f40xx.o(RESET)
</UL>
<P><STRONG><a name="[b]"></a>PVD_IRQHandler</STRONG> (Thumb, 0 bytes, Stack size 0 bytes, startup_stm32f40xx.o(.text))
<BR>[Address Reference Count : 1]<UL><LI> startup_stm32f40xx.o(RESET)
</UL>
<P><STRONG><a name="[f]"></a>RCC_IRQHandler</STRONG> (Thumb, 0 bytes, Stack size 0 bytes, startup_stm32f40xx.o(.text))
<BR>[Address Reference Count : 1]<UL><LI> startup_stm32f40xx.o(RESET)
</UL>
<P><STRONG><a name="[33]"></a>RTC_Alarm_IRQHandler</STRONG> (Thumb, 0 bytes, Stack size 0 bytes, startup_stm32f40xx.o(.text))
<BR>[Address Reference Count : 1]<UL><LI> startup_stm32f40xx.o(RESET)
</UL>
<P><STRONG><a name="[d]"></a>RTC_WKUP_IRQHandler</STRONG> (Thumb, 0 bytes, Stack size 0 bytes, startup_stm32f40xx.o(.text))
<BR>[Address Reference Count : 1]<UL><LI> startup_stm32f40xx.o(RESET)
</UL>
<P><STRONG><a name="[3b]"></a>SDIO_IRQHandler</STRONG> (Thumb, 0 bytes, Stack size 0 bytes, startup_stm32f40xx.o(.text))
<BR>[Address Reference Count : 1]<UL><LI> startup_stm32f40xx.o(RESET)
</UL>
<P><STRONG><a name="[2d]"></a>SPI1_IRQHandler</STRONG> (Thumb, 0 bytes, Stack size 0 bytes, startup_stm32f40xx.o(.text))
<BR>[Address Reference Count : 1]<UL><LI> startup_stm32f40xx.o(RESET)
</UL>
<P><STRONG><a name="[2e]"></a>SPI2_IRQHandler</STRONG> (Thumb, 0 bytes, Stack size 0 bytes, startup_stm32f40xx.o(.text))
<BR>[Address Reference Count : 1]<UL><LI> startup_stm32f40xx.o(RESET)
</UL>
<P><STRONG><a name="[3d]"></a>SPI3_IRQHandler</STRONG> (Thumb, 0 bytes, Stack size 0 bytes, startup_stm32f40xx.o(.text))
<BR>[Address Reference Count : 1]<UL><LI> startup_stm32f40xx.o(RESET)
</UL>
<P><STRONG><a name="[c]"></a>TAMP_STAMP_IRQHandler</STRONG> (Thumb, 0 bytes, Stack size 0 bytes, startup_stm32f40xx.o(.text))
<BR>[Address Reference Count : 1]<UL><LI> startup_stm32f40xx.o(RESET)
</UL>
<P><STRONG><a name="[22]"></a>TIM1_BRK_TIM9_IRQHandler</STRONG> (Thumb, 0 bytes, Stack size 0 bytes, startup_stm32f40xx.o(.text))
<BR>[Address Reference Count : 1]<UL><LI> startup_stm32f40xx.o(RESET)
</UL>
<P><STRONG><a name="[25]"></a>TIM1_CC_IRQHandler</STRONG> (Thumb, 0 bytes, Stack size 0 bytes, startup_stm32f40xx.o(.text))
<BR>[Address Reference Count : 1]<UL><LI> startup_stm32f40xx.o(RESET)
</UL>
<P><STRONG><a name="[24]"></a>TIM1_TRG_COM_TIM11_IRQHandler</STRONG> (Thumb, 0 bytes, Stack size 0 bytes, startup_stm32f40xx.o(.text))
<BR>[Address Reference Count : 1]<UL><LI> startup_stm32f40xx.o(RESET)
</UL>
<P><STRONG><a name="[23]"></a>TIM1_UP_TIM10_IRQHandler</STRONG> (Thumb, 0 bytes, Stack size 0 bytes, startup_stm32f40xx.o(.text))
<BR>[Address Reference Count : 1]<UL><LI> startup_stm32f40xx.o(RESET)
</UL>
<P><STRONG><a name="[26]"></a>TIM2_IRQHandler</STRONG> (Thumb, 0 bytes, Stack size 0 bytes, startup_stm32f40xx.o(.text))
<BR>[Address Reference Count : 1]<UL><LI> startup_stm32f40xx.o(RESET)
</UL>
<P><STRONG><a name="[27]"></a>TIM3_IRQHandler</STRONG> (Thumb, 0 bytes, Stack size 0 bytes, startup_stm32f40xx.o(.text))
<BR>[Address Reference Count : 1]<UL><LI> startup_stm32f40xx.o(RESET)
</UL>
<P><STRONG><a name="[28]"></a>TIM4_IRQHandler</STRONG> (Thumb, 0 bytes, Stack size 0 bytes, startup_stm32f40xx.o(.text))
<BR>[Address Reference Count : 1]<UL><LI> startup_stm32f40xx.o(RESET)
</UL>
<P><STRONG><a name="[3c]"></a>TIM5_IRQHandler</STRONG> (Thumb, 0 bytes, Stack size 0 bytes, startup_stm32f40xx.o(.text))
<BR>[Address Reference Count : 1]<UL><LI> startup_stm32f40xx.o(RESET)
</UL>
<P><STRONG><a name="[40]"></a>TIM6_DAC_IRQHandler</STRONG> (Thumb, 0 bytes, Stack size 0 bytes, startup_stm32f40xx.o(.text))
<BR>[Address Reference Count : 1]<UL><LI> startup_stm32f40xx.o(RESET)
</UL>
<P><STRONG><a name="[41]"></a>TIM7_IRQHandler</STRONG> (Thumb, 0 bytes, Stack size 0 bytes, startup_stm32f40xx.o(.text))
<BR>[Address Reference Count : 1]<UL><LI> startup_stm32f40xx.o(RESET)
</UL>
<P><STRONG><a name="[35]"></a>TIM8_BRK_TIM12_IRQHandler</STRONG> (Thumb, 0 bytes, Stack size 0 bytes, startup_stm32f40xx.o(.text))
<BR>[Address Reference Count : 1]<UL><LI> startup_stm32f40xx.o(RESET)
</UL>
<P><STRONG><a name="[38]"></a>TIM8_CC_IRQHandler</STRONG> (Thumb, 0 bytes, Stack size 0 bytes, startup_stm32f40xx.o(.text))
<BR>[Address Reference Count : 1]<UL><LI> startup_stm32f40xx.o(RESET)
</UL>
<P><STRONG><a name="[37]"></a>TIM8_TRG_COM_TIM14_IRQHandler</STRONG> (Thumb, 0 bytes, Stack size 0 bytes, startup_stm32f40xx.o(.text))
<BR>[Address Reference Count : 1]<UL><LI> startup_stm32f40xx.o(RESET)
</UL>
<P><STRONG><a name="[36]"></a>TIM8_UP_TIM13_IRQHandler</STRONG> (Thumb, 0 bytes, Stack size 0 bytes, startup_stm32f40xx.o(.text))
<BR>[Address Reference Count : 1]<UL><LI> startup_stm32f40xx.o(RESET)
</UL>
<P><STRONG><a name="[3e]"></a>UART4_IRQHandler</STRONG> (Thumb, 0 bytes, Stack size 0 bytes, startup_stm32f40xx.o(.text))
<BR>[Address Reference Count : 1]<UL><LI> startup_stm32f40xx.o(RESET)
</UL>
<P><STRONG><a name="[3f]"></a>UART5_IRQHandler</STRONG> (Thumb, 0 bytes, Stack size 0 bytes, startup_stm32f40xx.o(.text))
<BR>[Address Reference Count : 1]<UL><LI> startup_stm32f40xx.o(RESET)
</UL>
<P><STRONG><a name="[2f]"></a>USART1_IRQHandler</STRONG> (Thumb, 0 bytes, Stack size 0 bytes, startup_stm32f40xx.o(.text))
<BR>[Address Reference Count : 1]<UL><LI> startup_stm32f40xx.o(RESET)
</UL>
<P><STRONG><a name="[30]"></a>USART2_IRQHandler</STRONG> (Thumb, 0 bytes, Stack size 0 bytes, startup_stm32f40xx.o(.text))
<BR>[Address Reference Count : 1]<UL><LI> startup_stm32f40xx.o(RESET)
</UL>
<P><STRONG><a name="[31]"></a>USART3_IRQHandler</STRONG> (Thumb, 0 bytes, Stack size 0 bytes, startup_stm32f40xx.o(.text))
<BR>[Address Reference Count : 1]<UL><LI> startup_stm32f40xx.o(RESET)
</UL>
<P><STRONG><a name="[51]"></a>USART6_IRQHandler</STRONG> (Thumb, 0 bytes, Stack size 0 bytes, startup_stm32f40xx.o(.text))
<BR>[Address Reference Count : 1]<UL><LI> startup_stm32f40xx.o(RESET)
</UL>
<P><STRONG><a name="[a]"></a>WWDG_IRQHandler</STRONG> (Thumb, 0 bytes, Stack size 0 bytes, startup_stm32f40xx.o(.text))
<BR>[Address Reference Count : 1]<UL><LI> startup_stm32f40xx.o(RESET)
</UL>
<P><STRONG><a name="[5d]"></a>SystemInit</STRONG> (Thumb, 88 bytes, Stack size 8 bytes, system_stm32f4xx.o(.text))
<BR><BR>[Stack]<UL><LI>Max Depth = 20<LI>Call Chain = SystemInit &rArr; SetSysClock
</UL>
<BR>[Calls]<UL><LI><a href="#[61]">&gt;&gt;</a>&nbsp;&nbsp;&nbsp;SetSysClock
</UL>
<BR>[Called By]<UL><LI><a href="#[ae]">&gt;&gt;</a>&nbsp;&nbsp;&nbsp;QCopterFC_Init
</UL>
<BR>[Address Reference Count : 1]<UL><LI> startup_stm32f40xx.o(.text)
</UL>
<P><STRONG><a name="[e9]"></a>SystemCoreClockUpdate</STRONG> (Thumb, 174 bytes, Stack size 16 bytes, system_stm32f4xx.o(.text), UNUSED)

<P><STRONG><a name="[ea]"></a>NVIC_PriorityGroupConfig</STRONG> (Thumb, 10 bytes, Stack size 0 bytes, misc.o(.text), UNUSED)

<P><STRONG><a name="[96]"></a>NVIC_Init</STRONG> (Thumb, 108 bytes, Stack size 16 bytes, misc.o(.text))
<BR><BR>[Stack]<UL><LI>Max Depth = 16<LI>Call Chain = NVIC_Init
</UL>
<BR>[Called By]<UL><LI><a href="#[93]">&gt;&gt;</a>&nbsp;&nbsp;&nbsp;I2C_Config
</UL>

<P><STRONG><a name="[eb]"></a>NVIC_SetVectorTable</STRONG> (Thumb, 14 bytes, Stack size 0 bytes, misc.o(.text), UNUSED)

<P><STRONG><a name="[ec]"></a>NVIC_SystemLPConfig</STRONG> (Thumb, 34 bytes, Stack size 0 bytes, misc.o(.text), UNUSED)

<P><STRONG><a name="[ed]"></a>SysTick_CLKSourceConfig</STRONG> (Thumb, 40 bytes, Stack size 0 bytes, misc.o(.text), UNUSED)

<P><STRONG><a name="[ee]"></a>RCC_DeInit</STRONG> (Thumb, 82 bytes, Stack size 0 bytes, stm32f4xx_rcc.o(.text), UNUSED)

<P><STRONG><a name="[ef]"></a>RCC_HSEConfig</STRONG> (Thumb, 14 bytes, Stack size 0 bytes, stm32f4xx_rcc.o(.text), UNUSED)

<P><STRONG><a name="[63]"></a>RCC_GetFlagStatus</STRONG> (Thumb, 60 bytes, Stack size 8 bytes, stm32f4xx_rcc.o(.text), UNUSED)
<BR><BR>[Called By]<UL><LI><a href="#[62]">&gt;&gt;</a>&nbsp;&nbsp;&nbsp;RCC_WaitForHSEStartUp
</UL>

<P><STRONG><a name="[62]"></a>RCC_WaitForHSEStartUp</STRONG> (Thumb, 56 bytes, Stack size 16 bytes, stm32f4xx_rcc.o(.text), UNUSED)
<BR><BR>[Calls]<UL><LI><a href="#[63]">&gt;&gt;</a>&nbsp;&nbsp;&nbsp;RCC_GetFlagStatus
</UL>

<P><STRONG><a name="[f0]"></a>RCC_AdjustHSICalibrationValue</STRONG> (Thumb, 20 bytes, Stack size 0 bytes, stm32f4xx_rcc.o(.text), UNUSED)

<P><STRONG><a name="[f1]"></a>RCC_HSICmd</STRONG> (Thumb, 6 bytes, Stack size 0 bytes, stm32f4xx_rcc.o(.text), UNUSED)

<P><STRONG><a name="[f2]"></a>RCC_LSEConfig</STRONG> (Thumb, 46 bytes, Stack size 0 bytes, stm32f4xx_rcc.o(.text), UNUSED)

<P><STRONG><a name="[f3]"></a>RCC_LSICmd</STRONG> (Thumb, 6 bytes, Stack size 0 bytes, stm32f4xx_rcc.o(.text), UNUSED)

<P><STRONG><a name="[f4]"></a>RCC_PLLConfig</STRONG> (Thumb, 32 bytes, Stack size 16 bytes, stm32f4xx_rcc.o(.text), UNUSED)

<P><STRONG><a name="[f5]"></a>RCC_PLLCmd</STRONG> (Thumb, 6 bytes, Stack size 0 bytes, stm32f4xx_rcc.o(.text), UNUSED)

<P><STRONG><a name="[f6]"></a>RCC_PLLI2SConfig</STRONG> (Thumb, 14 bytes, Stack size 0 bytes, stm32f4xx_rcc.o(.text), UNUSED)

<P><STRONG><a name="[f7]"></a>RCC_PLLI2SCmd</STRONG> (Thumb, 6 bytes, Stack size 0 bytes, stm32f4xx_rcc.o(.text), UNUSED)

<P><STRONG><a name="[f8]"></a>RCC_PLLSAIConfig</STRONG> (Thumb, 20 bytes, Stack size 8 bytes, stm32f4xx_rcc.o(.text), UNUSED)

<P><STRONG><a name="[f9]"></a>RCC_PLLSAICmd</STRONG> (Thumb, 6 bytes, Stack size 0 bytes, stm32f4xx_rcc.o(.text), UNUSED)

<P><STRONG><a name="[fa]"></a>RCC_ClockSecuritySystemCmd</STRONG> (Thumb, 6 bytes, Stack size 0 bytes, stm32f4xx_rcc.o(.text), UNUSED)

<P><STRONG><a name="[fb]"></a>RCC_MCO1Config</STRONG> (Thumb, 28 bytes, Stack size 0 bytes, stm32f4xx_rcc.o(.text), UNUSED)

<P><STRONG><a name="[fc]"></a>RCC_MCO2Config</STRONG> (Thumb, 28 bytes, Stack size 0 bytes, stm32f4xx_rcc.o(.text), UNUSED)

<P><STRONG><a name="[fd]"></a>RCC_SYSCLKConfig</STRONG> (Thumb, 20 bytes, Stack size 0 bytes, stm32f4xx_rcc.o(.text), UNUSED)

<P><STRONG><a name="[fe]"></a>RCC_GetSYSCLKSource</STRONG> (Thumb, 12 bytes, Stack size 0 bytes, stm32f4xx_rcc.o(.text), UNUSED)

<P><STRONG><a name="[ff]"></a>RCC_HCLKConfig</STRONG> (Thumb, 20 bytes, Stack size 0 bytes, stm32f4xx_rcc.o(.text), UNUSED)

<P><STRONG><a name="[100]"></a>RCC_PCLK1Config</STRONG> (Thumb, 20 bytes, Stack size 0 bytes, stm32f4xx_rcc.o(.text), UNUSED)

<P><STRONG><a name="[101]"></a>RCC_PCLK2Config</STRONG> (Thumb, 22 bytes, Stack size 0 bytes, stm32f4xx_rcc.o(.text), UNUSED)

<P><STRONG><a name="[7c]"></a>RCC_GetClocksFreq</STRONG> (Thumb, 222 bytes, Stack size 20 bytes, stm32f4xx_rcc.o(.text))
<BR><BR>[Stack]<UL><LI>Max Depth = 20<LI>Call Chain = RCC_GetClocksFreq
</UL>
<BR>[Called By]<UL><LI><a href="#[7e]">&gt;&gt;</a>&nbsp;&nbsp;&nbsp;I2C_Init
<LI><a href="#[7b]">&gt;&gt;</a>&nbsp;&nbsp;&nbsp;USART_Init
</UL>

<P><STRONG><a name="[102]"></a>RCC_RTCCLKConfig</STRONG> (Thumb, 54 bytes, Stack size 0 bytes, stm32f4xx_rcc.o(.text), UNUSED)

<P><STRONG><a name="[103]"></a>RCC_RTCCLKCmd</STRONG> (Thumb, 8 bytes, Stack size 0 bytes, stm32f4xx_rcc.o(.text), UNUSED)

<P><STRONG><a name="[104]"></a>RCC_BackupResetCmd</STRONG> (Thumb, 8 bytes, Stack size 0 bytes, stm32f4xx_rcc.o(.text), UNUSED)

<P><STRONG><a name="[105]"></a>RCC_I2SCLKConfig</STRONG> (Thumb, 6 bytes, Stack size 0 bytes, stm32f4xx_rcc.o(.text), UNUSED)

<P><STRONG><a name="[106]"></a>RCC_SAIPLLI2SClkDivConfig</STRONG> (Thumb, 26 bytes, Stack size 0 bytes, stm32f4xx_rcc.o(.text), UNUSED)

<P><STRONG><a name="[107]"></a>RCC_SAIPLLSAIClkDivConfig</STRONG> (Thumb, 28 bytes, Stack size 0 bytes, stm32f4xx_rcc.o(.text), UNUSED)

<P><STRONG><a name="[108]"></a>RCC_SAIBlockACLKConfig</STRONG> (Thumb, 20 bytes, Stack size 0 bytes, stm32f4xx_rcc.o(.text), UNUSED)

<P><STRONG><a name="[109]"></a>RCC_SAIBlockBCLKConfig</STRONG> (Thumb, 20 bytes, Stack size 0 bytes, stm32f4xx_rcc.o(.text), UNUSED)

<P><STRONG><a name="[10a]"></a>RCC_LTDCCLKDivConfig</STRONG> (Thumb, 20 bytes, Stack size 0 bytes, stm32f4xx_rcc.o(.text), UNUSED)

<P><STRONG><a name="[10b]"></a>RCC_TIMCLKPresConfig</STRONG> (Thumb, 6 bytes, Stack size 0 bytes, stm32f4xx_rcc.o(.text), UNUSED)

<P><STRONG><a name="[87]"></a>RCC_AHB1PeriphClockCmd</STRONG> (Thumb, 34 bytes, Stack size 0 bytes, stm32f4xx_rcc.o(.text))
<BR><BR>[Called By]<UL><LI><a href="#[93]">&gt;&gt;</a>&nbsp;&nbsp;&nbsp;I2C_Config
<LI><a href="#[86]">&gt;&gt;</a>&nbsp;&nbsp;&nbsp;ADC_Config
<LI><a href="#[b2]">&gt;&gt;</a>&nbsp;&nbsp;&nbsp;Sensor_Config
<LI><a href="#[b1]">&gt;&gt;</a>&nbsp;&nbsp;&nbsp;RS232_Config
<LI><a href="#[af]">&gt;&gt;</a>&nbsp;&nbsp;&nbsp;LED_Config
<LI><a href="#[b0]">&gt;&gt;</a>&nbsp;&nbsp;&nbsp;KEY_Config
<LI><a href="#[b3]">&gt;&gt;</a>&nbsp;&nbsp;&nbsp;BLDC_Config
</UL>

<P><STRONG><a name="[10c]"></a>RCC_AHB2PeriphClockCmd</STRONG> (Thumb, 78 bytes, Stack size 0 bytes, stm32f4xx_rcc.o(.text), UNUSED)

<P><STRONG><a name="[10d]"></a>RCC_AHB3PeriphClockCmd</STRONG> (Thumb, 34 bytes, Stack size 0 bytes, stm32f4xx_rcc.o(.text), UNUSED)

<P><STRONG><a name="[94]"></a>RCC_APB1PeriphClockCmd</STRONG> (Thumb, 34 bytes, Stack size 0 bytes, stm32f4xx_rcc.o(.text))
<BR><BR>[Called By]<UL><LI><a href="#[93]">&gt;&gt;</a>&nbsp;&nbsp;&nbsp;I2C_Config
<LI><a href="#[b1]">&gt;&gt;</a>&nbsp;&nbsp;&nbsp;RS232_Config
<LI><a href="#[b3]">&gt;&gt;</a>&nbsp;&nbsp;&nbsp;BLDC_Config
</UL>

<P><STRONG><a name="[88]"></a>RCC_APB2PeriphClockCmd</STRONG> (Thumb, 34 bytes, Stack size 0 bytes, stm32f4xx_rcc.o(.text))
<BR><BR>[Called By]<UL><LI><a href="#[86]">&gt;&gt;</a>&nbsp;&nbsp;&nbsp;ADC_Config
</UL>

<P><STRONG><a name="[78]"></a>RCC_AHB1PeriphResetCmd</STRONG> (Thumb, 34 bytes, Stack size 0 bytes, stm32f4xx_rcc.o(.text), UNUSED)
<BR><BR>[Called By]<UL><LI><a href="#[77]">&gt;&gt;</a>&nbsp;&nbsp;&nbsp;GPIO_DeInit
</UL>

<P><STRONG><a name="[10e]"></a>RCC_AHB2PeriphResetCmd</STRONG> (Thumb, 34 bytes, Stack size 0 bytes, stm32f4xx_rcc.o(.text), UNUSED)

<P><STRONG><a name="[10f]"></a>RCC_AHB3PeriphResetCmd</STRONG> (Thumb, 34 bytes, Stack size 0 bytes, stm32f4xx_rcc.o(.text), UNUSED)

<P><STRONG><a name="[66]"></a>RCC_APB1PeriphResetCmd</STRONG> (Thumb, 34 bytes, Stack size 0 bytes, stm32f4xx_rcc.o(.text))
<BR><BR>[Called By]<UL><LI><a href="#[7d]">&gt;&gt;</a>&nbsp;&nbsp;&nbsp;I2C_DeInit
<LI><a href="#[7a]">&gt;&gt;</a>&nbsp;&nbsp;&nbsp;USART_DeInit
<LI><a href="#[64]">&gt;&gt;</a>&nbsp;&nbsp;&nbsp;TIM_DeInit
</UL>

<P><STRONG><a name="[65]"></a>RCC_APB2PeriphResetCmd</STRONG> (Thumb, 34 bytes, Stack size 0 bytes, stm32f4xx_rcc.o(.text))
<BR><BR>[Called By]<UL><LI><a href="#[7a]">&gt;&gt;</a>&nbsp;&nbsp;&nbsp;USART_DeInit
<LI><a href="#[79]">&gt;&gt;</a>&nbsp;&nbsp;&nbsp;ADC_DeInit
<LI><a href="#[64]">&gt;&gt;</a>&nbsp;&nbsp;&nbsp;TIM_DeInit
</UL>

<P><STRONG><a name="[110]"></a>RCC_AHB1PeriphClockLPModeCmd</STRONG> (Thumb, 34 bytes, Stack size 0 bytes, stm32f4xx_rcc.o(.text), UNUSED)

<P><STRONG><a name="[111]"></a>RCC_AHB2PeriphClockLPModeCmd</STRONG> (Thumb, 34 bytes, Stack size 0 bytes, stm32f4xx_rcc.o(.text), UNUSED)

<P><STRONG><a name="[112]"></a>RCC_AHB3PeriphClockLPModeCmd</STRONG> (Thumb, 34 bytes, Stack size 0 bytes, stm32f4xx_rcc.o(.text), UNUSED)

<P><STRONG><a name="[113]"></a>RCC_APB1PeriphClockLPModeCmd</STRONG> (Thumb, 34 bytes, Stack size 0 bytes, stm32f4xx_rcc.o(.text), UNUSED)

<P><STRONG><a name="[114]"></a>RCC_APB2PeriphClockLPModeCmd</STRONG> (Thumb, 34 bytes, Stack size 0 bytes, stm32f4xx_rcc.o(.text), UNUSED)

<P><STRONG><a name="[115]"></a>RCC_ITConfig</STRONG> (Thumb, 34 bytes, Stack size 0 bytes, stm32f4xx_rcc.o(.text), UNUSED)

<P><STRONG><a name="[116]"></a>RCC_ClearFlag</STRONG> (Thumb, 18 bytes, Stack size 0 bytes, stm32f4xx_rcc.o(.text), UNUSED)

<P><STRONG><a name="[117]"></a>RCC_GetITStatus</STRONG> (Thumb, 22 bytes, Stack size 0 bytes, stm32f4xx_rcc.o(.text), UNUSED)

<P><STRONG><a name="[118]"></a>RCC_ClearITPendingBit</STRONG> (Thumb, 8 bytes, Stack size 0 bytes, stm32f4xx_rcc.o(.text), UNUSED)

<P><STRONG><a name="[98]"></a>DMA_DeInit</STRONG> (Thumb, 324 bytes, Stack size 0 bytes, stm32f4xx_dma.o(.text))
<BR><BR>[Called By]<UL><LI><a href="#[93]">&gt;&gt;</a>&nbsp;&nbsp;&nbsp;I2C_Config
</UL>

<P><STRONG><a name="[8a]"></a>DMA_Init</STRONG> (Thumb, 82 bytes, Stack size 8 bytes, stm32f4xx_dma.o(.text))
<BR><BR>[Stack]<UL><LI>Max Depth = 8<LI>Call Chain = DMA_Init
</UL>
<BR>[Called By]<UL><LI><a href="#[aa]">&gt;&gt;</a>&nbsp;&nbsp;&nbsp;I2C_DMA_WriteReg
<LI><a href="#[a7]">&gt;&gt;</a>&nbsp;&nbsp;&nbsp;I2C_DMA_ReadReg
<LI><a href="#[a3]">&gt;&gt;</a>&nbsp;&nbsp;&nbsp;I2C_WriteByte
<LI><a href="#[9e]">&gt;&gt;</a>&nbsp;&nbsp;&nbsp;I2C_ReadByte
<LI><a href="#[93]">&gt;&gt;</a>&nbsp;&nbsp;&nbsp;I2C_Config
<LI><a href="#[86]">&gt;&gt;</a>&nbsp;&nbsp;&nbsp;ADC_Config
</UL>

<P><STRONG><a name="[119]"></a>DMA_StructInit</STRONG> (Thumb, 34 bytes, Stack size 0 bytes, stm32f4xx_dma.o(.text), UNUSED)

<P><STRONG><a name="[8b]"></a>DMA_Cmd</STRONG> (Thumb, 22 bytes, Stack size 0 bytes, stm32f4xx_dma.o(.text))
<BR><BR>[Called By]<UL><LI><a href="#[ad]">&gt;&gt;</a>&nbsp;&nbsp;&nbsp;I2C_RX_DMA_IRQ
<LI><a href="#[ab]">&gt;&gt;</a>&nbsp;&nbsp;&nbsp;I2C_TX_DMA_IRQ
<LI><a href="#[aa]">&gt;&gt;</a>&nbsp;&nbsp;&nbsp;I2C_DMA_WriteReg
<LI><a href="#[a7]">&gt;&gt;</a>&nbsp;&nbsp;&nbsp;I2C_DMA_ReadReg
<LI><a href="#[a3]">&gt;&gt;</a>&nbsp;&nbsp;&nbsp;I2C_WriteByte
<LI><a href="#[9e]">&gt;&gt;</a>&nbsp;&nbsp;&nbsp;I2C_ReadByte
<LI><a href="#[93]">&gt;&gt;</a>&nbsp;&nbsp;&nbsp;I2C_Config
<LI><a href="#[86]">&gt;&gt;</a>&nbsp;&nbsp;&nbsp;ADC_Config
</UL>

<P><STRONG><a name="[11a]"></a>DMA_PeriphIncOffsetSizeConfig</STRONG> (Thumb, 22 bytes, Stack size 0 bytes, stm32f4xx_dma.o(.text), UNUSED)

<P><STRONG><a name="[11b]"></a>DMA_FlowControllerConfig</STRONG> (Thumb, 22 bytes, Stack size 0 bytes, stm32f4xx_dma.o(.text), UNUSED)

<P><STRONG><a name="[11c]"></a>DMA_SetCurrDataCounter</STRONG> (Thumb, 4 bytes, Stack size 0 bytes, stm32f4xx_dma.o(.text), UNUSED)

<P><STRONG><a name="[11d]"></a>DMA_GetCurrDataCounter</STRONG> (Thumb, 8 bytes, Stack size 0 bytes, stm32f4xx_dma.o(.text), UNUSED)

<P><STRONG><a name="[11e]"></a>DMA_DoubleBufferModeConfig</STRONG> (Thumb, 24 bytes, Stack size 0 bytes, stm32f4xx_dma.o(.text), UNUSED)

<P><STRONG><a name="[11f]"></a>DMA_DoubleBufferModeCmd</STRONG> (Thumb, 22 bytes, Stack size 0 bytes, stm32f4xx_dma.o(.text), UNUSED)

<P><STRONG><a name="[120]"></a>DMA_MemoryTargetConfig</STRONG> (Thumb, 10 bytes, Stack size 0 bytes, stm32f4xx_dma.o(.text), UNUSED)

<P><STRONG><a name="[121]"></a>DMA_GetCurrentMemoryTarget</STRONG> (Thumb, 20 bytes, Stack size 0 bytes, stm32f4xx_dma.o(.text), UNUSED)

<P><STRONG><a name="[122]"></a>DMA_GetCmdStatus</STRONG> (Thumb, 20 bytes, Stack size 0 bytes, stm32f4xx_dma.o(.text), UNUSED)

<P><STRONG><a name="[123]"></a>DMA_GetFIFOStatus</STRONG> (Thumb, 12 bytes, Stack size 0 bytes, stm32f4xx_dma.o(.text), UNUSED)

<P><STRONG><a name="[ac]"></a>DMA_GetFlagStatus</STRONG> (Thumb, 54 bytes, Stack size 12 bytes, stm32f4xx_dma.o(.text))
<BR><BR>[Stack]<UL><LI>Max Depth = 12<LI>Call Chain = DMA_GetFlagStatus
</UL>
<BR>[Called By]<UL><LI><a href="#[ad]">&gt;&gt;</a>&nbsp;&nbsp;&nbsp;I2C_RX_DMA_IRQ
<LI><a href="#[ab]">&gt;&gt;</a>&nbsp;&nbsp;&nbsp;I2C_TX_DMA_IRQ
</UL>

<P><STRONG><a name="[97]"></a>DMA_ClearFlag</STRONG> (Thumb, 40 bytes, Stack size 0 bytes, stm32f4xx_dma.o(.text))
<BR><BR>[Called By]<UL><LI><a href="#[ad]">&gt;&gt;</a>&nbsp;&nbsp;&nbsp;I2C_RX_DMA_IRQ
<LI><a href="#[ab]">&gt;&gt;</a>&nbsp;&nbsp;&nbsp;I2C_TX_DMA_IRQ
<LI><a href="#[93]">&gt;&gt;</a>&nbsp;&nbsp;&nbsp;I2C_Config
</UL>

<P><STRONG><a name="[99]"></a>DMA_ITConfig</STRONG> (Thumb, 58 bytes, Stack size 8 bytes, stm32f4xx_dma.o(.text))
<BR><BR>[Stack]<UL><LI>Max Depth = 8<LI>Call Chain = DMA_ITConfig
</UL>
<BR>[Called By]<UL><LI><a href="#[93]">&gt;&gt;</a>&nbsp;&nbsp;&nbsp;I2C_Config
</UL>

<P><STRONG><a name="[124]"></a>DMA_GetITStatus</STRONG> (Thumb, 82 bytes, Stack size 16 bytes, stm32f4xx_dma.o(.text), UNUSED)

<P><STRONG><a name="[125]"></a>DMA_ClearITPendingBit</STRONG> (Thumb, 40 bytes, Stack size 0 bytes, stm32f4xx_dma.o(.text), UNUSED)

<P><STRONG><a name="[64]"></a>TIM_DeInit</STRONG> (Thumb, 346 bytes, Stack size 8 bytes, stm32f4xx_tim.o(.text))
<BR><BR>[Stack]<UL><LI>Max Depth = 8<LI>Call Chain = TIM_DeInit
</UL>
<BR>[Calls]<UL><LI><a href="#[65]">&gt;&gt;</a>&nbsp;&nbsp;&nbsp;RCC_APB2PeriphResetCmd
<LI><a href="#[66]">&gt;&gt;</a>&nbsp;&nbsp;&nbsp;RCC_APB1PeriphResetCmd
</UL>
<BR>[Called By]<UL><LI><a href="#[b3]">&gt;&gt;</a>&nbsp;&nbsp;&nbsp;BLDC_Config
</UL>

<P><STRONG><a name="[c2]"></a>TIM_TimeBaseInit</STRONG> (Thumb, 104 bytes, Stack size 0 bytes, stm32f4xx_tim.o(.text))
<BR><BR>[Called By]<UL><LI><a href="#[b3]">&gt;&gt;</a>&nbsp;&nbsp;&nbsp;BLDC_Config
</UL>

<P><STRONG><a name="[126]"></a>TIM_TimeBaseStructInit</STRONG> (Thumb, 18 bytes, Stack size 0 bytes, stm32f4xx_tim.o(.text), UNUSED)

<P><STRONG><a name="[127]"></a>TIM_PrescalerConfig</STRONG> (Thumb, 6 bytes, Stack size 0 bytes, stm32f4xx_tim.o(.text), UNUSED)

<P><STRONG><a name="[128]"></a>TIM_CounterModeConfig</STRONG> (Thumb, 18 bytes, Stack size 0 bytes, stm32f4xx_tim.o(.text), UNUSED)

<P><STRONG><a name="[129]"></a>TIM_SetCounter</STRONG> (Thumb, 4 bytes, Stack size 0 bytes, stm32f4xx_tim.o(.text), UNUSED)

<P><STRONG><a name="[12a]"></a>TIM_SetAutoreload</STRONG> (Thumb, 4 bytes, Stack size 0 bytes, stm32f4xx_tim.o(.text), UNUSED)

<P><STRONG><a name="[12b]"></a>TIM_GetCounter</STRONG> (Thumb, 6 bytes, Stack size 0 bytes, stm32f4xx_tim.o(.text), UNUSED)

<P><STRONG><a name="[12c]"></a>TIM_GetPrescaler</STRONG> (Thumb, 6 bytes, Stack size 0 bytes, stm32f4xx_tim.o(.text), UNUSED)

<P><STRONG><a name="[12d]"></a>TIM_UpdateDisableConfig</STRONG> (Thumb, 24 bytes, Stack size 0 bytes, stm32f4xx_tim.o(.text), UNUSED)

<P><STRONG><a name="[12e]"></a>TIM_UpdateRequestConfig</STRONG> (Thumb, 24 bytes, Stack size 0 bytes, stm32f4xx_tim.o(.text), UNUSED)

<P><STRONG><a name="[cb]"></a>TIM_ARRPreloadConfig</STRONG> (Thumb, 24 bytes, Stack size 0 bytes, stm32f4xx_tim.o(.text))
<BR><BR>[Called By]<UL><LI><a href="#[b3]">&gt;&gt;</a>&nbsp;&nbsp;&nbsp;BLDC_Config
</UL>

<P><STRONG><a name="[12f]"></a>TIM_SelectOnePulseMode</STRONG> (Thumb, 18 bytes, Stack size 0 bytes, stm32f4xx_tim.o(.text), UNUSED)

<P><STRONG><a name="[130]"></a>TIM_SetClockDivision</STRONG> (Thumb, 18 bytes, Stack size 0 bytes, stm32f4xx_tim.o(.text), UNUSED)

<P><STRONG><a name="[cc]"></a>TIM_Cmd</STRONG> (Thumb, 24 bytes, Stack size 0 bytes, stm32f4xx_tim.o(.text))
<BR><BR>[Called By]<UL><LI><a href="#[b3]">&gt;&gt;</a>&nbsp;&nbsp;&nbsp;BLDC_Config
</UL>

<P><STRONG><a name="[c3]"></a>TIM_OC1Init</STRONG> (Thumb, 114 bytes, Stack size 16 bytes, stm32f4xx_tim.o(.text))
<BR><BR>[Stack]<UL><LI>Max Depth = 16<LI>Call Chain = TIM_OC1Init
</UL>
<BR>[Called By]<UL><LI><a href="#[b3]">&gt;&gt;</a>&nbsp;&nbsp;&nbsp;BLDC_Config
</UL>

<P><STRONG><a name="[c4]"></a>TIM_OC2Init</STRONG> (Thumb, 154 bytes, Stack size 16 bytes, stm32f4xx_tim.o(.text))
<BR><BR>[Stack]<UL><LI>Max Depth = 16<LI>Call Chain = TIM_OC2Init
</UL>
<BR>[Called By]<UL><LI><a href="#[b3]">&gt;&gt;</a>&nbsp;&nbsp;&nbsp;BLDC_Config
</UL>

<P><STRONG><a name="[c5]"></a>TIM_OC3Init</STRONG> (Thumb, 204 bytes, Stack size 16 bytes, stm32f4xx_tim.o(.text))
<BR><BR>[Stack]<UL><LI>Max Depth = 16<LI>Call Chain = TIM_OC3Init
</UL>
<BR>[Called By]<UL><LI><a href="#[b3]">&gt;&gt;</a>&nbsp;&nbsp;&nbsp;BLDC_Config
</UL>

<P><STRONG><a name="[c6]"></a>TIM_OC4Init</STRONG> (Thumb, 112 bytes, Stack size 16 bytes, stm32f4xx_tim.o(.text))
<BR><BR>[Stack]<UL><LI>Max Depth = 16<LI>Call Chain = TIM_OC4Init
</UL>
<BR>[Called By]<UL><LI><a href="#[b3]">&gt;&gt;</a>&nbsp;&nbsp;&nbsp;BLDC_Config
</UL>

<P><STRONG><a name="[131]"></a>TIM_OCStructInit</STRONG> (Thumb, 20 bytes, Stack size 0 bytes, stm32f4xx_tim.o(.text), UNUSED)

<P><STRONG><a name="[132]"></a>TIM_SelectOCxM</STRONG> (Thumb, 86 bytes, Stack size 16 bytes, stm32f4xx_tim.o(.text), UNUSED)

<P><STRONG><a name="[133]"></a>TIM_SetCompare1</STRONG> (Thumb, 4 bytes, Stack size 0 bytes, stm32f4xx_tim.o(.text), UNUSED)

<P><STRONG><a name="[134]"></a>TIM_SetCompare2</STRONG> (Thumb, 4 bytes, Stack size 0 bytes, stm32f4xx_tim.o(.text), UNUSED)

<P><STRONG><a name="[135]"></a>TIM_SetCompare3</STRONG> (Thumb, 4 bytes, Stack size 0 bytes, stm32f4xx_tim.o(.text), UNUSED)

<P><STRONG><a name="[136]"></a>TIM_SetCompare4</STRONG> (Thumb, 4 bytes, Stack size 0 bytes, stm32f4xx_tim.o(.text), UNUSED)

<P><STRONG><a name="[137]"></a>TIM_ForcedOC1Config</STRONG> (Thumb, 18 bytes, Stack size 0 bytes, stm32f4xx_tim.o(.text), UNUSED)

<P><STRONG><a name="[138]"></a>TIM_ForcedOC2Config</STRONG> (Thumb, 26 bytes, Stack size 0 bytes, stm32f4xx_tim.o(.text), UNUSED)

<P><STRONG><a name="[139]"></a>TIM_ForcedOC3Config</STRONG> (Thumb, 18 bytes, Stack size 0 bytes, stm32f4xx_tim.o(.text), UNUSED)

<P><STRONG><a name="[13a]"></a>TIM_ForcedOC4Config</STRONG> (Thumb, 26 bytes, Stack size 0 bytes, stm32f4xx_tim.o(.text), UNUSED)

<P><STRONG><a name="[c7]"></a>TIM_OC1PreloadConfig</STRONG> (Thumb, 18 bytes, Stack size 0 bytes, stm32f4xx_tim.o(.text))
<BR><BR>[Called By]<UL><LI><a href="#[b3]">&gt;&gt;</a>&nbsp;&nbsp;&nbsp;BLDC_Config
</UL>

<P><STRONG><a name="[c8]"></a>TIM_OC2PreloadConfig</STRONG> (Thumb, 26 bytes, Stack size 0 bytes, stm32f4xx_tim.o(.text))
<BR><BR>[Called By]<UL><LI><a href="#[b3]">&gt;&gt;</a>&nbsp;&nbsp;&nbsp;BLDC_Config
</UL>

<P><STRONG><a name="[c9]"></a>TIM_OC3PreloadConfig</STRONG> (Thumb, 18 bytes, Stack size 0 bytes, stm32f4xx_tim.o(.text))
<BR><BR>[Called By]<UL><LI><a href="#[b3]">&gt;&gt;</a>&nbsp;&nbsp;&nbsp;BLDC_Config
</UL>

<P><STRONG><a name="[ca]"></a>TIM_OC4PreloadConfig</STRONG> (Thumb, 26 bytes, Stack size 0 bytes, stm32f4xx_tim.o(.text))
<BR><BR>[Called By]<UL><LI><a href="#[b3]">&gt;&gt;</a>&nbsp;&nbsp;&nbsp;BLDC_Config
</UL>

<P><STRONG><a name="[13b]"></a>TIM_OC1FastConfig</STRONG> (Thumb, 18 bytes, Stack size 0 bytes, stm32f4xx_tim.o(.text), UNUSED)

<P><STRONG><a name="[13c]"></a>TIM_OC2FastConfig</STRONG> (Thumb, 26 bytes, Stack size 0 bytes, stm32f4xx_tim.o(.text), UNUSED)

<P><STRONG><a name="[13d]"></a>TIM_OC3FastConfig</STRONG> (Thumb, 18 bytes, Stack size 0 bytes, stm32f4xx_tim.o(.text), UNUSED)

<P><STRONG><a name="[13e]"></a>TIM_OC4FastConfig</STRONG> (Thumb, 26 bytes, Stack size 0 bytes, stm32f4xx_tim.o(.text), UNUSED)

<P><STRONG><a name="[13f]"></a>TIM_ClearOC1Ref</STRONG> (Thumb, 18 bytes, Stack size 0 bytes, stm32f4xx_tim.o(.text), UNUSED)

<P><STRONG><a name="[140]"></a>TIM_ClearOC2Ref</STRONG> (Thumb, 24 bytes, Stack size 0 bytes, stm32f4xx_tim.o(.text), UNUSED)

<P><STRONG><a name="[141]"></a>TIM_ClearOC3Ref</STRONG> (Thumb, 18 bytes, Stack size 0 bytes, stm32f4xx_tim.o(.text), UNUSED)

<P><STRONG><a name="[142]"></a>TIM_ClearOC4Ref</STRONG> (Thumb, 24 bytes, Stack size 0 bytes, stm32f4xx_tim.o(.text), UNUSED)

<P><STRONG><a name="[143]"></a>TIM_OC1PolarityConfig</STRONG> (Thumb, 18 bytes, Stack size 0 bytes, stm32f4xx_tim.o(.text), UNUSED)

<P><STRONG><a name="[144]"></a>TIM_OC1NPolarityConfig</STRONG> (Thumb, 18 bytes, Stack size 0 bytes, stm32f4xx_tim.o(.text), UNUSED)

<P><STRONG><a name="[145]"></a>TIM_OC2PolarityConfig</STRONG> (Thumb, 26 bytes, Stack size 0 bytes, stm32f4xx_tim.o(.text), UNUSED)

<P><STRONG><a name="[146]"></a>TIM_OC2NPolarityConfig</STRONG> (Thumb, 26 bytes, Stack size 0 bytes, stm32f4xx_tim.o(.text), UNUSED)

<P><STRONG><a name="[147]"></a>TIM_OC3PolarityConfig</STRONG> (Thumb, 26 bytes, Stack size 0 bytes, stm32f4xx_tim.o(.text), UNUSED)

<P><STRONG><a name="[148]"></a>TIM_OC3NPolarityConfig</STRONG> (Thumb, 26 bytes, Stack size 0 bytes, stm32f4xx_tim.o(.text), UNUSED)

<P><STRONG><a name="[149]"></a>TIM_OC4PolarityConfig</STRONG> (Thumb, 26 bytes, Stack size 0 bytes, stm32f4xx_tim.o(.text), UNUSED)

<P><STRONG><a name="[14a]"></a>TIM_CCxCmd</STRONG> (Thumb, 30 bytes, Stack size 12 bytes, stm32f4xx_tim.o(.text), UNUSED)

<P><STRONG><a name="[14b]"></a>TIM_CCxNCmd</STRONG> (Thumb, 30 bytes, Stack size 12 bytes, stm32f4xx_tim.o(.text), UNUSED)

<P><STRONG><a name="[6f]"></a>TIM_SetIC4Prescaler</STRONG> (Thumb, 26 bytes, Stack size 0 bytes, stm32f4xx_tim.o(.text), UNUSED)
<BR><BR>[Called By]<UL><LI><a href="#[67]">&gt;&gt;</a>&nbsp;&nbsp;&nbsp;TIM_ICInit
</UL>

<P><STRONG><a name="[6d]"></a>TIM_SetIC3Prescaler</STRONG> (Thumb, 18 bytes, Stack size 0 bytes, stm32f4xx_tim.o(.text), UNUSED)
<BR><BR>[Called By]<UL><LI><a href="#[67]">&gt;&gt;</a>&nbsp;&nbsp;&nbsp;TIM_ICInit
</UL>

<P><STRONG><a name="[6b]"></a>TIM_SetIC2Prescaler</STRONG> (Thumb, 26 bytes, Stack size 0 bytes, stm32f4xx_tim.o(.text), UNUSED)
<BR><BR>[Called By]<UL><LI><a href="#[70]">&gt;&gt;</a>&nbsp;&nbsp;&nbsp;TIM_PWMIConfig
<LI><a href="#[67]">&gt;&gt;</a>&nbsp;&nbsp;&nbsp;TIM_ICInit
</UL>

<P><STRONG><a name="[69]"></a>TIM_SetIC1Prescaler</STRONG> (Thumb, 18 bytes, Stack size 0 bytes, stm32f4xx_tim.o(.text), UNUSED)
<BR><BR>[Called By]<UL><LI><a href="#[70]">&gt;&gt;</a>&nbsp;&nbsp;&nbsp;TIM_PWMIConfig
<LI><a href="#[67]">&gt;&gt;</a>&nbsp;&nbsp;&nbsp;TIM_ICInit
</UL>

<P><STRONG><a name="[67]"></a>TIM_ICInit</STRONG> (Thumb, 110 bytes, Stack size 16 bytes, stm32f4xx_tim.o(.text), UNUSED)
<BR><BR>[Calls]<UL><LI><a href="#[69]">&gt;&gt;</a>&nbsp;&nbsp;&nbsp;TIM_SetIC1Prescaler
<LI><a href="#[6b]">&gt;&gt;</a>&nbsp;&nbsp;&nbsp;TIM_SetIC2Prescaler
<LI><a href="#[6d]">&gt;&gt;</a>&nbsp;&nbsp;&nbsp;TIM_SetIC3Prescaler
<LI><a href="#[6f]">&gt;&gt;</a>&nbsp;&nbsp;&nbsp;TIM_SetIC4Prescaler
<LI><a href="#[68]">&gt;&gt;</a>&nbsp;&nbsp;&nbsp;TI1_Config
<LI><a href="#[6a]">&gt;&gt;</a>&nbsp;&nbsp;&nbsp;TI2_Config
<LI><a href="#[6c]">&gt;&gt;</a>&nbsp;&nbsp;&nbsp;TI3_Config
<LI><a href="#[6e]">&gt;&gt;</a>&nbsp;&nbsp;&nbsp;TI4_Config
</UL>

<P><STRONG><a name="[14c]"></a>TIM_ICStructInit</STRONG> (Thumb, 18 bytes, Stack size 0 bytes, stm32f4xx_tim.o(.text), UNUSED)

<P><STRONG><a name="[70]"></a>TIM_PWMIConfig</STRONG> (Thumb, 124 bytes, Stack size 24 bytes, stm32f4xx_tim.o(.text), UNUSED)
<BR><BR>[Calls]<UL><LI><a href="#[69]">&gt;&gt;</a>&nbsp;&nbsp;&nbsp;TIM_SetIC1Prescaler
<LI><a href="#[6b]">&gt;&gt;</a>&nbsp;&nbsp;&nbsp;TIM_SetIC2Prescaler
<LI><a href="#[68]">&gt;&gt;</a>&nbsp;&nbsp;&nbsp;TI1_Config
<LI><a href="#[6a]">&gt;&gt;</a>&nbsp;&nbsp;&nbsp;TI2_Config
</UL>

<P><STRONG><a name="[14d]"></a>TIM_GetCapture1</STRONG> (Thumb, 6 bytes, Stack size 0 bytes, stm32f4xx_tim.o(.text), UNUSED)

<P><STRONG><a name="[14e]"></a>TIM_GetCapture2</STRONG> (Thumb, 6 bytes, Stack size 0 bytes, stm32f4xx_tim.o(.text), UNUSED)

<P><STRONG><a name="[14f]"></a>TIM_GetCapture3</STRONG> (Thumb, 6 bytes, Stack size 0 bytes, stm32f4xx_tim.o(.text), UNUSED)

<P><STRONG><a name="[150]"></a>TIM_GetCapture4</STRONG> (Thumb, 6 bytes, Stack size 0 bytes, stm32f4xx_tim.o(.text), UNUSED)

<P><STRONG><a name="[151]"></a>TIM_BDTRConfig</STRONG> (Thumb, 32 bytes, Stack size 0 bytes, stm32f4xx_tim.o(.text), UNUSED)

<P><STRONG><a name="[152]"></a>TIM_BDTRStructInit</STRONG> (Thumb, 18 bytes, Stack size 0 bytes, stm32f4xx_tim.o(.text), UNUSED)

<P><STRONG><a name="[153]"></a>TIM_CtrlPWMOutputs</STRONG> (Thumb, 30 bytes, Stack size 0 bytes, stm32f4xx_tim.o(.text), UNUSED)

<P><STRONG><a name="[154]"></a>TIM_SelectCOM</STRONG> (Thumb, 24 bytes, Stack size 0 bytes, stm32f4xx_tim.o(.text), UNUSED)

<P><STRONG><a name="[155]"></a>TIM_CCPreloadControl</STRONG> (Thumb, 24 bytes, Stack size 0 bytes, stm32f4xx_tim.o(.text), UNUSED)

<P><STRONG><a name="[156]"></a>TIM_ITConfig</STRONG> (Thumb, 18 bytes, Stack size 0 bytes, stm32f4xx_tim.o(.text), UNUSED)

<P><STRONG><a name="[157]"></a>TIM_GenerateEvent</STRONG> (Thumb, 4 bytes, Stack size 0 bytes, stm32f4xx_tim.o(.text), UNUSED)

<P><STRONG><a name="[158]"></a>TIM_GetFlagStatus</STRONG> (Thumb, 18 bytes, Stack size 0 bytes, stm32f4xx_tim.o(.text), UNUSED)

<P><STRONG><a name="[159]"></a>TIM_ClearFlag</STRONG> (Thumb, 6 bytes, Stack size 0 bytes, stm32f4xx_tim.o(.text), UNUSED)

<P><STRONG><a name="[15a]"></a>TIM_GetITStatus</STRONG> (Thumb, 34 bytes, Stack size 12 bytes, stm32f4xx_tim.o(.text), UNUSED)

<P><STRONG><a name="[15b]"></a>TIM_ClearITPendingBit</STRONG> (Thumb, 6 bytes, Stack size 0 bytes, stm32f4xx_tim.o(.text), UNUSED)

<P><STRONG><a name="[15c]"></a>TIM_DMAConfig</STRONG> (Thumb, 10 bytes, Stack size 0 bytes, stm32f4xx_tim.o(.text), UNUSED)

<P><STRONG><a name="[15d]"></a>TIM_DMACmd</STRONG> (Thumb, 18 bytes, Stack size 0 bytes, stm32f4xx_tim.o(.text), UNUSED)

<P><STRONG><a name="[15e]"></a>TIM_SelectCCDMA</STRONG> (Thumb, 24 bytes, Stack size 0 bytes, stm32f4xx_tim.o(.text), UNUSED)

<P><STRONG><a name="[15f]"></a>TIM_InternalClockConfig</STRONG> (Thumb, 12 bytes, Stack size 0 bytes, stm32f4xx_tim.o(.text), UNUSED)

<P><STRONG><a name="[72]"></a>TIM_SelectInputTrigger</STRONG> (Thumb, 18 bytes, Stack size 0 bytes, stm32f4xx_tim.o(.text), UNUSED)
<BR><BR>[Called By]<UL><LI><a href="#[73]">&gt;&gt;</a>&nbsp;&nbsp;&nbsp;TIM_TIxExternalClockConfig
<LI><a href="#[71]">&gt;&gt;</a>&nbsp;&nbsp;&nbsp;TIM_ITRxExternalClockConfig
</UL>

<P><STRONG><a name="[71]"></a>TIM_ITRxExternalClockConfig</STRONG> (Thumb, 24 bytes, Stack size 12 bytes, stm32f4xx_tim.o(.text), UNUSED)
<BR><BR>[Calls]<UL><LI><a href="#[72]">&gt;&gt;</a>&nbsp;&nbsp;&nbsp;TIM_SelectInputTrigger
</UL>

<P><STRONG><a name="[73]"></a>TIM_TIxExternalClockConfig</STRONG> (Thumb, 62 bytes, Stack size 24 bytes, stm32f4xx_tim.o(.text), UNUSED)
<BR><BR>[Calls]<UL><LI><a href="#[72]">&gt;&gt;</a>&nbsp;&nbsp;&nbsp;TIM_SelectInputTrigger
<LI><a href="#[68]">&gt;&gt;</a>&nbsp;&nbsp;&nbsp;TI1_Config
<LI><a href="#[6a]">&gt;&gt;</a>&nbsp;&nbsp;&nbsp;TI2_Config
</UL>

<P><STRONG><a name="[75]"></a>TIM_ETRConfig</STRONG> (Thumb, 28 bytes, Stack size 12 bytes, stm32f4xx_tim.o(.text), UNUSED)
<BR><BR>[Called By]<UL><LI><a href="#[76]">&gt;&gt;</a>&nbsp;&nbsp;&nbsp;TIM_ETRClockMode2Config
<LI><a href="#[74]">&gt;&gt;</a>&nbsp;&nbsp;&nbsp;TIM_ETRClockMode1Config
</UL>

<P><STRONG><a name="[74]"></a>TIM_ETRClockMode1Config</STRONG> (Thumb, 54 bytes, Stack size 24 bytes, stm32f4xx_tim.o(.text), UNUSED)
<BR><BR>[Calls]<UL><LI><a href="#[75]">&gt;&gt;</a>&nbsp;&nbsp;&nbsp;TIM_ETRConfig
</UL>

<P><STRONG><a name="[76]"></a>TIM_ETRClockMode2Config</STRONG> (Thumb, 32 bytes, Stack size 20 bytes, stm32f4xx_tim.o(.text), UNUSED)
<BR><BR>[Calls]<UL><LI><a href="#[75]">&gt;&gt;</a>&nbsp;&nbsp;&nbsp;TIM_ETRConfig
</UL>

<P><STRONG><a name="[160]"></a>TIM_SelectOutputTrigger</STRONG> (Thumb, 18 bytes, Stack size 0 bytes, stm32f4xx_tim.o(.text), UNUSED)

<P><STRONG><a name="[161]"></a>TIM_SelectSlaveMode</STRONG> (Thumb, 18 bytes, Stack size 0 bytes, stm32f4xx_tim.o(.text), UNUSED)

<P><STRONG><a name="[162]"></a>TIM_SelectMasterSlaveMode</STRONG> (Thumb, 18 bytes, Stack size 0 bytes, stm32f4xx_tim.o(.text), UNUSED)

<P><STRONG><a name="[163]"></a>TIM_EncoderInterfaceConfig</STRONG> (Thumb, 66 bytes, Stack size 20 bytes, stm32f4xx_tim.o(.text), UNUSED)

<P><STRONG><a name="[164]"></a>TIM_SelectHallSensor</STRONG> (Thumb, 24 bytes, Stack size 0 bytes, stm32f4xx_tim.o(.text), UNUSED)

<P><STRONG><a name="[165]"></a>TIM_RemapConfig</STRONG> (Thumb, 6 bytes, Stack size 0 bytes, stm32f4xx_tim.o(.text), UNUSED)

<P><STRONG><a name="[77]"></a>GPIO_DeInit</STRONG> (Thumb, 268 bytes, Stack size 8 bytes, stm32f4xx_gpio.o(.text), UNUSED)
<BR><BR>[Calls]<UL><LI><a href="#[78]">&gt;&gt;</a>&nbsp;&nbsp;&nbsp;RCC_AHB1PeriphResetCmd
</UL>

<P><STRONG><a name="[89]"></a>GPIO_Init</STRONG> (Thumb, 144 bytes, Stack size 20 bytes, stm32f4xx_gpio.o(.text))
<BR><BR>[Stack]<UL><LI>Max Depth = 20<LI>Call Chain = GPIO_Init
</UL>
<BR>[Called By]<UL><LI><a href="#[93]">&gt;&gt;</a>&nbsp;&nbsp;&nbsp;I2C_Config
<LI><a href="#[86]">&gt;&gt;</a>&nbsp;&nbsp;&nbsp;ADC_Config
<LI><a href="#[b2]">&gt;&gt;</a>&nbsp;&nbsp;&nbsp;Sensor_Config
<LI><a href="#[b1]">&gt;&gt;</a>&nbsp;&nbsp;&nbsp;RS232_Config
<LI><a href="#[af]">&gt;&gt;</a>&nbsp;&nbsp;&nbsp;LED_Config
<LI><a href="#[b0]">&gt;&gt;</a>&nbsp;&nbsp;&nbsp;KEY_Config
<LI><a href="#[b3]">&gt;&gt;</a>&nbsp;&nbsp;&nbsp;BLDC_Config
</UL>

<P><STRONG><a name="[166]"></a>GPIO_StructInit</STRONG> (Thumb, 18 bytes, Stack size 0 bytes, stm32f4xx_gpio.o(.text), UNUSED)

<P><STRONG><a name="[167]"></a>GPIO_PinLockConfig</STRONG> (Thumb, 34 bytes, Stack size 8 bytes, stm32f4xx_gpio.o(.text), UNUSED)

<P><STRONG><a name="[168]"></a>GPIO_ReadInputDataBit</STRONG> (Thumb, 18 bytes, Stack size 0 bytes, stm32f4xx_gpio.o(.text), UNUSED)

<P><STRONG><a name="[169]"></a>GPIO_ReadInputData</STRONG> (Thumb, 8 bytes, Stack size 0 bytes, stm32f4xx_gpio.o(.text), UNUSED)

<P><STRONG><a name="[16a]"></a>GPIO_ReadOutputDataBit</STRONG> (Thumb, 18 bytes, Stack size 0 bytes, stm32f4xx_gpio.o(.text), UNUSED)

<P><STRONG><a name="[16b]"></a>GPIO_ReadOutputData</STRONG> (Thumb, 8 bytes, Stack size 0 bytes, stm32f4xx_gpio.o(.text), UNUSED)

<P><STRONG><a name="[16c]"></a>GPIO_SetBits</STRONG> (Thumb, 4 bytes, Stack size 0 bytes, stm32f4xx_gpio.o(.text), UNUSED)

<P><STRONG><a name="[16d]"></a>GPIO_ResetBits</STRONG> (Thumb, 4 bytes, Stack size 0 bytes, stm32f4xx_gpio.o(.text), UNUSED)

<P><STRONG><a name="[16e]"></a>GPIO_WriteBit</STRONG> (Thumb, 10 bytes, Stack size 0 bytes, stm32f4xx_gpio.o(.text), UNUSED)

<P><STRONG><a name="[16f]"></a>GPIO_Write</STRONG> (Thumb, 4 bytes, Stack size 0 bytes, stm32f4xx_gpio.o(.text), UNUSED)

<P><STRONG><a name="[170]"></a>GPIO_ToggleBits</STRONG> (Thumb, 8 bytes, Stack size 0 bytes, stm32f4xx_gpio.o(.text), UNUSED)

<P><STRONG><a name="[95]"></a>GPIO_PinAFConfig</STRONG> (Thumb, 70 bytes, Stack size 20 bytes, stm32f4xx_gpio.o(.text))
<BR><BR>[Stack]<UL><LI>Max Depth = 20<LI>Call Chain = GPIO_PinAFConfig
</UL>
<BR>[Called By]<UL><LI><a href="#[93]">&gt;&gt;</a>&nbsp;&nbsp;&nbsp;I2C_Config
<LI><a href="#[b1]">&gt;&gt;</a>&nbsp;&nbsp;&nbsp;RS232_Config
<LI><a href="#[b3]">&gt;&gt;</a>&nbsp;&nbsp;&nbsp;BLDC_Config
</UL>

<P><STRONG><a name="[79]"></a>ADC_DeInit</STRONG> (Thumb, 22 bytes, Stack size 8 bytes, stm32f4xx_adc.o(.text), UNUSED)
<BR><BR>[Calls]<UL><LI><a href="#[65]">&gt;&gt;</a>&nbsp;&nbsp;&nbsp;RCC_APB2PeriphResetCmd
</UL>

<P><STRONG><a name="[8d]"></a>ADC_Init</STRONG> (Thumb, 74 bytes, Stack size 12 bytes, stm32f4xx_adc.o(.text))
<BR><BR>[Stack]<UL><LI>Max Depth = 12<LI>Call Chain = ADC_Init
</UL>
<BR>[Called By]<UL><LI><a href="#[86]">&gt;&gt;</a>&nbsp;&nbsp;&nbsp;ADC_Config
</UL>

<P><STRONG><a name="[171]"></a>ADC_StructInit</STRONG> (Thumb, 20 bytes, Stack size 0 bytes, stm32f4xx_adc.o(.text), UNUSED)

<P><STRONG><a name="[8c]"></a>ADC_CommonInit</STRONG> (Thumb, 44 bytes, Stack size 0 bytes, stm32f4xx_adc.o(.text))
<BR><BR>[Called By]<UL><LI><a href="#[86]">&gt;&gt;</a>&nbsp;&nbsp;&nbsp;ADC_Config
</UL>

<P><STRONG><a name="[172]"></a>ADC_CommonStructInit</STRONG> (Thumb, 12 bytes, Stack size 0 bytes, stm32f4xx_adc.o(.text), UNUSED)

<P><STRONG><a name="[91]"></a>ADC_Cmd</STRONG> (Thumb, 22 bytes, Stack size 0 bytes, stm32f4xx_adc.o(.text))
<BR><BR>[Called By]<UL><LI><a href="#[86]">&gt;&gt;</a>&nbsp;&nbsp;&nbsp;ADC_Config
</UL>

<P><STRONG><a name="[173]"></a>ADC_AnalogWatchdogCmd</STRONG> (Thumb, 16 bytes, Stack size 0 bytes, stm32f4xx_adc.o(.text), UNUSED)

<P><STRONG><a name="[174]"></a>ADC_AnalogWatchdogThresholdsConfig</STRONG> (Thumb, 6 bytes, Stack size 0 bytes, stm32f4xx_adc.o(.text), UNUSED)

<P><STRONG><a name="[175]"></a>ADC_AnalogWatchdogSingleChannelConfig</STRONG> (Thumb, 16 bytes, Stack size 0 bytes, stm32f4xx_adc.o(.text), UNUSED)

<P><STRONG><a name="[176]"></a>ADC_TempSensorVrefintCmd</STRONG> (Thumb, 34 bytes, Stack size 0 bytes, stm32f4xx_adc.o(.text), UNUSED)

<P><STRONG><a name="[177]"></a>ADC_VBATCmd</STRONG> (Thumb, 34 bytes, Stack size 0 bytes, stm32f4xx_adc.o(.text), UNUSED)

<P><STRONG><a name="[8e]"></a>ADC_RegularChannelConfig</STRONG> (Thumb, 184 bytes, Stack size 20 bytes, stm32f4xx_adc.o(.text))
<BR><BR>[Stack]<UL><LI>Max Depth = 20<LI>Call Chain = ADC_RegularChannelConfig
</UL>
<BR>[Called By]<UL><LI><a href="#[86]">&gt;&gt;</a>&nbsp;&nbsp;&nbsp;ADC_Config
</UL>

<P><STRONG><a name="[92]"></a>ADC_SoftwareStartConv</STRONG> (Thumb, 10 bytes, Stack size 0 bytes, stm32f4xx_adc.o(.text))
<BR><BR>[Called By]<UL><LI><a href="#[86]">&gt;&gt;</a>&nbsp;&nbsp;&nbsp;ADC_Config
</UL>

<P><STRONG><a name="[178]"></a>ADC_GetSoftwareStartConvStatus</STRONG> (Thumb, 20 bytes, Stack size 0 bytes, stm32f4xx_adc.o(.text), UNUSED)

<P><STRONG><a name="[179]"></a>ADC_EOCOnEachRegularChannelCmd</STRONG> (Thumb, 22 bytes, Stack size 0 bytes, stm32f4xx_adc.o(.text), UNUSED)

<P><STRONG><a name="[17a]"></a>ADC_ContinuousModeCmd</STRONG> (Thumb, 22 bytes, Stack size 0 bytes, stm32f4xx_adc.o(.text), UNUSED)

<P><STRONG><a name="[17b]"></a>ADC_DiscModeChannelCountConfig</STRONG> (Thumb, 24 bytes, Stack size 8 bytes, stm32f4xx_adc.o(.text), UNUSED)

<P><STRONG><a name="[17c]"></a>ADC_DiscModeCmd</STRONG> (Thumb, 22 bytes, Stack size 0 bytes, stm32f4xx_adc.o(.text), UNUSED)

<P><STRONG><a name="[17d]"></a>ADC_GetConversionValue</STRONG> (Thumb, 8 bytes, Stack size 0 bytes, stm32f4xx_adc.o(.text), UNUSED)

<P><STRONG><a name="[17e]"></a>ADC_GetMultiModeConversionValue</STRONG> (Thumb, 6 bytes, Stack size 0 bytes, stm32f4xx_adc.o(.text), UNUSED)

<P><STRONG><a name="[90]"></a>ADC_DMACmd</STRONG> (Thumb, 22 bytes, Stack size 0 bytes, stm32f4xx_adc.o(.text))
<BR><BR>[Called By]<UL><LI><a href="#[86]">&gt;&gt;</a>&nbsp;&nbsp;&nbsp;ADC_Config
</UL>

<P><STRONG><a name="[8f]"></a>ADC_DMARequestAfterLastTransferCmd</STRONG> (Thumb, 22 bytes, Stack size 0 bytes, stm32f4xx_adc.o(.text))
<BR><BR>[Called By]<UL><LI><a href="#[86]">&gt;&gt;</a>&nbsp;&nbsp;&nbsp;ADC_Config
</UL>

<P><STRONG><a name="[17f]"></a>ADC_MultiModeDMARequestAfterLastTransferCmd</STRONG> (Thumb, 34 bytes, Stack size 0 bytes, stm32f4xx_adc.o(.text), UNUSED)

<P><STRONG><a name="[180]"></a>ADC_InjectedChannelConfig</STRONG> (Thumb, 130 bytes, Stack size 20 bytes, stm32f4xx_adc.o(.text), UNUSED)

<P><STRONG><a name="[181]"></a>ADC_InjectedSequencerLengthConfig</STRONG> (Thumb, 24 bytes, Stack size 8 bytes, stm32f4xx_adc.o(.text), UNUSED)

<P><STRONG><a name="[182]"></a>ADC_SetInjectedOffset</STRONG> (Thumb, 20 bytes, Stack size 8 bytes, stm32f4xx_adc.o(.text), UNUSED)

<P><STRONG><a name="[183]"></a>ADC_ExternalTrigInjectedConvConfig</STRONG> (Thumb, 16 bytes, Stack size 0 bytes, stm32f4xx_adc.o(.text), UNUSED)

<P><STRONG><a name="[184]"></a>ADC_ExternalTrigInjectedConvEdgeConfig</STRONG> (Thumb, 16 bytes, Stack size 0 bytes, stm32f4xx_adc.o(.text), UNUSED)

<P><STRONG><a name="[185]"></a>ADC_SoftwareStartInjectedConv</STRONG> (Thumb, 10 bytes, Stack size 0 bytes, stm32f4xx_adc.o(.text), UNUSED)

<P><STRONG><a name="[186]"></a>ADC_GetSoftwareStartInjectedConvCmdStatus</STRONG> (Thumb, 20 bytes, Stack size 0 bytes, stm32f4xx_adc.o(.text), UNUSED)

<P><STRONG><a name="[187]"></a>ADC_AutoInjectedConvCmd</STRONG> (Thumb, 22 bytes, Stack size 0 bytes, stm32f4xx_adc.o(.text), UNUSED)

<P><STRONG><a name="[188]"></a>ADC_InjectedDiscModeCmd</STRONG> (Thumb, 22 bytes, Stack size 0 bytes, stm32f4xx_adc.o(.text), UNUSED)

<P><STRONG><a name="[189]"></a>ADC_GetInjectedConversionValue</STRONG> (Thumb, 28 bytes, Stack size 8 bytes, stm32f4xx_adc.o(.text), UNUSED)

<P><STRONG><a name="[18a]"></a>ADC_ITConfig</STRONG> (Thumb, 60 bytes, Stack size 8 bytes, stm32f4xx_adc.o(.text), UNUSED)

<P><STRONG><a name="[18b]"></a>ADC_GetFlagStatus</STRONG> (Thumb, 18 bytes, Stack size 0 bytes, stm32f4xx_adc.o(.text), UNUSED)

<P><STRONG><a name="[18c]"></a>ADC_ClearFlag</STRONG> (Thumb, 6 bytes, Stack size 0 bytes, stm32f4xx_adc.o(.text), UNUSED)

<P><STRONG><a name="[18d]"></a>ADC_GetITStatus</STRONG> (Thumb, 38 bytes, Stack size 16 bytes, stm32f4xx_adc.o(.text), UNUSED)

<P><STRONG><a name="[18e]"></a>ADC_ClearITPendingBit</STRONG> (Thumb, 10 bytes, Stack size 0 bytes, stm32f4xx_adc.o(.text), UNUSED)

<P><STRONG><a name="[7a]"></a>USART_DeInit</STRONG> (Thumb, 206 bytes, Stack size 8 bytes, stm32f4xx_usart.o(.text), UNUSED)
<BR><BR>[Calls]<UL><LI><a href="#[65]">&gt;&gt;</a>&nbsp;&nbsp;&nbsp;RCC_APB2PeriphResetCmd
<LI><a href="#[66]">&gt;&gt;</a>&nbsp;&nbsp;&nbsp;RCC_APB1PeriphResetCmd
</UL>

<P><STRONG><a name="[7b]"></a>USART_Init</STRONG> (Thumb, 204 bytes, Stack size 48 bytes, stm32f4xx_usart.o(.text))
<BR><BR>[Stack]<UL><LI>Max Depth = 68<LI>Call Chain = USART_Init &rArr; RCC_GetClocksFreq
</UL>
<BR>[Calls]<UL><LI><a href="#[7c]">&gt;&gt;</a>&nbsp;&nbsp;&nbsp;RCC_GetClocksFreq
</UL>
<BR>[Called By]<UL><LI><a href="#[b1]">&gt;&gt;</a>&nbsp;&nbsp;&nbsp;RS232_Config
</UL>

<P><STRONG><a name="[18f]"></a>USART_StructInit</STRONG> (Thumb, 24 bytes, Stack size 0 bytes, stm32f4xx_usart.o(.text), UNUSED)

<P><STRONG><a name="[190]"></a>USART_ClockInit</STRONG> (Thumb, 32 bytes, Stack size 8 bytes, stm32f4xx_usart.o(.text), UNUSED)

<P><STRONG><a name="[191]"></a>USART_ClockStructInit</STRONG> (Thumb, 12 bytes, Stack size 0 bytes, stm32f4xx_usart.o(.text), UNUSED)

<P><STRONG><a name="[ce]"></a>USART_Cmd</STRONG> (Thumb, 24 bytes, Stack size 0 bytes, stm32f4xx_usart.o(.text))
<BR><BR>[Called By]<UL><LI><a href="#[b1]">&gt;&gt;</a>&nbsp;&nbsp;&nbsp;RS232_Config
</UL>

<P><STRONG><a name="[192]"></a>USART_SetPrescaler</STRONG> (Thumb, 16 bytes, Stack size 0 bytes, stm32f4xx_usart.o(.text), UNUSED)

<P><STRONG><a name="[193]"></a>USART_OverSampling8Cmd</STRONG> (Thumb, 22 bytes, Stack size 0 bytes, stm32f4xx_usart.o(.text), UNUSED)

<P><STRONG><a name="[194]"></a>USART_OneBitMethodCmd</STRONG> (Thumb, 24 bytes, Stack size 0 bytes, stm32f4xx_usart.o(.text), UNUSED)

<P><STRONG><a name="[80]"></a>USART_SendData</STRONG> (Thumb, 8 bytes, Stack size 0 bytes, stm32f4xx_usart.o(.text))
<BR><BR>[Called By]<UL><LI><a href="#[84]">&gt;&gt;</a>&nbsp;&nbsp;&nbsp;UART_SendData
<LI><a href="#[7f]">&gt;&gt;</a>&nbsp;&nbsp;&nbsp;UART_SendByte
</UL>

<P><STRONG><a name="[83]"></a>USART_ReceiveData</STRONG> (Thumb, 10 bytes, Stack size 0 bytes, stm32f4xx_usart.o(.text), UNUSED)
<BR><BR>[Called By]<UL><LI><a href="#[85]">&gt;&gt;</a>&nbsp;&nbsp;&nbsp;UART_RecvData
<LI><a href="#[82]">&gt;&gt;</a>&nbsp;&nbsp;&nbsp;UART_RecvByte
</UL>

<P><STRONG><a name="[195]"></a>USART_SetAddress</STRONG> (Thumb, 18 bytes, Stack size 0 bytes, stm32f4xx_usart.o(.text), UNUSED)

<P><STRONG><a name="[196]"></a>USART_ReceiverWakeUpCmd</STRONG> (Thumb, 24 bytes, Stack size 0 bytes, stm32f4xx_usart.o(.text), UNUSED)

<P><STRONG><a name="[197]"></a>USART_WakeUpConfig</STRONG> (Thumb, 18 bytes, Stack size 0 bytes, stm32f4xx_usart.o(.text), UNUSED)

<P><STRONG><a name="[198]"></a>USART_LINBreakDetectLengthConfig</STRONG> (Thumb, 18 bytes, Stack size 0 bytes, stm32f4xx_usart.o(.text), UNUSED)

<P><STRONG><a name="[199]"></a>USART_LINCmd</STRONG> (Thumb, 24 bytes, Stack size 0 bytes, stm32f4xx_usart.o(.text), UNUSED)

<P><STRONG><a name="[19a]"></a>USART_SendBreak</STRONG> (Thumb, 10 bytes, Stack size 0 bytes, stm32f4xx_usart.o(.text), UNUSED)

<P><STRONG><a name="[19b]"></a>USART_HalfDuplexCmd</STRONG> (Thumb, 24 bytes, Stack size 0 bytes, stm32f4xx_usart.o(.text), UNUSED)

<P><STRONG><a name="[19c]"></a>USART_SetGuardTime</STRONG> (Thumb, 16 bytes, Stack size 0 bytes, stm32f4xx_usart.o(.text), UNUSED)

<P><STRONG><a name="[19d]"></a>USART_SmartCardCmd</STRONG> (Thumb, 24 bytes, Stack size 0 bytes, stm32f4xx_usart.o(.text), UNUSED)

<P><STRONG><a name="[19e]"></a>USART_SmartCardNACKCmd</STRONG> (Thumb, 24 bytes, Stack size 0 bytes, stm32f4xx_usart.o(.text), UNUSED)

<P><STRONG><a name="[19f]"></a>USART_IrDAConfig</STRONG> (Thumb, 18 bytes, Stack size 0 bytes, stm32f4xx_usart.o(.text), UNUSED)

<P><STRONG><a name="[1a0]"></a>USART_IrDACmd</STRONG> (Thumb, 24 bytes, Stack size 0 bytes, stm32f4xx_usart.o(.text), UNUSED)

<P><STRONG><a name="[1a1]"></a>USART_DMACmd</STRONG> (Thumb, 18 bytes, Stack size 0 bytes, stm32f4xx_usart.o(.text), UNUSED)

<P><STRONG><a name="[1a2]"></a>USART_ITConfig</STRONG> (Thumb, 74 bytes, Stack size 20 bytes, stm32f4xx_usart.o(.text), UNUSED)

<P><STRONG><a name="[81]"></a>USART_GetFlagStatus</STRONG> (Thumb, 26 bytes, Stack size 0 bytes, stm32f4xx_usart.o(.text))
<BR><BR>[Called By]<UL><LI><a href="#[85]">&gt;&gt;</a>&nbsp;&nbsp;&nbsp;UART_RecvData
<LI><a href="#[84]">&gt;&gt;</a>&nbsp;&nbsp;&nbsp;UART_SendData
<LI><a href="#[82]">&gt;&gt;</a>&nbsp;&nbsp;&nbsp;UART_RecvByte
<LI><a href="#[7f]">&gt;&gt;</a>&nbsp;&nbsp;&nbsp;UART_SendByte
</UL>

<P><STRONG><a name="[cf]"></a>USART_ClearFlag</STRONG> (Thumb, 18 bytes, Stack size 0 bytes, stm32f4xx_usart.o(.text))
<BR><BR>[Called By]<UL><LI><a href="#[b1]">&gt;&gt;</a>&nbsp;&nbsp;&nbsp;RS232_Config
</UL>

<P><STRONG><a name="[1a3]"></a>USART_GetITStatus</STRONG> (Thumb, 118 bytes, Stack size 16 bytes, stm32f4xx_usart.o(.text), UNUSED)

<P><STRONG><a name="[1a4]"></a>USART_ClearITPendingBit</STRONG> (Thumb, 30 bytes, Stack size 8 bytes, stm32f4xx_usart.o(.text), UNUSED)

<P><STRONG><a name="[7d]"></a>I2C_DeInit</STRONG> (Thumb, 82 bytes, Stack size 8 bytes, stm32f4xx_i2c.o(.text), UNUSED)
<BR><BR>[Calls]<UL><LI><a href="#[66]">&gt;&gt;</a>&nbsp;&nbsp;&nbsp;RCC_APB1PeriphResetCmd
</UL>

<P><STRONG><a name="[7e]"></a>I2C_Init</STRONG> (Thumb, 218 bytes, Stack size 48 bytes, stm32f4xx_i2c.o(.text))
<BR><BR>[Stack]<UL><LI>Max Depth = 68<LI>Call Chain = I2C_Init &rArr; RCC_GetClocksFreq
</UL>
<BR>[Calls]<UL><LI><a href="#[7c]">&gt;&gt;</a>&nbsp;&nbsp;&nbsp;RCC_GetClocksFreq
</UL>
<BR>[Called By]<UL><LI><a href="#[93]">&gt;&gt;</a>&nbsp;&nbsp;&nbsp;I2C_Config
</UL>

<P><STRONG><a name="[1a5]"></a>I2C_StructInit</STRONG> (Thumb, 30 bytes, Stack size 0 bytes, stm32f4xx_i2c.o(.text), UNUSED)

<P><STRONG><a name="[9a]"></a>I2C_Cmd</STRONG> (Thumb, 24 bytes, Stack size 0 bytes, stm32f4xx_i2c.o(.text))
<BR><BR>[Called By]<UL><LI><a href="#[93]">&gt;&gt;</a>&nbsp;&nbsp;&nbsp;I2C_Config
</UL>

<P><STRONG><a name="[1a6]"></a>I2C_AnalogFilterCmd</STRONG> (Thumb, 24 bytes, Stack size 0 bytes, stm32f4xx_i2c.o(.text), UNUSED)

<P><STRONG><a name="[1a7]"></a>I2C_DigitalFilterConfig</STRONG> (Thumb, 22 bytes, Stack size 0 bytes, stm32f4xx_i2c.o(.text), UNUSED)

<P><STRONG><a name="[9f]"></a>I2C_GenerateSTART</STRONG> (Thumb, 24 bytes, Stack size 0 bytes, stm32f4xx_i2c.o(.text))
<BR><BR>[Called By]<UL><LI><a href="#[aa]">&gt;&gt;</a>&nbsp;&nbsp;&nbsp;I2C_DMA_WriteReg
<LI><a href="#[a7]">&gt;&gt;</a>&nbsp;&nbsp;&nbsp;I2C_DMA_ReadReg
<LI><a href="#[a3]">&gt;&gt;</a>&nbsp;&nbsp;&nbsp;I2C_WriteByte
<LI><a href="#[9e]">&gt;&gt;</a>&nbsp;&nbsp;&nbsp;I2C_ReadByte
</UL>

<P><STRONG><a name="[a6]"></a>I2C_GenerateSTOP</STRONG> (Thumb, 24 bytes, Stack size 0 bytes, stm32f4xx_i2c.o(.text))
<BR><BR>[Called By]<UL><LI><a href="#[ad]">&gt;&gt;</a>&nbsp;&nbsp;&nbsp;I2C_RX_DMA_IRQ
<LI><a href="#[ab]">&gt;&gt;</a>&nbsp;&nbsp;&nbsp;I2C_TX_DMA_IRQ
<LI><a href="#[a7]">&gt;&gt;</a>&nbsp;&nbsp;&nbsp;I2C_DMA_ReadReg
<LI><a href="#[a3]">&gt;&gt;</a>&nbsp;&nbsp;&nbsp;I2C_WriteByte
</UL>

<P><STRONG><a name="[a1]"></a>I2C_Send7bitAddress</STRONG> (Thumb, 16 bytes, Stack size 0 bytes, stm32f4xx_i2c.o(.text))
<BR><BR>[Called By]<UL><LI><a href="#[aa]">&gt;&gt;</a>&nbsp;&nbsp;&nbsp;I2C_DMA_WriteReg
<LI><a href="#[a7]">&gt;&gt;</a>&nbsp;&nbsp;&nbsp;I2C_DMA_ReadReg
<LI><a href="#[a3]">&gt;&gt;</a>&nbsp;&nbsp;&nbsp;I2C_WriteByte
<LI><a href="#[9e]">&gt;&gt;</a>&nbsp;&nbsp;&nbsp;I2C_ReadByte
</UL>

<P><STRONG><a name="[a8]"></a>I2C_AcknowledgeConfig</STRONG> (Thumb, 24 bytes, Stack size 0 bytes, stm32f4xx_i2c.o(.text))
<BR><BR>[Called By]<UL><LI><a href="#[a7]">&gt;&gt;</a>&nbsp;&nbsp;&nbsp;I2C_DMA_ReadReg
</UL>

<P><STRONG><a name="[1a8]"></a>I2C_OwnAddress2Config</STRONG> (Thumb, 22 bytes, Stack size 0 bytes, stm32f4xx_i2c.o(.text), UNUSED)

<P><STRONG><a name="[1a9]"></a>I2C_DualAddressCmd</STRONG> (Thumb, 24 bytes, Stack size 0 bytes, stm32f4xx_i2c.o(.text), UNUSED)

<P><STRONG><a name="[1aa]"></a>I2C_GeneralCallCmd</STRONG> (Thumb, 24 bytes, Stack size 0 bytes, stm32f4xx_i2c.o(.text), UNUSED)

<P><STRONG><a name="[1ab]"></a>I2C_SoftwareResetCmd</STRONG> (Thumb, 22 bytes, Stack size 0 bytes, stm32f4xx_i2c.o(.text), UNUSED)

<P><STRONG><a name="[1ac]"></a>I2C_StretchClockCmd</STRONG> (Thumb, 24 bytes, Stack size 0 bytes, stm32f4xx_i2c.o(.text), UNUSED)

<P><STRONG><a name="[1ad]"></a>I2C_FastModeDutyCycleConfig</STRONG> (Thumb, 28 bytes, Stack size 0 bytes, stm32f4xx_i2c.o(.text), UNUSED)

<P><STRONG><a name="[1ae]"></a>I2C_NACKPositionConfig</STRONG> (Thumb, 28 bytes, Stack size 0 bytes, stm32f4xx_i2c.o(.text), UNUSED)

<P><STRONG><a name="[1af]"></a>I2C_SMBusAlertConfig</STRONG> (Thumb, 28 bytes, Stack size 0 bytes, stm32f4xx_i2c.o(.text), UNUSED)

<P><STRONG><a name="[1b0]"></a>I2C_ARPCmd</STRONG> (Thumb, 24 bytes, Stack size 0 bytes, stm32f4xx_i2c.o(.text), UNUSED)

<P><STRONG><a name="[a5]"></a>I2C_SendData</STRONG> (Thumb, 4 bytes, Stack size 0 bytes, stm32f4xx_i2c.o(.text))
<BR><BR>[Called By]<UL><LI><a href="#[aa]">&gt;&gt;</a>&nbsp;&nbsp;&nbsp;I2C_DMA_WriteReg
<LI><a href="#[a7]">&gt;&gt;</a>&nbsp;&nbsp;&nbsp;I2C_DMA_ReadReg
<LI><a href="#[a3]">&gt;&gt;</a>&nbsp;&nbsp;&nbsp;I2C_WriteByte
</UL>

<P><STRONG><a name="[a9]"></a>I2C_ReceiveData</STRONG> (Thumb, 8 bytes, Stack size 0 bytes, stm32f4xx_i2c.o(.text))
<BR><BR>[Called By]<UL><LI><a href="#[a7]">&gt;&gt;</a>&nbsp;&nbsp;&nbsp;I2C_DMA_ReadReg
</UL>

<P><STRONG><a name="[1b1]"></a>I2C_TransmitPEC</STRONG> (Thumb, 24 bytes, Stack size 0 bytes, stm32f4xx_i2c.o(.text), UNUSED)

<P><STRONG><a name="[1b2]"></a>I2C_PECPositionConfig</STRONG> (Thumb, 28 bytes, Stack size 0 bytes, stm32f4xx_i2c.o(.text), UNUSED)

<P><STRONG><a name="[1b3]"></a>I2C_CalculatePEC</STRONG> (Thumb, 24 bytes, Stack size 0 bytes, stm32f4xx_i2c.o(.text), UNUSED)

<P><STRONG><a name="[1b4]"></a>I2C_GetPEC</STRONG> (Thumb, 8 bytes, Stack size 0 bytes, stm32f4xx_i2c.o(.text), UNUSED)

<P><STRONG><a name="[9b]"></a>I2C_DMACmd</STRONG> (Thumb, 24 bytes, Stack size 0 bytes, stm32f4xx_i2c.o(.text))
<BR><BR>[Called By]<UL><LI><a href="#[93]">&gt;&gt;</a>&nbsp;&nbsp;&nbsp;I2C_Config
</UL>

<P><STRONG><a name="[a2]"></a>I2C_DMALastTransferCmd</STRONG> (Thumb, 24 bytes, Stack size 0 bytes, stm32f4xx_i2c.o(.text))
<BR><BR>[Called By]<UL><LI><a href="#[a7]">&gt;&gt;</a>&nbsp;&nbsp;&nbsp;I2C_DMA_ReadReg
<LI><a href="#[9e]">&gt;&gt;</a>&nbsp;&nbsp;&nbsp;I2C_ReadByte
</UL>

<P><STRONG><a name="[1b5]"></a>I2C_ReadRegister</STRONG> (Thumb, 22 bytes, Stack size 8 bytes, stm32f4xx_i2c.o(.text), UNUSED)

<P><STRONG><a name="[1b6]"></a>I2C_ITConfig</STRONG> (Thumb, 18 bytes, Stack size 0 bytes, stm32f4xx_i2c.o(.text), UNUSED)

<P><STRONG><a name="[a0]"></a>I2C_CheckEvent</STRONG> (Thumb, 42 bytes, Stack size 16 bytes, stm32f4xx_i2c.o(.text))
<BR><BR>[Stack]<UL><LI>Max Depth = 16<LI>Call Chain = I2C_CheckEvent
</UL>
<BR>[Called By]<UL><LI><a href="#[aa]">&gt;&gt;</a>&nbsp;&nbsp;&nbsp;I2C_DMA_WriteReg
<LI><a href="#[a7]">&gt;&gt;</a>&nbsp;&nbsp;&nbsp;I2C_DMA_ReadReg
<LI><a href="#[a3]">&gt;&gt;</a>&nbsp;&nbsp;&nbsp;I2C_WriteByte
<LI><a href="#[9e]">&gt;&gt;</a>&nbsp;&nbsp;&nbsp;I2C_ReadByte
</UL>

<P><STRONG><a name="[1b7]"></a>I2C_GetLastEvent</STRONG> (Thumb, 26 bytes, Stack size 8 bytes, stm32f4xx_i2c.o(.text), UNUSED)

<P><STRONG><a name="[a4]"></a>I2C_GetFlagStatus</STRONG> (Thumb, 84 bytes, Stack size 12 bytes, stm32f4xx_i2c.o(.text))
<BR><BR>[Stack]<UL><LI>Max Depth = 12<LI>Call Chain = I2C_GetFlagStatus
</UL>
<BR>[Called By]<UL><LI><a href="#[ab]">&gt;&gt;</a>&nbsp;&nbsp;&nbsp;I2C_TX_DMA_IRQ
<LI><a href="#[aa]">&gt;&gt;</a>&nbsp;&nbsp;&nbsp;I2C_DMA_WriteReg
<LI><a href="#[a7]">&gt;&gt;</a>&nbsp;&nbsp;&nbsp;I2C_DMA_ReadReg
<LI><a href="#[a3]">&gt;&gt;</a>&nbsp;&nbsp;&nbsp;I2C_WriteByte
</UL>

<P><STRONG><a name="[1b8]"></a>I2C_ClearFlag</STRONG> (Thumb, 12 bytes, Stack size 0 bytes, stm32f4xx_i2c.o(.text), UNUSED)

<P><STRONG><a name="[1b9]"></a>I2C_GetITStatus</STRONG> (Thumb, 38 bytes, Stack size 12 bytes, stm32f4xx_i2c.o(.text), UNUSED)

<P><STRONG><a name="[1ba]"></a>I2C_ClearITPendingBit</STRONG> (Thumb, 12 bytes, Stack size 0 bytes, stm32f4xx_i2c.o(.text), UNUSED)

<P><STRONG><a name="[1bb]"></a>Delay_nop</STRONG> (Thumb, 12 bytes, Stack size 0 bytes, stm32f4_delay.o(.text), UNUSED)

[...]
</UL>
<P><STRONG><a name="[1b]"></a>DMA1_Stream6_IRQHandler</STRONG> (Thumb, 8 bytes, Stack size 8 bytes, qcopterfc_it.o(.text))
<BR><BR>[Stack]<UL><LI>Max Depth = 28<LI>Call Chain = DMA1_Stream6_IRQHandler &rArr; I2C_TX_DMA_IRQ &rArr; I2C_GetFlagStatus
</UL>
<BR>[Calls]<UL><LI><a href="#[ab]">&gt;&gt;</a>&nbsp;&nbsp;&nbsp;I2C_TX_DMA_IRQ
</UL>
<BR>[Address Reference Count : 1]<UL><LI> startup_stm32f40xx.o(RESET)
</UL>
<P><STRONG><a name="[2]"></a>HardFault_Handler</STRONG> (Thumb, 4 bytes, Stack size 0 bytes, qcopterfc_it.o(.text))
<BR>[Address Reference Count : 1]<UL><LI> startup_stm32f40xx.o(RESET)
</UL>
<P><STRONG><a name="[3]"></a>MemManage_Handler</STRONG> (Thumb, 4 bytes, Stack size 0 bytes, qcopterfc_it.o(.text))
<BR>[Address Reference Count : 1]<UL><LI> startup_stm32f40xx.o(RESET)
</UL>
<P><STRONG><a name="[4]"></a>BusFault_Handler</STRONG> (Thumb, 4 bytes, Stack size 0 bytes, qcopterfc_it.o(.text))
<BR>[Address Reference Count : 1]<UL><LI> startup_stm32f40xx.o(RESET)
</UL>
<P><STRONG><a name="[5]"></a>UsageFault_Handler</STRONG> (Thumb, 4 bytes, Stack size 0 bytes, qcopterfc_it.o(.text))
<BR>[Address Reference Count : 1]<UL><LI> startup_stm32f40xx.o(RESET)
</UL>
<P><STRONG><a name="[6]"></a>SVC_Handler</STRONG> (Thumb, 4 bytes, Stack size 0 bytes, qcopterfc_it.o(.text))
<BR>[Address Reference Count : 1]<UL><LI> startup_stm32f40xx.o(RESET)
</UL>
<P><STRONG><a name="[7]"></a>DebugMon_Handler</STRONG> (Thumb, 4 bytes, Stack size 0 bytes, qcopterfc_it.o(.text))
<BR>[Address Reference Count : 1]<UL><LI> startup_stm32f40xx.o(RESET)
</UL>
<P><STRONG><a name="[8]"></a>PendSV_Handler</STRONG> (Thumb, 4 bytes, Stack size 0 bytes, qcopterfc_it.o(.text))
<BR>[Address Reference Count : 1]<UL><LI> startup_stm32f40xx.o(RESET)
</UL>
<P><STRONG><a name="[1]"></a>NMI_Handler</STRONG> (Thumb, 4 bytes, Stack size 0 bytes, qcopterfc_it.o(.text))
<BR>[Address Reference Count : 1]<UL><LI> startup_stm32f40xx.o(RESET)
</UL>
<P><STRONG><a name="[af]"></a>LED_Config</STRONG> (Thumb, 66 bytes, Stack size 16 bytes, qcopterfc_board.o(.text))
<BR><BR>[Stack]<UL><LI>Max Depth = 36<LI>Call Chain = LED_Config &rArr; GPIO_Init
</UL>
<BR>[Calls]<UL><LI><a href="#[89]">&gt;&gt;</a>&nbsp;&nbsp;&nbsp;GPIO_Init
<LI><a href="#[87]">&gt;&gt;</a>&nbsp;&nbsp;&nbsp;RCC_AHB1PeriphClockCmd
</UL>
<BR>[Called By]<UL><LI><a href="#[ae]">&gt;&gt;</a>&nbsp;&nbsp;&nbsp;QCopterFC_Init
</UL>

<P><STRONG><a name="[b0]"></a>KEY_Config</STRONG> (Thumb, 34 bytes, Stack size 16 bytes, qcopterfc_board.o(.text))
<BR><BR>[Stack]<UL><LI>Max Depth = 36<LI>Call Chain = KEY_Config &rArr; GPIO_Init
</UL>
<BR>[Calls]<UL><LI><a href="#[89]">&gt;&gt;</a>&nbsp;&nbsp;&nbsp;GPIO_Init
<LI><a href="#[87]">&gt;&gt;</a>&nbsp;&nbsp;&nbsp;RCC_AHB1PeriphClockCmd
</UL>
<BR>[Called By]<UL><LI><a href="#[ae]">&gt;&gt;</a>&nbsp;&nbsp;&nbsp;QCopterFC_Init
</UL>

<P><STRONG><a name="[b3]"></a>BLDC_Config</STRONG> (Thumb, 526 bytes, Stack size 48 bytes, qcopterfc_ctrl.o(.text))
<BR><BR>[Stack]<UL><LI>Max Depth = 68<LI>Call Chain = BLDC_Config &rArr; GPIO_PinAFConfig
</UL>
<BR>[Calls]<UL><LI><a href="#[95]">&gt;&gt;</a>&nbsp;&nbsp;&nbsp;GPIO_PinAFConfig
<LI><a href="#[89]">&gt;&gt;</a>&nbsp;&nbsp;&nbsp;GPIO_Init
<LI><a href="#[ca]">&gt;&gt;</a>&nbsp;&nbsp;&nbsp;TIM_OC4PreloadConfig
<LI><a href="#[c9]">&gt;&gt;</a>&nbsp;&nbsp;&nbsp;TIM_OC3PreloadConfig
<LI><a href="#[c8]">&gt;&gt;</a>&nbsp;&nbsp;&nbsp;TIM_OC2PreloadConfig
<LI><a href="#[c7]">&gt;&gt;</a>&nbsp;&nbsp;&nbsp;TIM_OC1PreloadConfig
<LI><a href="#[c6]">&gt;&gt;</a>&nbsp;&nbsp;&nbsp;TIM_OC4Init
<LI><a href="#[c5]">&gt;&gt;</a>&nbsp;&nbsp;&nbsp;TIM_OC3Init
<LI><a href="#[c4]">&gt;&gt;</a>&nbsp;&nbsp;&nbsp;TIM_OC2Init
<LI><a href="#[c3]">&gt;&gt;</a>&nbsp;&nbsp;&nbsp;TIM_OC1Init
<LI><a href="#[cc]">&gt;&gt;</a>&nbsp;&nbsp;&nbsp;TIM_Cmd
<LI><a href="#[cb]">&gt;&gt;</a>&nbsp;&nbsp;&nbsp;TIM_ARRPreloadConfig
<LI><a href="#[c2]">&gt;&gt;</a>&nbsp;&nbsp;&nbsp;TIM_TimeBaseInit
<LI><a href="#[64]">&gt;&gt;</a>&nbsp;&nbsp;&nbsp;TIM_DeInit
<LI><a href="#[94]">&gt;&gt;</a>&nbsp;&nbsp;&nbsp;RCC_APB1PeriphClockCmd
<LI><a href="#[87]">&gt;&gt;</a>&nbsp;&nbsp;&nbsp;RCC_AHB1PeriphClockCmd
</UL>
<BR>[Called By]<UL><LI><a href="#[ae]">&gt;&gt;</a>&nbsp;&nbsp;&nbsp;QCopterFC_Init
</UL>

<P><STRONG><a name="[b4]"></a>BLDC_CtrlPWM</STRONG> (Thumb, 110 bytes, Stack size 8 bytes, qcopterfc_ctrl.o(.text))
<BR><BR>[Stack]<UL><LI>Max Depth = 8<LI>Call Chain = BLDC_CtrlPWM
</UL>
<BR>[Called By]<UL><LI><a href="#[cd]">&gt;&gt;</a>&nbsp;&nbsp;&nbsp;BLDC_CtrlTHR
<LI><a href="#[ae]">&gt;&gt;</a>&nbsp;&nbsp;&nbsp;QCopterFC_Init
</UL>

<P><STRONG><a name="[cd]"></a>BLDC_CtrlTHR</STRONG> (Thumb, 262 bytes, Stack size 28 bytes, qcopterfc_ctrl.o(.text), UNUSED)
<BR><BR>[Calls]<UL><LI><a href="#[b4]">&gt;&gt;</a>&nbsp;&nbsp;&nbsp;BLDC_CtrlPWM
</UL>

<P><STRONG><a name="[1c0]"></a>Ctrl_BasicThr</STRONG> (Thumb, 2 bytes, Stack size 0 bytes, qcopterfc_ctrl.o(.text), UNUSED)

<P><STRONG><a name="[b1]"></a>RS232_Config</STRONG> (Thumb, 174 bytes, Stack size 32 bytes, module_rs232.o(.text))
<BR><BR>[Stack]<UL><LI>Max Depth = 100<LI>Call Chain = RS232_Config &rArr; USART_Init &rArr; RCC_GetClocksFreq
</UL>
<BR>[Calls]<UL><LI><a href="#[cf]">&gt;&gt;</a>&nbsp;&nbsp;&nbsp;USART_ClearFlag
<LI><a href="#[ce]">&gt;&gt;</a>&nbsp;&nbsp;&nbsp;USART_Cmd
<LI><a href="#[7b]">&gt;&gt;</a>&nbsp;&nbsp;&nbsp;USART_Init
<LI><a href="#[95]">&gt;&gt;</a>&nbsp;&nbsp;&nbsp;GPIO_PinAFConfig
<LI><a href="#[89]">&gt;&gt;</a>&nbsp;&nbsp;&nbsp;GPIO_Init
<LI><a href="#[94]">&gt;&gt;</a>&nbsp;&nbsp;&nbsp;RCC_APB1PeriphClockCmd
<LI><a href="#[87]">&gt;&gt;</a>&nbsp;&nbsp;&nbsp;RCC_AHB1PeriphClockCmd
</UL>
<BR>[Called By]<UL><LI><a href="#[ae]">&gt;&gt;</a>&nbsp;&nbsp;&nbsp;QCopterFC_Init
</UL>

<P><STRONG><a name="[d0]"></a>RS232_SendStr</STRONG> (Thumb, 24 bytes, Stack size 8 bytes, module_rs232.o(.text), UNUSED)
<BR><BR>[Calls]<UL><LI><a href="#[7f]">&gt;&gt;</a>&nbsp;&nbsp;&nbsp;UART_SendByte
</UL>

<P><STRONG><a name="[d1]"></a>RS232_SendNum</STRONG> (Thumb, 54 bytes, Stack size 56 bytes, module_rs232.o(.text), UNUSED)
<BR><BR>[Calls]<UL><LI><a href="#[7f]">&gt;&gt;</a>&nbsp;&nbsp;&nbsp;UART_SendByte
<LI><a href="#[bb]">&gt;&gt;</a>&nbsp;&nbsp;&nbsp;__aeabi_memclr4
<LI><a href="#[d2]">&gt;&gt;</a>&nbsp;&nbsp;&nbsp;Str_NumToChar
</UL>

<P><STRONG><a name="[d3]"></a>RS232_SendData</STRONG> (Thumb, 18 bytes, Stack size 16 bytes, module_rs232.o(.text), UNUSED)
<BR><BR>[Calls]<UL><LI><a href="#[84]">&gt;&gt;</a>&nbsp;&nbsp;&nbsp;UART_SendData
</UL>

<P><STRONG><a name="[d4]"></a>RS232_RecvStr</STRONG> (Thumb, 28 bytes, Stack size 8 bytes, module_rs232.o(.text), UNUSED)
<BR><BR>[Calls]<UL><LI><a href="#[82]">&gt;&gt;</a>&nbsp;&nbsp;&nbsp;UART_RecvByte
</UL>

<P><STRONG><a name="[d5]"></a>RS232_RecvData</STRONG> (Thumb, 18 bytes, Stack size 16 bytes, module_rs232.o(.text), UNUSED)
<BR><BR>[Calls]<UL><LI><a href="#[85]">&gt;&gt;</a>&nbsp;&nbsp;&nbsp;UART_RecvData
</UL>

<P><STRONG><a name="[ba]"></a>RS232_VisualScope</STRONG> (Thumb, 52 bytes, Stack size 16 bytes, module_rs232.o(.text))
<BR><BR>[Stack]<UL><LI>Max Depth = 32<LI>Call Chain = RS232_VisualScope &rArr; UART_SendData
</UL>
<BR>[Calls]<UL><LI><a href="#[84]">&gt;&gt;</a>&nbsp;&nbsp;&nbsp;UART_SendData
<LI><a href="#[d6]">&gt;&gt;</a>&nbsp;&nbsp;&nbsp;RS232_VisualScope_CRC16
</UL>
<BR>[Called By]<UL><LI><a href="#[b9]">&gt;&gt;</a>&nbsp;&nbsp;&nbsp;QCopterFC_Lock
</UL>

<P><STRONG><a name="[b2]"></a>Sensor_Config</STRONG> (Thumb, 38 bytes, Stack size 16 bytes, module_sensor.o(.text))
<BR><BR>[Stack]<UL><LI>Max Depth = 180<LI>Call Chain = Sensor_Config &rArr; I2C_Config &rArr; I2C_Init &rArr; RCC_GetClocksFreq
</UL>
<BR>[Calls]<UL><LI><a href="#[93]">&gt;&gt;</a>&nbsp;&nbsp;&nbsp;I2C_Config
<LI><a href="#[89]">&gt;&gt;</a>&nbsp;&nbsp;&nbsp;GPIO_Init
<LI><a href="#[87]">&gt;&gt;</a>&nbsp;&nbsp;&nbsp;RCC_AHB1PeriphClockCmd
</UL>
<BR>[Called By]<UL><LI><a href="#[ae]">&gt;&gt;</a>&nbsp;&nbsp;&nbsp;QCopterFC_Init
</UL>

<P><STRONG><a name="[b6]"></a>Sensor_Init</STRONG> (Thumb, 176 bytes, Stack size 8 bytes, module_sensor.o(.text))
<BR><BR>[Stack]<UL><LI>Max Depth = 160<LI>Call Chain = Sensor_Init &rArr; MS5611_Init &rArr; MS5611_ReadPROM &rArr; I2C_WriteByte &rArr; I2C_CheckEvent
</UL>
<BR>[Calls]<UL><LI><a href="#[d8]">&gt;&gt;</a>&nbsp;&nbsp;&nbsp;MS5611_Init
<LI><a href="#[d7]">&gt;&gt;</a>&nbsp;&nbsp;&nbsp;MPU9150_Init
</UL>
<BR>[Called By]<UL><LI><a href="#[ae]">&gt;&gt;</a>&nbsp;&nbsp;&nbsp;QCopterFC_Init
</UL>

<P><STRONG><a name="[d7]"></a>MPU9150_Init</STRONG> (Thumb, 256 bytes, Stack size 32 bytes, module_mpu9150.o(.text))
<BR><BR>[Stack]<UL><LI>Max Depth = 144<LI>Call Chain = MPU9150_Init &rArr; I2C_DMA_WriteReg &rArr; I2C_CheckEvent
</UL>
<BR>[Calls]<UL><LI><a href="#[aa]">&gt;&gt;</a>&nbsp;&nbsp;&nbsp;I2C_DMA_WriteReg
<LI><a href="#[a7]">&gt;&gt;</a>&nbsp;&nbsp;&nbsp;I2C_DMA_ReadReg
<LI><a href="#[9d]">&gt;&gt;</a>&nbsp;&nbsp;&nbsp;Delay_1ms
</UL>
<BR>[Called By]<UL><LI><a href="#[b6]">&gt;&gt;</a>&nbsp;&nbsp;&nbsp;Sensor_Init
</UL>

<P><STRONG><a name="[bc]"></a>MPU9150_Read</STRONG> (Thumb, 242 bytes, Stack size 40 bytes, module_mpu9150.o(.text))
<BR><BR>[Stack]<UL><LI>Max Depth = 152<LI>Call Chain = MPU9150_Read &rArr; I2C_DMA_WriteReg &rArr; I2C_CheckEvent
</UL>
<BR>[Calls]<UL><LI><a href="#[aa]">&gt;&gt;</a>&nbsp;&nbsp;&nbsp;I2C_DMA_WriteReg
<LI><a href="#[a7]">&gt;&gt;</a>&nbsp;&nbsp;&nbsp;I2C_DMA_ReadReg
<LI><a href="#[bb]">&gt;&gt;</a>&nbsp;&nbsp;&nbsp;__aeabi_memclr4
</UL>
<BR>[Called By]<UL><LI><a href="#[9]">&gt;&gt;</a>&nbsp;&nbsp;&nbsp;SysTick_Handler
</UL>

<P><STRONG><a name="[d8]"></a>MS5611_Init</STRONG> (Thumb, 84 bytes, Stack size 16 bytes, module_ms5611.o(.text))
<BR><BR>[Stack]<UL><LI>Max Depth = 152<LI>Call Chain = MS5611_Init &rArr; MS5611_ReadPROM &rArr; I2C_WriteByte &rArr; I2C_CheckEvent
</UL>
<BR>[Calls]<UL><LI><a href="#[a3]">&gt;&gt;</a>&nbsp;&nbsp;&nbsp;I2C_WriteByte
<LI><a href="#[9d]">&gt;&gt;</a>&nbsp;&nbsp;&nbsp;Delay_1ms
<LI><a href="#[dd]">&gt;&gt;</a>&nbsp;&nbsp;&nbsp;MS5611_ReadPROM
<LI><a href="#[dc]">&gt;&gt;</a>&nbsp;&nbsp;&nbsp;MS5611_ConvADC
<LI><a href="#[db]">&gt;&gt;</a>&nbsp;&nbsp;&nbsp;MS5611_ReadADC
<LI><a href="#[d9]">&gt;&gt;</a>&nbsp;&nbsp;&nbsp;MS5611_Calculate
</UL>
<BR>[Called By]<UL><LI><a href="#[b6]">&gt;&gt;</a>&nbsp;&nbsp;&nbsp;Sensor_Init
</UL>

<P><STRONG><a name="[bd]"></a>MS5611_Read</STRONG> (Thumb, 100 bytes, Stack size 16 bytes, module_ms5611.o(.text))
<BR><BR>[Stack]<UL><LI>Max Depth = 144<LI>Call Chain = MS5611_Read &rArr; MS5611_ReadADC &rArr; I2C_WriteByte &rArr; I2C_CheckEvent
</UL>
<BR>[Calls]<UL><LI><a href="#[dc]">&gt;&gt;</a>&nbsp;&nbsp;&nbsp;MS5611_ConvADC
<LI><a href="#[db]">&gt;&gt;</a>&nbsp;&nbsp;&nbsp;MS5611_ReadADC
<LI><a href="#[d9]">&gt;&gt;</a>&nbsp;&nbsp;&nbsp;MS5611_Calculate
</UL>
<BR>[Called By]<UL><LI><a href="#[9]">&gt;&gt;</a>&nbsp;&nbsp;&nbsp;SysTick_Handler
</UL>

<P><STRONG><a name="[d2]"></a>Str_NumToChar</STRONG> (Thumb, 414 bytes, Stack size 224 bytes, algorithm_string.o(.text), UNUSED)
<BR><BR>[Calls]<UL><LI><a href="#[bb]">&gt;&gt;</a>&nbsp;&nbsp;&nbsp;__aeabi_memclr4
</UL>
<BR>[Called By]<UL><LI><a href="#[d1]">&gt;&gt;</a>&nbsp;&nbsp;&nbsp;RS232_SendNum
</UL>

<P><STRONG><a name="[1c1]"></a>Str_LenOfStr</STRONG> (Thumb, 26 bytes, Stack size 0 bytes, algorithm_string.o(.text), UNUSED)

<P><STRONG><a name="[c0]"></a>MoveAve_SMA</STRONG> (Thumb, 66 bytes, Stack size 16 bytes, algorithm_moveave.o(.text))
<BR><BR>[Stack]<UL><LI>Max Depth = 16<LI>Call Chain = MoveAve_SMA
</UL>
<BR>[Called By]<UL><LI><a href="#[9]">&gt;&gt;</a>&nbsp;&nbsp;&nbsp;SysTick_Handler
</UL>

<P><STRONG><a name="[1c2]"></a>MoveAve_WMA</STRONG> (Thumb, 86 bytes, Stack size 20 bytes, algorithm_moveave.o(.text), UNUSED)

<P><STRONG><a name="[da]"></a>__aeabi_uldivmod</STRONG> (Thumb, 98 bytes, Stack size 40 bytes, uldiv.o(.text))
<BR><BR>[Stack]<UL><LI>Max Depth = 40<LI>Call Chain = __aeabi_uldivmod
</UL>
<BR>[Calls]<UL><LI><a href="#[de]">&gt;&gt;</a>&nbsp;&nbsp;&nbsp;__aeabi_llsr
<LI><a href="#[df]">&gt;&gt;</a>&nbsp;&nbsp;&nbsp;__aeabi_llsl
</UL>
<BR>[Called By]<UL><LI><a href="#[d9]">&gt;&gt;</a>&nbsp;&nbsp;&nbsp;MS5611_Calculate
</UL>

<P><STRONG><a name="[e0]"></a>__aeabi_memset</STRONG> (Thumb, 14 bytes, Stack size 0 bytes, memseta.o(.text))
<BR><BR>[Called By]<UL><LI><a href="#[e1]">&gt;&gt;</a>&nbsp;&nbsp;&nbsp;_memset$wrapper
<LI><a href="#[bf]">&gt;&gt;</a>&nbsp;&nbsp;&nbsp;__aeabi_memclr
</UL>

<P><STRONG><a name="[1c3]"></a>__aeabi_memset4</STRONG> (Thumb, 0 bytes, Stack size 0 bytes, memseta.o(.text), UNUSED)

<P><STRONG><a name="[1c4]"></a>__aeabi_memset8</STRONG> (Thumb, 0 bytes, Stack size 0 bytes, memseta.o(.text), UNUSED)

<P><STRONG><a name="[bf]"></a>__aeabi_memclr</STRONG> (Thumb, 4 bytes, Stack size 0 bytes, memseta.o(.text))
<BR><BR>[Calls]<UL><LI><a href="#[e0]">&gt;&gt;</a>&nbsp;&nbsp;&nbsp;__aeabi_memset
</UL>
<BR>[Called By]<UL><LI><a href="#[9]">&gt;&gt;</a>&nbsp;&nbsp;&nbsp;SysTick_Handler
</UL>

<P><STRONG><a name="[bb]"></a>__aeabi_memclr4</STRONG> (Thumb, 0 bytes, Stack size 0 bytes, memseta.o(.text))
<BR><BR>[Called By]<UL><LI><a href="#[d2]">&gt;&gt;</a>&nbsp;&nbsp;&nbsp;Str_NumToChar
<LI><a href="#[d1]">&gt;&gt;</a>&nbsp;&nbsp;&nbsp;RS232_SendNum
<LI><a href="#[bc]">&gt;&gt;</a>&nbsp;&nbsp;&nbsp;MPU9150_Read
<LI><a href="#[9]">&gt;&gt;</a>&nbsp;&nbsp;&nbsp;SysTick_Handler
</UL>

<P><STRONG><a name="[1c5]"></a>__aeabi_memclr8</STRONG> (Thumb, 0 bytes, Stack size 0 bytes, memseta.o(.text), UNUSED)

<P><STRONG><a name="[e1]"></a>_memset$wrapper</STRONG> (Thumb, 18 bytes, Stack size 8 bytes, memseta.o(.text), UNUSED)
<BR><BR>[Calls]<UL><LI><a href="#[e0]">&gt;&gt;</a>&nbsp;&nbsp;&nbsp;__aeabi_memset
</UL>

<P><STRONG><a name="[df]"></a>__aeabi_llsl</STRONG> (Thumb, 30 bytes, Stack size 0 bytes, llshl.o(.text))
<BR><BR>[Called By]<UL><LI><a href="#[da]">&gt;&gt;</a>&nbsp;&nbsp;&nbsp;__aeabi_uldivmod
</UL>

<P><STRONG><a name="[1c6]"></a>_ll_shift_l</STRONG> (Thumb, 0 bytes, Stack size 0 bytes, llshl.o(.text), UNUSED)

<P><STRONG><a name="[de]"></a>__aeabi_llsr</STRONG> (Thumb, 32 bytes, Stack size 0 bytes, llushr.o(.text))
<BR><BR>[Called By]<UL><LI><a href="#[da]">&gt;&gt;</a>&nbsp;&nbsp;&nbsp;__aeabi_uldivmod
</UL>

<P><STRONG><a name="[1c7]"></a>_ll_ushift_r</STRONG> (Thumb, 0 bytes, Stack size 0 bytes, llushr.o(.text), UNUSED)

<P><STRONG><a name="[60]"></a>__scatterload</STRONG> (Thumb, 28 bytes, Stack size 0 bytes, init.o(.text))
<BR><BR>[Calls]<UL><LI><a href="#[e2]">&gt;&gt;</a>&nbsp;&nbsp;&nbsp;__main_after_scatterload
</UL>
<BR>[Called By]<UL><LI><a href="#[5f]">&gt;&gt;</a>&nbsp;&nbsp;&nbsp;_main_scatterload
</UL>

<P><STRONG><a name="[1c8]"></a>__scatterload_rt2</STRONG> (Thumb, 0 bytes, Stack size 0 bytes, init.o(.text), UNUSED)

<P><STRONG><a name="[1c9]"></a>__scatterload_copy</STRONG> (Thumb, 14 bytes, Stack size unknown bytes, handlers.o(i.__scatterload_copy), UNUSED)

<P><STRONG><a name="[1ca]"></a>__scatterload_null</STRONG> (Thumb, 2 bytes, Stack size unknown bytes, handlers.o(i.__scatterload_null), UNUSED)

<P><STRONG><a name="[1cb]"></a>__scatterload_zeroinit</STRONG> (Thumb, 14 bytes, Stack size unknown bytes, handlers.o(i.__scatterload_zeroinit), UNUSED)

<P><STRONG><a name="[c1]"></a>free</STRONG> (Thumb, 76 bytes, Stack size 8 bytes, malloc.o(i.free))
<BR><BR>[Stack]<UL><LI>Max Depth = 8<LI>Call Chain = free
</UL>
<BR>[Called By]<UL><LI><a href="#[9]">&gt;&gt;</a>&nbsp;&nbsp;&nbsp;SysTick_Handler
</UL>

<P><STRONG><a name="[be]"></a>malloc</STRONG> (Thumb, 92 bytes, Stack size 20 bytes, malloc.o(i.malloc))
<BR><BR>[Stack]<UL><LI>Max Depth = 20<LI>Call Chain = malloc
</UL>
<BR>[Called By]<UL><LI><a href="#[9]">&gt;&gt;</a>&nbsp;&nbsp;&nbsp;SysTick_Handler
</UL>
<P>
<H3>
Local Symbols
</H3>
<P><STRONG><a name="[61]"></a>SetSysClock</STRONG> (Thumb, 218 bytes, Stack size 12 bytes, system_stm32f4xx.o(.text))
<BR><BR>[Stack]<UL><LI>Max Depth = 12<LI>Call Chain = SetSysClock
</UL>
<BR>[Called By]<UL><LI><a href="#[5d]">&gt;&gt;</a>&nbsp;&nbsp;&nbsp;SystemInit
</UL>

<P><STRONG><a name="[6e]"></a>TI4_Config</STRONG> (Thumb, 80 bytes, Stack size 20 bytes, stm32f4xx_tim.o(.text), UNUSED)
<BR><BR>[Called By]<UL><LI><a href="#[67]">&gt;&gt;</a>&nbsp;&nbsp;&nbsp;TIM_ICInit
</UL>

<P><STRONG><a name="[6c]"></a>TI3_Config</STRONG> (Thumb, 72 bytes, Stack size 20 bytes, stm32f4xx_tim.o(.text), UNUSED)
<BR><BR>[Called By]<UL><LI><a href="#[67]">&gt;&gt;</a>&nbsp;&nbsp;&nbsp;TIM_ICInit
</UL>

<P><STRONG><a name="[6a]"></a>TI2_Config</STRONG> (Thumb, 90 bytes, Stack size 20 bytes, stm32f4xx_tim.o(.text), UNUSED)
<BR><BR>[Called By]<UL><LI><a href="#[73]">&gt;&gt;</a>&nbsp;&nbsp;&nbsp;TIM_TIxExternalClockConfig
<LI><a href="#[70]">&gt;&gt;</a>&nbsp;&nbsp;&nbsp;TIM_PWMIConfig
<LI><a href="#[67]">&gt;&gt;</a>&nbsp;&nbsp;&nbsp;TIM_ICInit
</UL>

<P><STRONG><a name="[68]"></a>TI1_Config</STRONG> (Thumb, 58 bytes, Stack size 20 bytes, stm32f4xx_tim.o(.text), UNUSED)
<BR><BR>[Called By]<UL><LI><a href="#[73]">&gt;&gt;</a>&nbsp;&nbsp;&nbsp;TIM_TIxExternalClockConfig
<LI><a href="#[70]">&gt;&gt;</a>&nbsp;&nbsp;&nbsp;TIM_PWMIConfig
<LI><a href="#[67]">&gt;&gt;</a>&nbsp;&nbsp;&nbsp;TIM_ICInit
</UL>

<P><STRONG><a name="[9c]"></a>I2C_TimeOut</STRONG> (Thumb, 10 bytes, Stack size 0 bytes, stm32f4_i2c.o(.text))
<BR><BR>[Calls]<UL><LI><a href="#[9d]">&gt;&gt;</a>&nbsp;&nbsp;&nbsp;Delay_1ms
</UL>
<BR>[Called By]<UL><LI><a href="#[ab]">&gt;&gt;</a>&nbsp;&nbsp;&nbsp;I2C_TX_DMA_IRQ
<LI><a href="#[aa]">&gt;&gt;</a>&nbsp;&nbsp;&nbsp;I2C_DMA_WriteReg
<LI><a href="#[a7]">&gt;&gt;</a>&nbsp;&nbsp;&nbsp;I2C_DMA_ReadReg
<LI><a href="#[a3]">&gt;&gt;</a>&nbsp;&nbsp;&nbsp;I2C_WriteByte
<LI><a href="#[9e]">&gt;&gt;</a>&nbsp;&nbsp;&nbsp;I2C_ReadByte
</UL>

<P><STRONG><a name="[d6]"></a>RS232_VisualScope_CRC16</STRONG> (Thumb, 58 bytes, Stack size 12 bytes, module_rs232.o(.text))
<BR><BR>[Stack]<UL><LI>Max Depth = 12<LI>Call Chain = RS232_VisualScope_CRC16
</UL>
<BR>[Called By]<UL><LI><a href="#[ba]">&gt;&gt;</a>&nbsp;&nbsp;&nbsp;RS232_VisualScope
</UL>

<P><STRONG><a name="[d9]"></a>MS5611_Calculate</STRONG> (Thumb, 214 bytes, Stack size 24 bytes, module_ms5611.o(.text))
<BR><BR>[Stack]<UL><LI>Max Depth = 64<LI>Call Chain = MS5611_Calculate &rArr; __aeabi_uldivmod
</UL>
<BR>[Calls]<UL><LI><a href="#[da]">&gt;&gt;</a>&nbsp;&nbsp;&nbsp;__aeabi_uldivmod
</UL>
<BR>[Called By]<UL><LI><a href="#[d8]">&gt;&gt;</a>&nbsp;&nbsp;&nbsp;MS5611_Init
<LI><a href="#[bd]">&gt;&gt;</a>&nbsp;&nbsp;&nbsp;MS5611_Read
</UL>

<P><STRONG><a name="[db]"></a>MS5611_ReadADC</STRONG> (Thumb, 64 bytes, Stack size 24 bytes, module_ms5611.o(.text))
<BR><BR>[Stack]<UL><LI>Max Depth = 128<LI>Call Chain = MS5611_ReadADC &rArr; I2C_WriteByte &rArr; I2C_CheckEvent
</UL>
<BR>[Calls]<UL><LI><a href="#[a3]">&gt;&gt;</a>&nbsp;&nbsp;&nbsp;I2C_WriteByte
<LI><a href="#[9e]">&gt;&gt;</a>&nbsp;&nbsp;&nbsp;I2C_ReadByte
</UL>
<BR>[Called By]<UL><LI><a href="#[d8]">&gt;&gt;</a>&nbsp;&nbsp;&nbsp;MS5611_Init
<LI><a href="#[bd]">&gt;&gt;</a>&nbsp;&nbsp;&nbsp;MS5611_Read
</UL>

<P><STRONG><a name="[dc]"></a>MS5611_ConvADC</STRONG> (Thumb, 18 bytes, Stack size 16 bytes, module_ms5611.o(.text))
<BR><BR>[Stack]<UL><LI>Max Depth = 120<LI>Call Chain = MS5611_ConvADC &rArr; I2C_WriteByte &rArr; I2C_CheckEvent
</UL>
<BR>[Calls]<UL><LI><a href="#[a3]">&gt;&gt;</a>&nbsp;&nbsp;&nbsp;I2C_WriteByte
</UL>
<BR>[Called By]<UL><LI><a href="#[d8]">&gt;&gt;</a>&nbsp;&nbsp;&nbsp;MS5611_Init
<LI><a href="#[bd]">&gt;&gt;</a>&nbsp;&nbsp;&nbsp;MS5611_Read
</UL>

<P><STRONG><a name="[dd]"></a>MS5611_ReadPROM</STRONG> (Thumb, 82 bytes, Stack size 32 bytes, module_ms5611.o(.text))
<BR><BR>[Stack]<UL><LI>Max Depth = 136<LI>Call Chain = MS5611_ReadPROM &rArr; I2C_WriteByte &rArr; I2C_CheckEvent
</UL>
<BR>[Calls]<UL><LI><a href="#[a3]">&gt;&gt;</a>&nbsp;&nbsp;&nbsp;I2C_WriteByte
<LI><a href="#[9e]">&gt;&gt;</a>&nbsp;&nbsp;&nbsp;I2C_ReadByte
</UL>
<BR>[Called By]<UL><LI><a href="#[d8]">&gt;&gt;</a>&nbsp;&nbsp;&nbsp;MS5611_Init
</UL>
<P>
<H3>
Undefined Global Symbols
</H3><HR></body></html>
