ARM Linker, 5.03 [Build 76] [MDK-ARM Standard]

==============================================================================

Section Cross References

    startup_stm32f40xx.o(RESET) refers to startup_stm32f40xx.o(STACK) for __initial_sp
    startup_stm32f40xx.o(RESET) refers to startup_stm32f40xx.o(.text) for Reset_Handler
    startup_stm32f40xx.o(RESET) refers to qcopterfc_it.o(.text) for NMI_Handler
    startup_stm32f40xx.o(.text) refers to system_stm32f4xx.o(.text) for SystemInit
    startup_stm32f40xx.o(.text) refers to entry.o(.ARM.Collect$$$$00000000) for __main
    system_stm32f4xx.o(.text) refers to system_stm32f4xx.o(.data) for SystemCoreClock
    stm32f4xx_rcc.o(.text) refers to stm32f4xx_rcc.o(.data) for APBAHBPrescTable
    stm32f4xx_tim.o(.text) refers to stm32f4xx_rcc.o(.text) for RCC_APB2PeriphResetCmd
    stm32f4xx_gpio.o(.text) refers to stm32f4xx_rcc.o(.text) for RCC_AHB1PeriphResetCmd
    stm32f4xx_adc.o(.text) refers to stm32f4xx_rcc.o(.text) for RCC_APB2PeriphResetCmd
    stm32f4xx_usart.o(.text) refers to stm32f4xx_rcc.o(.text) for RCC_APB2PeriphResetCmd
    stm32f4xx_i2c.o(.text) refers to stm32f4xx_rcc.o(.text) for RCC_APB1PeriphResetCmd
    stm32f4_usart.o(.text) refers to stm32f4xx_usart.o(.text) for USART_SendData
    stm32f4_adc.o(.text) refers to stm32f4xx_rcc.o(.text) for RCC_AHB1PeriphClockCmd
    stm32f4_adc.o(.text) refers to stm32f4xx_gpio.o(.text) for GPIO_Init
    stm32f4_adc.o(.text) refers to stm32f4xx_dma.o(.text) for DMA_Init
    stm32f4_adc.o(.text) refers to stm32f4xx_adc.o(.text) for ADC_CommonInit
    stm32f4_adc.o(.text) refers to stm32f4_adc.o(.bss) for ADC_DMA_BufI
    stm32f4_flash.o(.text) refers to stm32f4xx_flash.o(.text) for FLASH_Unlock
    stm32f4_i2c.o(.text) refers to stm32f4xx_rcc.o(.text) for RCC_APB1PeriphClockCmd
    stm32f4_i2c.o(.text) refers to stm32f4xx_gpio.o(.text) for GPIO_PinAFConfig
    stm32f4_i2c.o(.text) refers to misc.o(.text) for NVIC_Init
    stm32f4_i2c.o(.text) refers to stm32f4xx_dma.o(.text) for DMA_ClearFlag
    stm32f4_i2c.o(.text) refers to stm32f4xx_i2c.o(.text) for I2C_Cmd
    stm32f4_i2c.o(.text) refers to stm32f4_delay.o(.text) for Delay_1ms
    stm32f4_i2c.o(.text) refers to stm32f4_i2c.o(.data) for I2C_ReadPtr
    qcopterfc.o(.text) refers to system_stm32f4xx.o(.text) for SystemInit
    qcopterfc.o(.text) refers to qcopterfc_board.o(.text) for LED_Config
    qcopterfc.o(.text) refers to stm32f4_adc.o(.text) for ADC_Config
    qcopterfc.o(.text) refers to module_rs232.o(.text) for RS232_Config
    qcopterfc.o(.text) refers to module_sensor.o(.text) for Sensor_Config
    qcopterfc.o(.text) refers to qcopterfc_ctrl.o(.text) for BLDC_Config
    qcopterfc.o(.text) refers to stm32f4_delay.o(.text) for Delay_10ms
    qcopterfc.o(.text) refers to system_stm32f4xx.o(.data) for SystemCoreClock
    qcopterfc.o(.text) refers to qcopterfc.o(.data) for SEN_STATE
    qcopterfc.o(.text) refers to qcopterfc_it.o(.data) for Time_Sec
    qcopterfc.o(.text) refers to module_sensor.o(.bss) for Acc
    qcopterfc_it.o(.text) refers to memseta.o(.text) for __aeabi_memclr4
    qcopterfc_it.o(.text) refers to module_mpu9150.o(.text) for MPU9150_Read
    qcopterfc_it.o(.text) refers to module_ms5611.o(.text) for MS5611_Read
    qcopterfc_it.o(.text) refers to malloc.o(i.malloc) for malloc
    qcopterfc_it.o(.text) refers to algorithm_moveave.o(.text) for MoveAve_SMA
    qcopterfc_it.o(.text) refers to malloc.o(i.free) for free
    qcopterfc_it.o(.text) refers to qcopterfc_it.o(.data) for SysTick_Cnt
    qcopterfc_it.o(.text) refers to module_ms5611.o(.bss) for Baro
    qcopterfc_it.o(.text) refers to module_sensor.o(.bss) for Acc
    qcopterfc_it.o(.text) refers to module_sensor.o(.data) for Temp
    qcopterfc_it.o(.text) refers to qcopterfc.o(.data) for SEN_STATE
    qcopterfc_it.o(.text) refers to stm32f4_delay.o(.text) for Delay_100ms
    qcopterfc_it.o(.text) refers to stm32f4_i2c.o(.text) for I2C_RX_DMA_IRQ
    qcopterfc_board.o(.text) refers to stm32f4xx_rcc.o(.text) for RCC_AHB1PeriphClockCmd
    qcopterfc_board.o(.text) refers to stm32f4xx_gpio.o(.text) for GPIO_Init
    qcopterfc_ctrl.o(.text) refers to stm32f4xx_rcc.o(.text) for RCC_AHB1PeriphClockCmd
    qcopterfc_ctrl.o(.text) refers to stm32f4xx_gpio.o(.text) for GPIO_PinAFConfig
    qcopterfc_ctrl.o(.text) refers to stm32f4xx_tim.o(.text) for TIM_DeInit
    module_rs232.o(.text) refers to stm32f4xx_rcc.o(.text) for RCC_AHB1PeriphClockCmd
    module_rs232.o(.text) refers to stm32f4xx_gpio.o(.text) for GPIO_PinAFConfig
    module_rs232.o(.text) refers to stm32f4xx_usart.o(.text) for USART_Init
    module_rs232.o(.text) refers to stm32f4_usart.o(.text) for UART_SendByte
    module_rs232.o(.text) refers to memseta.o(.text) for __aeabi_memclr4
    module_rs232.o(.text) refers to algorithm_string.o(.text) for Str_NumToChar
    module_sensor.o(.text) refers to stm32f4xx_rcc.o(.text) for RCC_AHB1PeriphClockCmd
    module_sensor.o(.text) refers to stm32f4xx_gpio.o(.text) for GPIO_Init
    module_sensor.o(.text) refers to stm32f4_i2c.o(.text) for I2C_Config
    module_sensor.o(.text) refers to module_mpu9150.o(.text) for MPU9150_Init
    module_sensor.o(.text) refers to module_ms5611.o(.text) for MS5611_Init
    module_sensor.o(.text) refers to module_sensor.o(.bss) for Acc
    module_sensor.o(.text) refers to module_sensor.o(.data) for Temp
    module_sensor.o(.text) refers to module_ms5611.o(.bss) for Baro
    module_mpu9150.o(.text) refers to stm32f4_i2c.o(.text) for I2C_DMA_ReadReg
    module_mpu9150.o(.text) refers to stm32f4_delay.o(.text) for Delay_1ms
    module_mpu9150.o(.text) refers to memseta.o(.text) for __aeabi_memclr4
    module_mpu9150.o(.text) refers to module_mpu9150.o(.constdata) for .constdata
    module_mpu9150.o(.text) refers to module_sensor.o(.bss) for Mag
    module_ms5611.o(.text) refers to uldiv.o(.text) for __aeabi_uldivmod
    module_ms5611.o(.text) refers to stm32f4_i2c.o(.text) for I2C_WriteByte
    module_ms5611.o(.text) refers to stm32f4_delay.o(.text) for Delay_1ms
    module_ms5611.o(.text) refers to module_ms5611.o(.data) for ReadSta
    algorithm_string.o(.text) refers to memseta.o(.text) for __aeabi_memclr4
    algorithm_ellipsefitting.o(.text) refers to memseta.o(.text) for __aeabi_memclr4
    algorithm_ellipsefitting.o(.text) refers to sqrtf.o(i.__hardfp_sqrtf) for __hardfp_sqrtf
    algorithm_ellipsefitting.o(.text) refers to atanf.o(i.__hardfp_atanf) for __hardfp_atanf
    algorithm_ellipsefitting.o(.text) refers to cosf.o(i.__hardfp_cosf) for __hardfp_cosf
    atanf.o(i.__hardfp_atanf) refers (Special) to iusefp.o(.text) for __I$use$fp
    atanf.o(i.__hardfp_atanf) refers to fpclassifyf.o(i.__ARM_fpclassifyf) for __ARM_fpclassifyf
    atanf.o(i.__hardfp_atanf) refers to funder.o(i.__mathlib_flt_underflow) for __mathlib_flt_underflow
    atanf.o(i.__softfp_atanf) refers (Special) to iusefp.o(.text) for __I$use$fp
    atanf.o(i.__softfp_atanf) refers to atanf.o(i.__hardfp_atanf) for __hardfp_atanf
    atanf.o(i.atanf) refers (Special) to iusefp.o(.text) for __I$use$fp
    atanf.o(i.atanf) refers to atanf.o(i.__hardfp_atanf) for __hardfp_atanf
    atanf_x.o(i.____hardfp_atanf$lsc) refers (Special) to iusefp.o(.text) for __I$use$fp
    atanf_x.o(i.____softfp_atanf$lsc) refers (Special) to iusefp.o(.text) for __I$use$fp
    atanf_x.o(i.____softfp_atanf$lsc) refers to atanf_x.o(i.____hardfp_atanf$lsc) for ____hardfp_atanf$lsc
    atanf_x.o(i.__atanf$lsc) refers (Special) to iusefp.o(.text) for __I$use$fp
    atanf_x.o(i.__atanf$lsc) refers to atanf_x.o(i.____hardfp_atanf$lsc) for ____hardfp_atanf$lsc
    cosf.o(i.__hardfp_cosf) refers (Special) to iusefp.o(.text) for __I$use$fp
    cosf.o(i.__hardfp_cosf) refers to rredf.o(i.__mathlib_rredf2) for __mathlib_rredf2
    cosf.o(i.__hardfp_cosf) refers to errno.o(i.__set_errno) for __set_errno
    cosf.o(i.__softfp_cosf) refers (Special) to iusefp.o(.text) for __I$use$fp
    cosf.o(i.__softfp_cosf) refers to cosf.o(i.__hardfp_cosf) for __hardfp_cosf
    cosf.o(i.cosf) refers (Special) to iusefp.o(.text) for __I$use$fp
    cosf.o(i.cosf) refers to cosf.o(i.__hardfp_cosf) for __hardfp_cosf
    cosf_x.o(i.____hardfp_cosf$lsc) refers (Special) to iusefp.o(.text) for __I$use$fp
    cosf_x.o(i.____hardfp_cosf$lsc) refers to rredf.o(i.__mathlib_rredf2) for __mathlib_rredf2
    cosf_x.o(i.____hardfp_cosf$lsc) refers to errno.o(i.__set_errno) for __set_errno
    cosf_x.o(i.____softfp_cosf$lsc) refers (Special) to iusefp.o(.text) for __I$use$fp
    cosf_x.o(i.____softfp_cosf$lsc) refers to cosf_x.o(i.____hardfp_cosf$lsc) for ____hardfp_cosf$lsc
    cosf_x.o(i.__cosf$lsc) refers (Special) to iusefp.o(.text) for __I$use$fp
    cosf_x.o(i.__cosf$lsc) refers to cosf_x.o(i.____hardfp_cosf$lsc) for ____hardfp_cosf$lsc
    sqrtf.o(i.__hardfp_sqrtf) refers (Special) to iusefp.o(.text) for __I$use$fp
    sqrtf.o(i.__hardfp_sqrtf) refers to errno.o(i.__set_errno) for __set_errno
    sqrtf.o(i.__softfp_sqrtf) refers (Special) to iusefp.o(.text) for __I$use$fp
    sqrtf.o(i.__softfp_sqrtf) refers to errno.o(i.__set_errno) for __set_errno
    sqrtf.o(i.sqrtf) refers (Special) to iusefp.o(.text) for __I$use$fp
    sqrtf.o(i.sqrtf) refers to errno.o(i.__set_errno) for __set_errno
    sqrtf_x.o(i.____hardfp_sqrtf$lsc) refers (Special) to iusefp.o(.text) for __I$use$fp
    sqrtf_x.o(i.____hardfp_sqrtf$lsc) refers to errno.o(i.__set_errno) for __set_errno
    sqrtf_x.o(i.____softfp_sqrtf$lsc) refers (Special) to iusefp.o(.text) for __I$use$fp
    sqrtf_x.o(i.____softfp_sqrtf$lsc) refers to errno.o(i.__set_errno) for __set_errno
    sqrtf_x.o(i.__sqrtf$lsc) refers (Special) to iusefp.o(.text) for __I$use$fp
    sqrtf_x.o(i.__sqrtf$lsc) refers to errno.o(i.__set_errno) for __set_errno
    entry.o(.ARM.Collect$$$$00000000) refers (Special) to entry10a.o(.ARM.Collect$$$$0000000D) for __rt_final_cpp
    entry.o(.ARM.Collect$$$$00000000) refers (Special) to entry11a.o(.ARM.Collect$$$$0000000F) for __rt_final_exit
    entry.o(.ARM.Collect$$$$00000000) refers (Special) to entry7b.o(.ARM.Collect$$$$00000008) for _main_clock
    entry.o(.ARM.Collect$$$$00000000) refers (Special) to entry8b.o(.ARM.Collect$$$$0000000A) for _main_cpp_init
    entry.o(.ARM.Collect$$$$00000000) refers (Special) to entry9a.o(.ARM.Collect$$$$0000000B) for _main_init
    entry.o(.ARM.Collect$$$$00000000) refers (Special) to entry5.o(.ARM.Collect$$$$00000004) for _main_scatterload
    entry.o(.ARM.Collect$$$$00000000) refers (Special) to entry2.o(.ARM.Collect$$$$00000001) for _main_stk
    uldiv.o(.text) refers to llushr.o(.text) for __aeabi_llsr
    uldiv.o(.text) refers to llshl.o(.text) for __aeabi_llsl
    malloc.o(i.free) refers to mvars.o(.data) for __microlib_freelist
    malloc.o(i.malloc) refers to mvars.o(.data) for __microlib_freelist_initialised
    malloc.o(i.malloc) refers to mvars.o(.data) for __microlib_freelist
    malloc.o(i.malloc) refers to startup_stm32f40xx.o(HEAP) for __heap_base
    mallocr.o(i.__free$realloc) refers to mvars.o(.data) for __microlib_freelist
    mallocr.o(i.__malloc$realloc) refers to mallocr.o(i.internal_alloc) for internal_alloc
    mallocr.o(i.__malloc$realloc) refers to mvars.o(.data) for __microlib_freelist_initialised
    mallocr.o(i.__malloc$realloc) refers to startup_stm32f40xx.o(HEAP) for __heap_base
    mallocr.o(i.__malloc$realloc) refers to mvars.o(.data) for __microlib_freelist
    mallocr.o(i.internal_alloc) refers to memcpya.o(.text) for __aeabi_memcpy
    mallocr.o(i.internal_alloc) refers to mvars.o(.data) for __microlib_freelist
    mallocr.o(i.realloc) refers to mallocr.o(i.__free$realloc) for __free$realloc
    mallocr.o(i.realloc) refers to mallocr.o(i.internal_alloc) for internal_alloc
    mallocr.o(i.realloc) refers to mallocr.o(i.__malloc$realloc) for __malloc$realloc
    mallocr.o(i.realloc) refers to mvars.o(.data) for __microlib_freelist
    malloca.o(i.__aligned_malloc) refers to mvars.o(.data) for __microlib_freelist_initialised
    malloca.o(i.__aligned_malloc) refers to mvars.o(.data) for __microlib_freelist
    malloca.o(i.__aligned_malloc) refers to startup_stm32f40xx.o(HEAP) for __heap_base
    malloca.o(i.__free$memalign) refers to mvars.o(.data) for __microlib_freelist
    malloca.o(i.__malloc$memalign) refers to malloca.o(i.__aligned_malloc) for __aligned_malloc
    mallocra.o(i.__aligned_malloc$realloc) refers to mallocra.o(i.internal_alloc) for internal_alloc
    mallocra.o(i.__aligned_malloc$realloc) refers to mvars.o(.data) for __microlib_freelist_initialised
    mallocra.o(i.__aligned_malloc$realloc) refers to startup_stm32f40xx.o(HEAP) for __heap_base
    mallocra.o(i.__aligned_malloc$realloc) refers to mvars.o(.data) for __microlib_freelist
    mallocra.o(i.__free$realloc$memalign) refers to mvars.o(.data) for __microlib_freelist
    mallocra.o(i.__malloc$realloc$memalign) refers to mallocra.o(i.__aligned_malloc$realloc) for __aligned_malloc$realloc
    mallocra.o(i.__realloc$memalign) refers to mallocra.o(i.__free$realloc$memalign) for __free$realloc$memalign
    mallocra.o(i.__realloc$memalign) refers to mallocra.o(i.internal_alloc) for internal_alloc
    mallocra.o(i.__realloc$memalign) refers to mallocra.o(i.__malloc$realloc$memalign) for __malloc$realloc$memalign
    mallocra.o(i.__realloc$memalign) refers to mvars.o(.data) for __microlib_freelist
    mallocra.o(i.internal_alloc) refers to memcpya.o(.text) for __aeabi_memcpy
    mallocra.o(i.internal_alloc) refers to mvars.o(.data) for __microlib_freelist
    fpclassifyf.o(i.__ARM_fpclassifyf) refers (Special) to iusefp.o(.text) for __I$use$fp
    rredf.o(i.__mathlib_rredf2) refers (Special) to iusefp.o(.text) for __I$use$fp
    rredf.o(i.__mathlib_rredf2) refers to rredf.o(.constdata) for .constdata
    rredf.o(.constdata) refers (Special) to iusefp.o(.text) for __I$use$fp
    entry2.o(.ARM.Collect$$$$00000001) refers to entry2.o(.ARM.Collect$$$$00002712) for __lit__00000000
    entry2.o(.ARM.Collect$$$$00002712) refers to startup_stm32f40xx.o(STACK) for __initial_sp
    entry2.o(__vectab_stack_and_reset_area) refers to startup_stm32f40xx.o(STACK) for __initial_sp
    entry2.o(__vectab_stack_and_reset_area) refers to entry.o(.ARM.Collect$$$$00000000) for __main
    entry5.o(.ARM.Collect$$$$00000004) refers to init.o(.text) for __scatterload
    entry9a.o(.ARM.Collect$$$$0000000B) refers to qcopterfc.o(.text) for main
    entry9b.o(.ARM.Collect$$$$0000000C) refers to qcopterfc.o(.text) for main
    errno.o(i.__aeabi_errno_addr) refers to errno.o(.data) for .data
    errno.o(i.__read_errno) refers to errno.o(.data) for .data
    errno.o(i.__set_errno) refers to errno.o(.data) for .data
    init.o(.text) refers to entry5.o(.ARM.Collect$$$$00000004) for __main_after_scatterload


==============================================================================

Removing Unused input sections from the image.

    Removing system_stm32f4xx.o(.rev16_text), (4 bytes).
    Removing system_stm32f4xx.o(.revsh_text), (4 bytes).
    Removing misc.o(.rev16_text), (4 bytes).
    Removing misc.o(.revsh_text), (4 bytes).
    Removing stm32f4xx_rcc.o(.rev16_text), (4 bytes).
    Removing stm32f4xx_rcc.o(.revsh_text), (4 bytes).
    Removing stm32f4xx_dma.o(.rev16_text), (4 bytes).
    Removing stm32f4xx_dma.o(.revsh_text), (4 bytes).
    Removing stm32f4xx_flash.o(.rev16_text), (4 bytes).
    Removing stm32f4xx_flash.o(.revsh_text), (4 bytes).
    Removing stm32f4xx_flash.o(.text), (1684 bytes).
    Removing stm32f4xx_tim.o(.rev16_text), (4 bytes).
    Removing stm32f4xx_tim.o(.revsh_text), (4 bytes).
    Removing stm32f4xx_gpio.o(.rev16_text), (4 bytes).
    Removing stm32f4xx_gpio.o(.revsh_text), (4 bytes).
    Removing stm32f4xx_adc.o(.rev16_text), (4 bytes).
    Removing stm32f4xx_adc.o(.revsh_text), (4 bytes).
    Removing stm32f4xx_usart.o(.rev16_text), (4 bytes).
    Removing stm32f4xx_usart.o(.revsh_text), (4 bytes).
    Removing stm32f4xx_i2c.o(.rev16_text), (4 bytes).
    Removing stm32f4xx_i2c.o(.revsh_text), (4 bytes).
    Removing stm32f4_delay.o(.rev16_text), (4 bytes).
    Removing stm32f4_delay.o(.revsh_text), (4 bytes).
    Removing stm32f4_usart.o(.rev16_text), (4 bytes).
    Removing stm32f4_usart.o(.revsh_text), (4 bytes).
    Removing stm32f4_adc.o(.rev16_text), (4 bytes).
    Removing stm32f4_adc.o(.revsh_text), (4 bytes).
    Removing stm32f4_flash.o(.rev16_text), (4 bytes).
    Removing stm32f4_flash.o(.revsh_text), (4 bytes).
    Removing stm32f4_flash.o(.text), (556 bytes).
    Removing stm32f4_i2c.o(.rev16_text), (4 bytes).
    Removing stm32f4_i2c.o(.revsh_text), (4 bytes).
    Removing qcopterfc.o(.rev16_text), (4 bytes).
    Removing qcopterfc.o(.revsh_text), (4 bytes).
    Removing qcopterfc_it.o(.rev16_text), (4 bytes).
    Removing qcopterfc_it.o(.revsh_text), (4 bytes).
    Removing qcopterfc_board.o(.rev16_text), (4 bytes).
    Removing qcopterfc_board.o(.revsh_text), (4 bytes).
    Removing qcopterfc_param.o(.rev16_text), (4 bytes).
    Removing qcopterfc_param.o(.revsh_text), (4 bytes).
    Removing qcopterfc_ctrl.o(.rev16_text), (4 bytes).
    Removing qcopterfc_ctrl.o(.revsh_text), (4 bytes).
    Removing module_rs232.o(.rev16_text), (4 bytes).
    Removing module_rs232.o(.revsh_text), (4 bytes).
    Removing module_sensor.o(.rev16_text), (4 bytes).
    Removing module_sensor.o(.revsh_text), (4 bytes).
    Removing module_mpu9150.o(.rev16_text), (4 bytes).
    Removing module_mpu9150.o(.revsh_text), (4 bytes).
    Removing module_ms5611.o(.rev16_text), (4 bytes).
    Removing module_ms5611.o(.revsh_text), (4 bytes).
    Removing algorithm_string.o(.rev16_text), (4 bytes).
    Removing algorithm_string.o(.revsh_text), (4 bytes).
    Removing algorithm_moveave.o(.rev16_text), (4 bytes).
    Removing algorithm_moveave.o(.revsh_text), (4 bytes).
    Removing algorithm_ellipsefitting.o(.rev16_text), (4 bytes).
    Removing algorithm_ellipsefitting.o(.revsh_text), (4 bytes).
    Removing algorithm_ellipsefitting.o(.text), (1574 bytes).

57 unused section(s) (total 4030 bytes) removed from the image.

==============================================================================

Image Symbol Table

    Local Symbols

    Symbol Name                              Value     Ov Type        Size  Object(Section)

    ../clib/microlib/division.c              0x00000000   Number         0  uldiv.o ABSOLUTE
    ../clib/microlib/errno.c                 0x00000000   Number         0  errno.o ABSOLUTE
    ../clib/microlib/init/entry.s            0x00000000   Number         0  entry11b.o ABSOLUTE
    ../clib/microlib/init/entry.s            0x00000000   Number         0  entry11a.o ABSOLUTE
    ../clib/microlib/init/entry.s            0x00000000   Number         0  entry2.o ABSOLUTE
    ../clib/microlib/init/entry.s            0x00000000   Number         0  entry10b.o ABSOLUTE
    ../clib/microlib/init/entry.s            0x00000000   Number         0  entry9b.o ABSOLUTE
    ../clib/microlib/init/entry.s            0x00000000   Number         0  entry9a.o ABSOLUTE
    ../clib/microlib/init/entry.s            0x00000000   Number         0  entry8b.o ABSOLUTE
    ../clib/microlib/init/entry.s            0x00000000   Number         0  entry5.o ABSOLUTE
    ../clib/microlib/init/entry.s            0x00000000   Number         0  entry8a.o ABSOLUTE
    ../clib/microlib/init/entry.s            0x00000000   Number         0  entry7b.o ABSOLUTE
    ../clib/microlib/init/entry.s            0x00000000   Number         0  entry7a.o ABSOLUTE
    ../clib/microlib/init/entry.s            0x00000000   Number         0  entry10a.o ABSOLUTE
    ../clib/microlib/init/entry.s            0x00000000   Number         0  entry.o ABSOLUTE
    ../clib/microlib/longlong.c              0x00000000   Number         0  llushr.o ABSOLUTE
    ../clib/microlib/longlong.c              0x00000000   Number         0  llshl.o ABSOLUTE
    ../clib/microlib/malloc/malloc.c         0x00000000   Number         0  mallocra.o ABSOLUTE
    ../clib/microlib/malloc/malloc.c         0x00000000   Number         0  mallocr.o ABSOLUTE
    ../clib/microlib/malloc/malloc.c         0x00000000   Number         0  malloca.o ABSOLUTE
    ../clib/microlib/malloc/malloc.c         0x00000000   Number         0  malloc.o ABSOLUTE
    ../clib/microlib/malloc/mvars.c          0x00000000   Number         0  mvars.o ABSOLUTE
    ../clib/microlib/string/memcpy.c         0x00000000   Number         0  memcpya.o ABSOLUTE
    ../clib/microlib/string/memcpy.c         0x00000000   Number         0  memcpyb.o ABSOLUTE
    ../clib/microlib/string/memset.c         0x00000000   Number         0  memseta.o ABSOLUTE
    ../clib/microlib/stubs.s                 0x00000000   Number         0  iusefp.o ABSOLUTE
    ../mathlib/atanf.c                       0x00000000   Number         0  atanf_x.o ABSOLUTE
    ../mathlib/atanf.c                       0x00000000   Number         0  atanf.o ABSOLUTE
    ../mathlib/cosf.c                        0x00000000   Number         0  cosf_x.o ABSOLUTE
    ../mathlib/cosf.c                        0x00000000   Number         0  cosf.o ABSOLUTE
    ../mathlib/fpclassifyf.c                 0x00000000   Number         0  fpclassifyf.o ABSOLUTE
    ../mathlib/funder.c                      0x00000000   Number         0  funder.o ABSOLUTE
    ../mathlib/rredf.c                       0x00000000   Number         0  rredf.o ABSOLUTE
    ../mathlib/sqrtf.c                       0x00000000   Number         0  sqrtf.o ABSOLUTE
    ../mathlib/sqrtf.c                       0x00000000   Number         0  sqrtf_x.o ABSOLUTE
    ..\Libraries\CMSIS\startup_stm32f40xx.s  0x00000000   Number         0  startup_stm32f40xx.o ABSOLUTE
    ..\Libraries\CMSIS\system_stm32f4xx.c    0x00000000   Number         0  system_stm32f4xx.o ABSOLUTE
    ..\Libraries\STM32F4xx_StdPeriph_Driver\src\misc.c 0x00000000   Number         0  misc.o ABSOLUTE
    ..\Libraries\STM32F4xx_StdPeriph_Driver\src\stm32f4xx_adc.c 0x00000000   Number         0  stm32f4xx_adc.o ABSOLUTE
    ..\Libraries\STM32F4xx_StdPeriph_Driver\src\stm32f4xx_dma.c 0x00000000   Number         0  stm32f4xx_dma.o ABSOLUTE
    ..\Libraries\STM32F4xx_StdPeriph_Driver\src\stm32f4xx_flash.c 0x00000000   Number         0  stm32f4xx_flash.o ABSOLUTE
    ..\Libraries\STM32F4xx_StdPeriph_Driver\src\stm32f4xx_gpio.c 0x00000000   Number         0  stm32f4xx_gpio.o ABSOLUTE
    ..\Libraries\STM32F4xx_StdPeriph_Driver\src\stm32f4xx_i2c.c 0x00000000   Number         0  stm32f4xx_i2c.o ABSOLUTE
    ..\Libraries\STM32F4xx_StdPeriph_Driver\src\stm32f4xx_rcc.c 0x00000000   Number         0  stm32f4xx_rcc.o ABSOLUTE
    ..\Libraries\STM32F4xx_StdPeriph_Driver\src\stm32f4xx_tim.c 0x00000000   Number         0  stm32f4xx_tim.o ABSOLUTE
    ..\Libraries\STM32F4xx_StdPeriph_Driver\src\stm32f4xx_usart.c 0x00000000   Number         0  stm32f4xx_usart.o ABSOLUTE
    ..\Program\Algorithms\algorithm_ellipseFitting.c 0x00000000   Number         0  algorithm_ellipsefitting.o ABSOLUTE
    ..\Program\Algorithms\algorithm_moveAve.c 0x00000000   Number         0  algorithm_moveave.o ABSOLUTE
    ..\Program\Algorithms\algorithm_string.c 0x00000000   Number         0  algorithm_string.o ABSOLUTE
    ..\Program\Dirvers\stm32f4_adc.c         0x00000000   Number         0  stm32f4_adc.o ABSOLUTE
    ..\Program\Dirvers\stm32f4_delay.c       0x00000000   Number         0  stm32f4_delay.o ABSOLUTE
    ..\Program\Dirvers\stm32f4_flash.c       0x00000000   Number         0  stm32f4_flash.o ABSOLUTE
    ..\Program\Dirvers\stm32f4_i2c.c         0x00000000   Number         0  stm32f4_i2c.o ABSOLUTE
    ..\Program\Dirvers\stm32f4_usart.c       0x00000000   Number         0  stm32f4_usart.o ABSOLUTE
    ..\Program\Modules\module_mpu9150.c      0x00000000   Number         0  module_mpu9150.o ABSOLUTE
    ..\Program\Modules\module_ms5611.c       0x00000000   Number         0  module_ms5611.o ABSOLUTE
    ..\Program\Modules\module_rs232.c        0x00000000   Number         0  module_rs232.o ABSOLUTE
    ..\Program\Modules\module_sensor.c       0x00000000   Number         0  module_sensor.o ABSOLUTE
    ..\Program\QCopterFC.c                   0x00000000   Number         0  qcopterfc.o ABSOLUTE
    ..\Program\QCopterFC_board.c             0x00000000   Number         0  qcopterfc_board.o ABSOLUTE
    ..\Program\QCopterFC_ctrl.c              0x00000000   Number         0  qcopterfc_ctrl.o ABSOLUTE
    ..\Program\QCopterFC_it.c                0x00000000   Number         0  qcopterfc_it.o ABSOLUTE
    ..\Program\QCopterFC_param.c             0x00000000   Number         0  qcopterfc_param.o ABSOLUTE
    ..\\Libraries\\CMSIS\\system_stm32f4xx.c 0x00000000   Number         0  system_stm32f4xx.o ABSOLUTE
    ..\\Libraries\\STM32F4xx_StdPeriph_Driver\\src\\misc.c 0x00000000   Number         0  misc.o ABSOLUTE
    ..\\Libraries\\STM32F4xx_StdPeriph_Driver\\src\\stm32f4xx_adc.c 0x00000000   Number         0  stm32f4xx_adc.o ABSOLUTE
    ..\\Libraries\\STM32F4xx_StdPeriph_Driver\\src\\stm32f4xx_dma.c 0x00000000   Number         0  stm32f4xx_dma.o ABSOLUTE
    ..\\Libraries\\STM32F4xx_StdPeriph_Driver\\src\\stm32f4xx_flash.c 0x00000000   Number         0  stm32f4xx_flash.o ABSOLUTE
    ..\\Libraries\\STM32F4xx_StdPeriph_Driver\\src\\stm32f4xx_gpio.c 0x00000000   Number         0  stm32f4xx_gpio.o ABSOLUTE
    ..\\Libraries\\STM32F4xx_StdPeriph_Driver\\src\\stm32f4xx_i2c.c 0x00000000   Number         0  stm32f4xx_i2c.o ABSOLUTE
    ..\\Libraries\\STM32F4xx_StdPeriph_Driver\\src\\stm32f4xx_rcc.c 0x00000000   Number         0  stm32f4xx_rcc.o ABSOLUTE
    ..\\Libraries\\STM32F4xx_StdPeriph_Driver\\src\\stm32f4xx_tim.c 0x00000000   Number         0  stm32f4xx_tim.o ABSOLUTE
    ..\\Libraries\\STM32F4xx_StdPeriph_Driver\\src\\stm32f4xx_usart.c 0x00000000   Number         0  stm32f4xx_usart.o ABSOLUTE
    ..\\Program\\Algorithms\\algorithm_ellipseFitting.c 0x00000000   Number         0  algorithm_ellipsefitting.o ABSOLUTE
    ..\\Program\\Algorithms\\algorithm_moveAve.c 0x00000000   Number         0  algorithm_moveave.o ABSOLUTE
    ..\\Program\\Algorithms\\algorithm_string.c 0x00000000   Number         0  algorithm_string.o ABSOLUTE
    ..\\Program\\Dirvers\\stm32f4_adc.c      0x00000000   Number         0  stm32f4_adc.o ABSOLUTE
    ..\\Program\\Dirvers\\stm32f4_delay.c    0x00000000   Number         0  stm32f4_delay.o ABSOLUTE
    ..\\Program\\Dirvers\\stm32f4_flash.c    0x00000000   Number         0  stm32f4_flash.o ABSOLUTE
    ..\\Program\\Dirvers\\stm32f4_i2c.c      0x00000000   Number         0  stm32f4_i2c.o ABSOLUTE
    ..\\Program\\Dirvers\\stm32f4_usart.c    0x00000000   Number         0  stm32f4_usart.o ABSOLUTE
    ..\\Program\\Modules\\module_mpu9150.c   0x00000000   Number         0  module_mpu9150.o ABSOLUTE
    ..\\Program\\Modules\\module_ms5611.c    0x00000000   Number         0  module_ms5611.o ABSOLUTE
    ..\\Program\\Modules\\module_rs232.c     0x00000000   Number         0  module_rs232.o ABSOLUTE
    ..\\Program\\Modules\\module_sensor.c    0x00000000   Number         0  module_sensor.o ABSOLUTE
    ..\\Program\\QCopterFC.c                 0x00000000   Number         0  qcopterfc.o ABSOLUTE
    ..\\Program\\QCopterFC_board.c           0x00000000   Number         0  qcopterfc_board.o ABSOLUTE
    ..\\Program\\QCopterFC_ctrl.c            0x00000000   Number         0  qcopterfc_ctrl.o ABSOLUTE
    ..\\Program\\QCopterFC_it.c              0x00000000   Number         0  qcopterfc_it.o ABSOLUTE
    ..\\Program\\QCopterFC_param.c           0x00000000   Number         0  qcopterfc_param.o ABSOLUTE
    dc.s                                     0x00000000   Number         0  dc.o ABSOLUTE
    handlers.s                               0x00000000   Number         0  handlers.o ABSOLUTE
    init.s                                   0x00000000   Number         0  init.o ABSOLUTE
    RESET                                    0x08000000   Section      392  startup_stm32f40xx.o(RESET)
    .ARM.Collect$$$$00000000                 0x08000188   Section        0  entry.o(.ARM.Collect$$$$00000000)
    .ARM.Collect$$$$00000001                 0x08000188   Section        4  entry2.o(.ARM.Collect$$$$00000001)
    .ARM.Collect$$$$00000004                 0x0800018c   Section        4  entry5.o(.ARM.Collect$$$$00000004)
    .ARM.Collect$$$$00000008                 0x08000190   Section        0  entry7b.o(.ARM.Collect$$$$00000008)
    .ARM.Collect$$$$0000000A                 0x08000190   Section        0  entry8b.o(.ARM.Collect$$$$0000000A)
    .ARM.Collect$$$$0000000B                 0x08000190   Section        8  entry9a.o(.ARM.Collect$$$$0000000B)
    .ARM.Collect$$$$0000000D                 0x08000198   Section        0  entry10a.o(.ARM.Collect$$$$0000000D)
    .ARM.Collect$$$$0000000F                 0x08000198   Section        0  entry11a.o(.ARM.Collect$$$$0000000F)
    .ARM.Collect$$$$00002712                 0x08000198   Section        4  entry2.o(.ARM.Collect$$$$00002712)
    __lit__00000000                          0x08000198   Data           4  entry2.o(.ARM.Collect$$$$00002712)
    .text                                    0x0800019c   Section       36  startup_stm32f40xx.o(.text)
    $v0                                      0x0800019c   Number         0  startup_stm32f40xx.o(.text)
    .text                                    0x080001c0   Section        0  system_stm32f4xx.o(.text)
    SetSysClock                              0x080001c1   Thumb Code   218  system_stm32f4xx.o(.text)
    .text                                    0x080003cc   Section        0  misc.o(.text)
    .text                                    0x080004b0   Section        0  stm32f4xx_rcc.o(.text)
    .text                                    0x08000ae4   Section        0  stm32f4xx_dma.o(.text)
    .text                                    0x08000e88   Section        0  stm32f4xx_tim.o(.text)
    TI4_Config                               0x08001627   Thumb Code    80  stm32f4xx_tim.o(.text)
    TI3_Config                               0x08001689   Thumb Code    72  stm32f4xx_tim.o(.text)
    TI2_Config                               0x080016eb   Thumb Code    90  stm32f4xx_tim.o(.text)
    TI1_Config                               0x08001757   Thumb Code    58  stm32f4xx_tim.o(.text)
    .text                                    0x08001b2c   Section        0  stm32f4xx_gpio.o(.text)
    .text                                    0x08001dc0   Section        0  stm32f4xx_adc.o(.text)
    .text                                    0x08002230   Section        0  stm32f4xx_usart.o(.text)
    .text                                    0x08002684   Section        0  stm32f4xx_i2c.o(.text)
    .text                                    0x08002adc   Section        0  stm32f4_delay.o(.text)
    .text                                    0x08002b70   Section        0  stm32f4_usart.o(.text)
    .text                                    0x08002c04   Section        0  stm32f4_adc.o(.text)
    .text                                    0x08002dec   Section        0  stm32f4_i2c.o(.text)
    I2C_TimeOut                              0x08002fbb   Thumb Code    10  stm32f4_i2c.o(.text)
    .text                                    0x080036b4   Section        0  qcopterfc.o(.text)
    .text                                    0x0800399c   Section        0  qcopterfc_it.o(.text)
    .text                                    0x08003ff0   Section        0  qcopterfc_board.o(.text)
    .text                                    0x08004068   Section        0  qcopterfc_ctrl.o(.text)
    .text                                    0x08004404   Section        0  module_rs232.o(.text)
    RS232_VisualScope_CRC16                  0x08004541   Thumb Code    58  module_rs232.o(.text)
    .text                                    0x080045b8   Section        0  module_sensor.o(.text)
    .text                                    0x080046ac   Section        0  module_mpu9150.o(.text)
    .text                                    0x080048a8   Section        0  module_ms5611.o(.text)
    MS5611_Calculate                         0x080048a9   Thumb Code   214  module_ms5611.o(.text)
    MS5611_ReadADC                           0x0800497f   Thumb Code    64  module_ms5611.o(.text)
    MS5611_ConvADC                           0x080049bf   Thumb Code    18  module_ms5611.o(.text)
    MS5611_ReadPROM                          0x080049d1   Thumb Code    82  module_ms5611.o(.text)
    .text                                    0x08004aec   Section        0  algorithm_string.o(.text)
    .text                                    0x08004ca4   Section        0  algorithm_moveave.o(.text)
    .text                                    0x08004d3c   Section        0  uldiv.o(.text)
    .text                                    0x08004d9e   Section        0  memseta.o(.text)
    .text                                    0x08004dc2   Section        0  llshl.o(.text)
    .text                                    0x08004de0   Section        0  llushr.o(.text)
    .text                                    0x08004e00   Section       36  init.o(.text)
    i.__scatterload_copy                     0x08004e24   Section       14  handlers.o(i.__scatterload_copy)
    i.__scatterload_null                     0x08004e32   Section        2  handlers.o(i.__scatterload_null)
    i.__scatterload_zeroinit                 0x08004e34   Section       14  handlers.o(i.__scatterload_zeroinit)
    i.free                                   0x08004e44   Section        0  malloc.o(i.free)
    i.malloc                                 0x08004e94   Section        0  malloc.o(i.malloc)
    .constdata                               0x08004f00   Section       18  module_mpu9150.o(.constdata)
    .data                                    0x20000000   Section       20  system_stm32f4xx.o(.data)
    .data                                    0x20000014   Section       16  stm32f4xx_rcc.o(.data)
    APBAHBPrescTable                         0x20000014   Data          16  stm32f4xx_rcc.o(.data)
    .data                                    0x20000024   Section       12  stm32f4_i2c.o(.data)
    I2C_TimeCnt                              0x20000024   Data           4  stm32f4_i2c.o(.data)
    I2C_ReadPtr                              0x20000028   Data           4  stm32f4_i2c.o(.data)
    I2C_WritePtr                             0x2000002c   Data           4  stm32f4_i2c.o(.data)
    .data                                    0x20000030   Section        2  qcopterfc.o(.data)
    .data                                    0x20000034   Section       24  qcopterfc_it.o(.data)
    FIFO_X                                   0x2000003c   Data           4  qcopterfc_it.o(.data)
    FIFO_Y                                   0x20000040   Data           4  qcopterfc_it.o(.data)
    FIFO_Z                                   0x20000044   Data           4  qcopterfc_it.o(.data)
    Correction_Time                          0x20000048   Data           4  qcopterfc_it.o(.data)
    .data                                    0x2000004c   Section        8  module_sensor.o(.data)
    .data                                    0x20000054   Section        1  module_ms5611.o(.data)
    ReadSta                                  0x20000054   Data           1  module_ms5611.o(.data)
    .data                                    0x20000058   Section        4  mvars.o(.data)
    .data                                    0x2000005c   Section        4  mvars.o(.data)
    .bss                                     0x20000060   Section      512  stm32f4_adc.o(.bss)
    ADC_DMA_BufI                             0x20000060   Data         256  stm32f4_adc.o(.bss)
    ADC_DMA_BufV                             0x20000160   Data         256  stm32f4_adc.o(.bss)
    .bss                                     0x20000260   Section       92  module_sensor.o(.bss)
    .bss                                     0x200002c0   Section       72  module_ms5611.o(.bss)
    HEAP                                     0x20000308   Section      512  startup_stm32f40xx.o(HEAP)
    STACK                                    0x20000508   Section     1024  startup_stm32f40xx.o(STACK)

    Global Symbols

    Symbol Name                              Value     Ov Type        Size  Object(Section)

    BuildAttributes$$THM_ISAv4$E$P$D$K$B$S$7EM$VFPi3$EXTD16$VFPS$VFMA$PE$A:L22UL41UL21$X:L11$S22US41US21$IEEE1$IW$USESV6$~STKCKD$USESV7$~SHL$OTIME$ROPI$IEEEX$EBA8$MICROLIB$REQ8$PRES8$EABIv2 0x00000000   Number         0  anon$$obj.o ABSOLUTE
    __ARM_use_no_argv                        0x00000000   Number         0  qcopterfc.o ABSOLUTE
    __cpp_initialize__aeabi_                  - Undefined Weak Reference
    __cxa_finalize                            - Undefined Weak Reference
    __decompress                              - Undefined Weak Reference
    _clock_init                               - Undefined Weak Reference
    _microlib_exit                            - Undefined Weak Reference
    __Vectors_Size                           0x00000188   Number         0  startup_stm32f40xx.o ABSOLUTE
    __Vectors                                0x08000000   Data           4  startup_stm32f40xx.o(RESET)
    __Vectors_End                            0x08000188   Data           0  startup_stm32f40xx.o(RESET)
    __main                                   0x08000189   Thumb Code     0  entry.o(.ARM.Collect$$$$00000000)
    _main_stk                                0x08000189   Thumb Code     0  entry2.o(.ARM.Collect$$$$00000001)
    _main_scatterload                        0x0800018d   Thumb Code     0  entry5.o(.ARM.Collect$$$$00000004)
    __main_after_scatterload                 0x08000191   Thumb Code     0  entry5.o(.ARM.Collect$$$$00000004)
    _main_clock                              0x08000191   Thumb Code     0  entry7b.o(.ARM.Collect$$$$00000008)
    _main_cpp_init                           0x08000191   Thumb Code     0  entry8b.o(.ARM.Collect$$$$0000000A)
    _main_init                               0x08000191   Thumb Code     0  entry9a.o(.ARM.Collect$$$$0000000B)
    __rt_final_cpp                           0x08000199   Thumb Code     0  entry10a.o(.ARM.Collect$$$$0000000D)
    __rt_final_exit                          0x08000199   Thumb Code     0  entry11a.o(.ARM.Collect$$$$0000000F)
    Reset_Handler                            0x0800019d   Thumb Code     8  startup_stm32f40xx.o(.text)
    ADC_IRQHandler                           0x080001b7   Thumb Code     0  startup_stm32f40xx.o(.text)
    CAN1_RX0_IRQHandler                      0x080001b7   Thumb Code     0  startup_stm32f40xx.o(.text)
    CAN1_RX1_IRQHandler                      0x080001b7   Thumb Code     0  startup_stm32f40xx.o(.text)
    CAN1_SCE_IRQHandler                      0x080001b7   Thumb Code     0  startup_stm32f40xx.o(.text)
    CAN1_TX_IRQHandler                       0x080001b7   Thumb Code     0  startup_stm32f40xx.o(.text)
    CAN2_RX0_IRQHandler                      0x080001b7   Thumb Code     0  startup_stm32f40xx.o(.text)
    CAN2_RX1_IRQHandler                      0x080001b7   Thumb Code     0  startup_stm32f40xx.o(.text)
    CAN2_SCE_IRQHandler                      0x080001b7   Thumb Code     0  startup_stm32f40xx.o(.text)
    CAN2_TX_IRQHandler                       0x080001b7   Thumb Code     0  startup_stm32f40xx.o(.text)
    CRYP_IRQHandler                          0x080001b7   Thumb Code     0  startup_stm32f40xx.o(.text)
    DCMI_IRQHandler                          0x080001b7   Thumb Code     0  startup_stm32f40xx.o(.text)
    DMA1_Stream1_IRQHandler                  0x080001b7   Thumb Code     0  startup_stm32f40xx.o(.text)
    DMA1_Stream2_IRQHandler                  0x080001b7   Thumb Code     0  startup_stm32f40xx.o(.text)
    DMA1_Stream3_IRQHandler                  0x080001b7   Thumb Code     0  startup_stm32f40xx.o(.text)
    DMA1_Stream4_IRQHandler                  0x080001b7   Thumb Code     0  startup_stm32f40xx.o(.text)
    DMA1_Stream5_IRQHandler                  0x080001b7   Thumb Code     0  startup_stm32f40xx.o(.text)
    DMA1_Stream7_IRQHandler                  0x080001b7   Thumb Code     0  startup_stm32f40xx.o(.text)
    DMA2_Stream0_IRQHandler                  0x080001b7   Thumb Code     0  startup_stm32f40xx.o(.text)
    DMA2_Stream1_IRQHandler                  0x080001b7   Thumb Code     0  startup_stm32f40xx.o(.text)
    DMA2_Stream2_IRQHandler                  0x080001b7   Thumb Code     0  startup_stm32f40xx.o(.text)
    DMA2_Stream3_IRQHandler                  0x080001b7   Thumb Code     0  startup_stm32f40xx.o(.text)
    DMA2_Stream4_IRQHandler                  0x080001b7   Thumb Code     0  startup_stm32f40xx.o(.text)
    DMA2_Stream5_IRQHandler                  0x080001b7   Thumb Code     0  startup_stm32f40xx.o(.text)
    DMA2_Stream6_IRQHandler                  0x080001b7   Thumb Code     0  startup_stm32f40xx.o(.text)
    DMA2_Stream7_IRQHandler                  0x080001b7   Thumb Code     0  startup_stm32f40xx.o(.text)
    ETH_IRQHandler                           0x080001b7   Thumb Code     0  startup_stm32f40xx.o(.text)
    ETH_WKUP_IRQHandler                      0x080001b7   Thumb Code     0  startup_stm32f40xx.o(.text)
    EXTI0_IRQHandler                         0x080001b7   Thumb Code     0  startup_stm32f40xx.o(.text)
    EXTI15_10_IRQHandler                     0x080001b7   Thumb Code     0  startup_stm32f40xx.o(.text)
    EXTI1_IRQHandler                         0x080001b7   Thumb Code     0  startup_stm32f40xx.o(.text)
    EXTI2_IRQHandler                         0x080001b7   Thumb Code     0  startup_stm32f40xx.o(.text)
    EXTI3_IRQHandler                         0x080001b7   Thumb Code     0  startup_stm32f40xx.o(.text)
    EXTI4_IRQHandler                         0x080001b7   Thumb Code     0  startup_stm32f40xx.o(.text)
    EXTI9_5_IRQHandler                       0x080001b7   Thumb Code     0  startup_stm32f40xx.o(.text)
    FLASH_IRQHandler                         0x080001b7   Thumb Code     0  startup_stm32f40xx.o(.text)
    FPU_IRQHandler                           0x080001b7   Thumb Code     0  startup_stm32f40xx.o(.text)
    FSMC_IRQHandler                          0x080001b7   Thumb Code     0  startup_stm32f40xx.o(.text)
    HASH_RNG_IRQHandler                      0x080001b7   Thumb Code     0  startup_stm32f40xx.o(.text)
    I2C1_ER_IRQHandler                       0x080001b7   Thumb Code     0  startup_stm32f40xx.o(.text)
    I2C1_EV_IRQHandler                       0x080001b7   Thumb Code     0  startup_stm32f40xx.o(.text)
    I2C2_ER_IRQHandler                       0x080001b7   Thumb Code     0  startup_stm32f40xx.o(.text)
    I2C2_EV_IRQHandler                       0x080001b7   Thumb Code     0  startup_stm32f40xx.o(.text)
    I2C3_ER_IRQHandler                       0x080001b7   Thumb Code     0  startup_stm32f40xx.o(.text)
    I2C3_EV_IRQHandler                       0x080001b7   Thumb Code     0  startup_stm32f40xx.o(.text)
    OTG_FS_IRQHandler                        0x080001b7   Thumb Code     0  startup_stm32f40xx.o(.text)
    OTG_FS_WKUP_IRQHandler                   0x080001b7   Thumb Code     0  startup_stm32f40xx.o(.text)
    OTG_HS_EP1_IN_IRQHandler                 0x080001b7   Thumb Code     0  startup_stm32f40xx.o(.text)
    OTG_HS_EP1_OUT_IRQHandler                0x080001b7   Thumb Code     0  startup_stm32f40xx.o(.text)
    OTG_HS_IRQHandler                        0x080001b7   Thumb Code     0  startup_stm32f40xx.o(.text)
    OTG_HS_WKUP_IRQHandler                   0x080001b7   Thumb Code     0  startup_stm32f40xx.o(.text)
    PVD_IRQHandler                           0x080001b7   Thumb Code     0  startup_stm32f40xx.o(.text)
    RCC_IRQHandler                           0x080001b7   Thumb Code     0  startup_stm32f40xx.o(.text)
    RTC_Alarm_IRQHandler                     0x080001b7   Thumb Code     0  startup_stm32f40xx.o(.text)
    RTC_WKUP_IRQHandler                      0x080001b7   Thumb Code     0  startup_stm32f40xx.o(.text)
    SDIO_IRQHandler                          0x080001b7   Thumb Code     0  startup_stm32f40xx.o(.text)
    SPI1_IRQHandler                          0x080001b7   Thumb Code     0  startup_stm32f40xx.o(.text)
    SPI2_IRQHandler                          0x080001b7   Thumb Code     0  startup_stm32f40xx.o(.text)
    SPI3_IRQHandler                          0x080001b7   Thumb Code     0  startup_stm32f40xx.o(.text)
    TAMP_STAMP_IRQHandler                    0x080001b7   Thumb Code     0  startup_stm32f40xx.o(.text)
    TIM1_BRK_TIM9_IRQHandler                 0x080001b7   Thumb Code     0  startup_stm32f40xx.o(.text)
    TIM1_CC_IRQHandler                       0x080001b7   Thumb Code     0  startup_stm32f40xx.o(.text)
    TIM1_TRG_COM_TIM11_IRQHandler            0x080001b7   Thumb Code     0  startup_stm32f40xx.o(.text)
    TIM1_UP_TIM10_IRQHandler                 0x080001b7   Thumb Code     0  startup_stm32f40xx.o(.text)
    TIM2_IRQHandler                          0x080001b7   Thumb Code     0  startup_stm32f40xx.o(.text)
    TIM3_IRQHandler                          0x080001b7   Thumb Code     0  startup_stm32f40xx.o(.text)
    TIM4_IRQHandler                          0x080001b7   Thumb Code     0  startup_stm32f40xx.o(.text)
    TIM5_IRQHandler                          0x080001b7   Thumb Code     0  startup_stm32f40xx.o(.text)
    TIM6_DAC_IRQHandler                      0x080001b7   Thumb Code     0  startup_stm32f40xx.o(.text)
    TIM7_IRQHandler                          0x080001b7   Thumb Code     0  startup_stm32f40xx.o(.text)
    TIM8_BRK_TIM12_IRQHandler                0x080001b7   Thumb Code     0  startup_stm32f40xx.o(.text)
    TIM8_CC_IRQHandler                       0x080001b7   Thumb Code     0  startup_stm32f40xx.o(.text)
    TIM8_TRG_COM_TIM14_IRQHandler            0x080001b7   Thumb Code     0  startup_stm32f40xx.o(.text)
    TIM8_UP_TIM13_IRQHandler                 0x080001b7   Thumb Code     0  startup_stm32f40xx.o(.text)
    UART4_IRQHandler                         0x080001b7   Thumb Code     0  startup_stm32f40xx.o(.text)
    UART5_IRQHandler                         0x080001b7   Thumb Code     0  startup_stm32f40xx.o(.text)
    USART1_IRQHandler                        0x080001b7   Thumb Code     0  startup_stm32f40xx.o(.text)
    USART2_IRQHandler                        0x080001b7   Thumb Code     0  startup_stm32f40xx.o(.text)
    USART3_IRQHandler                        0x080001b7   Thumb Code     0  startup_stm32f40xx.o(.text)
    USART6_IRQHandler                        0x080001b7   Thumb Code     0  startup_stm32f40xx.o(.text)
    WWDG_IRQHandler                          0x080001b7   Thumb Code     0  startup_stm32f40xx.o(.text)
    SystemInit                               0x0800029b   Thumb Code    88  system_stm32f4xx.o(.text)
    SystemCoreClockUpdate                    0x080002f3   Thumb Code   174  system_stm32f4xx.o(.text)
    NVIC_PriorityGroupConfig                 0x080003cd   Thumb Code    10  misc.o(.text)
    NVIC_Init                                0x080003d7   Thumb Code   108  misc.o(.text)
    NVIC_SetVectorTable                      0x08000443   Thumb Code    14  misc.o(.text)
    NVIC_SystemLPConfig                      0x08000451   Thumb Code    34  misc.o(.text)
    SysTick_CLKSourceConfig                  0x08000473   Thumb Code    40  misc.o(.text)
    RCC_DeInit                               0x080004b1   Thumb Code    82  stm32f4xx_rcc.o(.text)
    RCC_HSEConfig                            0x08000503   Thumb Code    14  stm32f4xx_rcc.o(.text)
    RCC_GetFlagStatus                        0x08000511   Thumb Code    60  stm32f4xx_rcc.o(.text)
    RCC_WaitForHSEStartUp                    0x0800054d   Thumb Code    56  stm32f4xx_rcc.o(.text)
    RCC_AdjustHSICalibrationValue            0x08000585   Thumb Code    20  stm32f4xx_rcc.o(.text)
    RCC_HSICmd                               0x08000599   Thumb Code     6  stm32f4xx_rcc.o(.text)
    RCC_LSEConfig                            0x0800059f   Thumb Code    46  stm32f4xx_rcc.o(.text)
    RCC_LSICmd                               0x080005cd   Thumb Code     6  stm32f4xx_rcc.o(.text)
    RCC_PLLConfig                            0x080005d3   Thumb Code    32  stm32f4xx_rcc.o(.text)
    RCC_PLLCmd                               0x080005f3   Thumb Code     6  stm32f4xx_rcc.o(.text)
    RCC_PLLI2SConfig                         0x080005f9   Thumb Code    14  stm32f4xx_rcc.o(.text)
    RCC_PLLI2SCmd                            0x08000607   Thumb Code     6  stm32f4xx_rcc.o(.text)
    RCC_PLLSAIConfig                         0x0800060d   Thumb Code    20  stm32f4xx_rcc.o(.text)
    RCC_PLLSAICmd                            0x08000621   Thumb Code     6  stm32f4xx_rcc.o(.text)
    RCC_ClockSecuritySystemCmd               0x08000627   Thumb Code     6  stm32f4xx_rcc.o(.text)
    RCC_MCO1Config                           0x0800062d   Thumb Code    28  stm32f4xx_rcc.o(.text)
    RCC_MCO2Config                           0x08000649   Thumb Code    28  stm32f4xx_rcc.o(.text)
    RCC_SYSCLKConfig                         0x08000665   Thumb Code    20  stm32f4xx_rcc.o(.text)
    RCC_GetSYSCLKSource                      0x08000679   Thumb Code    12  stm32f4xx_rcc.o(.text)
    RCC_HCLKConfig                           0x08000685   Thumb Code    20  stm32f4xx_rcc.o(.text)
    RCC_PCLK1Config                          0x08000699   Thumb Code    20  stm32f4xx_rcc.o(.text)
    RCC_PCLK2Config                          0x080006ad   Thumb Code    22  stm32f4xx_rcc.o(.text)
    RCC_GetClocksFreq                        0x080006c3   Thumb Code   222  stm32f4xx_rcc.o(.text)
    RCC_RTCCLKConfig                         0x080007a1   Thumb Code    54  stm32f4xx_rcc.o(.text)
    RCC_RTCCLKCmd                            0x080007d7   Thumb Code     8  stm32f4xx_rcc.o(.text)
    RCC_BackupResetCmd                       0x080007df   Thumb Code     8  stm32f4xx_rcc.o(.text)
    RCC_I2SCLKConfig                         0x080007e7   Thumb Code     6  stm32f4xx_rcc.o(.text)
    RCC_SAIPLLI2SClkDivConfig                0x080007ed   Thumb Code    26  stm32f4xx_rcc.o(.text)
    RCC_SAIPLLSAIClkDivConfig                0x08000807   Thumb Code    28  stm32f4xx_rcc.o(.text)
    RCC_SAIBlockACLKConfig                   0x08000823   Thumb Code    20  stm32f4xx_rcc.o(.text)
    RCC_SAIBlockBCLKConfig                   0x08000837   Thumb Code    20  stm32f4xx_rcc.o(.text)
    RCC_LTDCCLKDivConfig                     0x0800084b   Thumb Code    20  stm32f4xx_rcc.o(.text)
    RCC_TIMCLKPresConfig                     0x0800085f   Thumb Code     6  stm32f4xx_rcc.o(.text)
    RCC_AHB1PeriphClockCmd                   0x08000865   Thumb Code    34  stm32f4xx_rcc.o(.text)
    RCC_AHB2PeriphClockCmd                   0x08000887   Thumb Code    78  stm32f4xx_rcc.o(.text)
    RCC_AHB3PeriphClockCmd                   0x080008d5   Thumb Code    34  stm32f4xx_rcc.o(.text)
    RCC_APB1PeriphClockCmd                   0x080008f7   Thumb Code    34  stm32f4xx_rcc.o(.text)
    RCC_APB2PeriphClockCmd                   0x08000919   Thumb Code    34  stm32f4xx_rcc.o(.text)
    RCC_AHB1PeriphResetCmd                   0x0800093b   Thumb Code    34  stm32f4xx_rcc.o(.text)
    RCC_AHB2PeriphResetCmd                   0x0800095d   Thumb Code    34  stm32f4xx_rcc.o(.text)
    RCC_AHB3PeriphResetCmd                   0x0800097f   Thumb Code    34  stm32f4xx_rcc.o(.text)
    RCC_APB1PeriphResetCmd                   0x080009a1   Thumb Code    34  stm32f4xx_rcc.o(.text)
    RCC_APB2PeriphResetCmd                   0x080009c3   Thumb Code    34  stm32f4xx_rcc.o(.text)
    RCC_AHB1PeriphClockLPModeCmd             0x080009e5   Thumb Code    34  stm32f4xx_rcc.o(.text)
    RCC_AHB2PeriphClockLPModeCmd             0x08000a07   Thumb Code    34  stm32f4xx_rcc.o(.text)
    RCC_AHB3PeriphClockLPModeCmd             0x08000a29   Thumb Code    34  stm32f4xx_rcc.o(.text)
    RCC_APB1PeriphClockLPModeCmd             0x08000a4b   Thumb Code    34  stm32f4xx_rcc.o(.text)
    RCC_APB2PeriphClockLPModeCmd             0x08000a6d   Thumb Code    34  stm32f4xx_rcc.o(.text)
    RCC_ITConfig                             0x08000a8f   Thumb Code    34  stm32f4xx_rcc.o(.text)
    RCC_ClearFlag                            0x08000ab1   Thumb Code    18  stm32f4xx_rcc.o(.text)
    RCC_GetITStatus                          0x08000ac3   Thumb Code    22  stm32f4xx_rcc.o(.text)
    RCC_ClearITPendingBit                    0x08000ad9   Thumb Code     8  stm32f4xx_rcc.o(.text)
    DMA_DeInit                               0x08000ae5   Thumb Code   324  stm32f4xx_dma.o(.text)
    DMA_Init                                 0x08000c29   Thumb Code    82  stm32f4xx_dma.o(.text)
    DMA_StructInit                           0x08000c7b   Thumb Code    34  stm32f4xx_dma.o(.text)
    DMA_Cmd                                  0x08000c9d   Thumb Code    22  stm32f4xx_dma.o(.text)
    DMA_PeriphIncOffsetSizeConfig            0x08000cb3   Thumb Code    22  stm32f4xx_dma.o(.text)
    DMA_FlowControllerConfig                 0x08000cc9   Thumb Code    22  stm32f4xx_dma.o(.text)
    DMA_SetCurrDataCounter                   0x08000cdf   Thumb Code     4  stm32f4xx_dma.o(.text)
    DMA_GetCurrDataCounter                   0x08000ce3   Thumb Code     8  stm32f4xx_dma.o(.text)
    DMA_DoubleBufferModeConfig               0x08000ceb   Thumb Code    24  stm32f4xx_dma.o(.text)
    DMA_DoubleBufferModeCmd                  0x08000d03   Thumb Code    22  stm32f4xx_dma.o(.text)
    DMA_MemoryTargetConfig                   0x08000d19   Thumb Code    10  stm32f4xx_dma.o(.text)
    DMA_GetCurrentMemoryTarget               0x08000d23   Thumb Code    20  stm32f4xx_dma.o(.text)
    DMA_GetCmdStatus                         0x08000d37   Thumb Code    20  stm32f4xx_dma.o(.text)
    DMA_GetFIFOStatus                        0x08000d4b   Thumb Code    12  stm32f4xx_dma.o(.text)
    DMA_GetFlagStatus                        0x08000d57   Thumb Code    54  stm32f4xx_dma.o(.text)
    DMA_ClearFlag                            0x08000d8d   Thumb Code    40  stm32f4xx_dma.o(.text)
    DMA_ITConfig                             0x08000db5   Thumb Code    58  stm32f4xx_dma.o(.text)
    DMA_GetITStatus                          0x08000def   Thumb Code    82  stm32f4xx_dma.o(.text)
    DMA_ClearITPendingBit                    0x08000e41   Thumb Code    40  stm32f4xx_dma.o(.text)
    TIM_DeInit                               0x08000e89   Thumb Code   346  stm32f4xx_tim.o(.text)
    TIM_TimeBaseInit                         0x08000fe3   Thumb Code   104  stm32f4xx_tim.o(.text)
    TIM_TimeBaseStructInit                   0x0800104b   Thumb Code    18  stm32f4xx_tim.o(.text)
    TIM_PrescalerConfig                      0x0800105d   Thumb Code     6  stm32f4xx_tim.o(.text)
    TIM_CounterModeConfig                    0x08001063   Thumb Code    18  stm32f4xx_tim.o(.text)
    TIM_SetCounter                           0x08001075   Thumb Code     4  stm32f4xx_tim.o(.text)
    TIM_SetAutoreload                        0x08001079   Thumb Code     4  stm32f4xx_tim.o(.text)
    TIM_GetCounter                           0x0800107d   Thumb Code     6  stm32f4xx_tim.o(.text)
    TIM_GetPrescaler                         0x08001083   Thumb Code     6  stm32f4xx_tim.o(.text)
    TIM_UpdateDisableConfig                  0x08001089   Thumb Code    24  stm32f4xx_tim.o(.text)
    TIM_UpdateRequestConfig                  0x080010a1   Thumb Code    24  stm32f4xx_tim.o(.text)
    TIM_ARRPreloadConfig                     0x080010b9   Thumb Code    24  stm32f4xx_tim.o(.text)
    TIM_SelectOnePulseMode                   0x080010d1   Thumb Code    18  stm32f4xx_tim.o(.text)
    TIM_SetClockDivision                     0x080010e3   Thumb Code    18  stm32f4xx_tim.o(.text)
    TIM_Cmd                                  0x080010f5   Thumb Code    24  stm32f4xx_tim.o(.text)
    TIM_OC1Init                              0x0800110d   Thumb Code   114  stm32f4xx_tim.o(.text)
    TIM_OC2Init                              0x0800117f   Thumb Code   154  stm32f4xx_tim.o(.text)
    TIM_OC3Init                              0x08001219   Thumb Code   204  stm32f4xx_tim.o(.text)
    TIM_OC4Init                              0x080012e5   Thumb Code   112  stm32f4xx_tim.o(.text)
    TIM_OCStructInit                         0x08001355   Thumb Code    20  stm32f4xx_tim.o(.text)
    TIM_SelectOCxM                           0x08001369   Thumb Code    86  stm32f4xx_tim.o(.text)
    TIM_SetCompare1                          0x080013bf   Thumb Code     4  stm32f4xx_tim.o(.text)
    TIM_SetCompare2                          0x080013c3   Thumb Code     4  stm32f4xx_tim.o(.text)
    TIM_SetCompare3                          0x080013c7   Thumb Code     4  stm32f4xx_tim.o(.text)
    TIM_SetCompare4                          0x080013cb   Thumb Code     4  stm32f4xx_tim.o(.text)
    TIM_ForcedOC1Config                      0x080013cf   Thumb Code    18  stm32f4xx_tim.o(.text)
    TIM_ForcedOC2Config                      0x080013e1   Thumb Code    26  stm32f4xx_tim.o(.text)
    TIM_ForcedOC3Config                      0x080013fb   Thumb Code    18  stm32f4xx_tim.o(.text)
    TIM_ForcedOC4Config                      0x0800140d   Thumb Code    26  stm32f4xx_tim.o(.text)
    TIM_OC1PreloadConfig                     0x08001427   Thumb Code    18  stm32f4xx_tim.o(.text)
    TIM_OC2PreloadConfig                     0x08001439   Thumb Code    26  stm32f4xx_tim.o(.text)
    TIM_OC3PreloadConfig                     0x08001453   Thumb Code    18  stm32f4xx_tim.o(.text)
    TIM_OC4PreloadConfig                     0x08001465   Thumb Code    26  stm32f4xx_tim.o(.text)
    TIM_OC1FastConfig                        0x0800147f   Thumb Code    18  stm32f4xx_tim.o(.text)
    TIM_OC2FastConfig                        0x08001491   Thumb Code    26  stm32f4xx_tim.o(.text)
    TIM_OC3FastConfig                        0x080014ab   Thumb Code    18  stm32f4xx_tim.o(.text)
    TIM_OC4FastConfig                        0x080014bd   Thumb Code    26  stm32f4xx_tim.o(.text)
    TIM_ClearOC1Ref                          0x080014d7   Thumb Code    18  stm32f4xx_tim.o(.text)
    TIM_ClearOC2Ref                          0x080014e9   Thumb Code    24  stm32f4xx_tim.o(.text)
    TIM_ClearOC3Ref                          0x08001501   Thumb Code    18  stm32f4xx_tim.o(.text)
    TIM_ClearOC4Ref                          0x08001513   Thumb Code    24  stm32f4xx_tim.o(.text)
    TIM_OC1PolarityConfig                    0x0800152b   Thumb Code    18  stm32f4xx_tim.o(.text)
    TIM_OC1NPolarityConfig                   0x0800153d   Thumb Code    18  stm32f4xx_tim.o(.text)
    TIM_OC2PolarityConfig                    0x0800154f   Thumb Code    26  stm32f4xx_tim.o(.text)
    TIM_OC2NPolarityConfig                   0x08001569   Thumb Code    26  stm32f4xx_tim.o(.text)
    TIM_OC3PolarityConfig                    0x08001583   Thumb Code    26  stm32f4xx_tim.o(.text)
    TIM_OC3NPolarityConfig                   0x0800159d   Thumb Code    26  stm32f4xx_tim.o(.text)
    TIM_OC4PolarityConfig                    0x080015b7   Thumb Code    26  stm32f4xx_tim.o(.text)
    TIM_CCxCmd                               0x080015d1   Thumb Code    30  stm32f4xx_tim.o(.text)
    TIM_CCxNCmd                              0x080015ef   Thumb Code    30  stm32f4xx_tim.o(.text)
    TIM_SetIC4Prescaler                      0x0800160d   Thumb Code    26  stm32f4xx_tim.o(.text)
    TIM_SetIC3Prescaler                      0x08001677   Thumb Code    18  stm32f4xx_tim.o(.text)
    TIM_SetIC2Prescaler                      0x080016d1   Thumb Code    26  stm32f4xx_tim.o(.text)
    TIM_SetIC1Prescaler                      0x08001745   Thumb Code    18  stm32f4xx_tim.o(.text)
    TIM_ICInit                               0x08001791   Thumb Code   110  stm32f4xx_tim.o(.text)
    TIM_ICStructInit                         0x080017ff   Thumb Code    18  stm32f4xx_tim.o(.text)
    TIM_PWMIConfig                           0x08001811   Thumb Code   124  stm32f4xx_tim.o(.text)
    TIM_GetCapture1                          0x0800188d   Thumb Code     6  stm32f4xx_tim.o(.text)
    TIM_GetCapture2                          0x08001893   Thumb Code     6  stm32f4xx_tim.o(.text)
    TIM_GetCapture3                          0x08001899   Thumb Code     6  stm32f4xx_tim.o(.text)
    TIM_GetCapture4                          0x0800189f   Thumb Code     6  stm32f4xx_tim.o(.text)
    TIM_BDTRConfig                           0x080018a5   Thumb Code    32  stm32f4xx_tim.o(.text)
    TIM_BDTRStructInit                       0x080018c5   Thumb Code    18  stm32f4xx_tim.o(.text)
    TIM_CtrlPWMOutputs                       0x080018d7   Thumb Code    30  stm32f4xx_tim.o(.text)
    TIM_SelectCOM                            0x080018f5   Thumb Code    24  stm32f4xx_tim.o(.text)
    TIM_CCPreloadControl                     0x0800190d   Thumb Code    24  stm32f4xx_tim.o(.text)
    TIM_ITConfig                             0x08001925   Thumb Code    18  stm32f4xx_tim.o(.text)
    TIM_GenerateEvent                        0x08001937   Thumb Code     4  stm32f4xx_tim.o(.text)
    TIM_GetFlagStatus                        0x0800193b   Thumb Code    18  stm32f4xx_tim.o(.text)
    TIM_ClearFlag                            0x0800194d   Thumb Code     6  stm32f4xx_tim.o(.text)
    TIM_GetITStatus                          0x08001953   Thumb Code    34  stm32f4xx_tim.o(.text)
    TIM_ClearITPendingBit                    0x08001975   Thumb Code     6  stm32f4xx_tim.o(.text)
    TIM_DMAConfig                            0x0800197b   Thumb Code    10  stm32f4xx_tim.o(.text)
    TIM_DMACmd                               0x08001985   Thumb Code    18  stm32f4xx_tim.o(.text)
    TIM_SelectCCDMA                          0x08001997   Thumb Code    24  stm32f4xx_tim.o(.text)
    TIM_InternalClockConfig                  0x080019af   Thumb Code    12  stm32f4xx_tim.o(.text)
    TIM_SelectInputTrigger                   0x080019bb   Thumb Code    18  stm32f4xx_tim.o(.text)
    TIM_ITRxExternalClockConfig              0x080019cd   Thumb Code    24  stm32f4xx_tim.o(.text)
    TIM_TIxExternalClockConfig               0x080019e5   Thumb Code    62  stm32f4xx_tim.o(.text)
    TIM_ETRConfig                            0x08001a23   Thumb Code    28  stm32f4xx_tim.o(.text)
    TIM_ETRClockMode1Config                  0x08001a3f   Thumb Code    54  stm32f4xx_tim.o(.text)
    TIM_ETRClockMode2Config                  0x08001a75   Thumb Code    32  stm32f4xx_tim.o(.text)
    TIM_SelectOutputTrigger                  0x08001a95   Thumb Code    18  stm32f4xx_tim.o(.text)
    TIM_SelectSlaveMode                      0x08001aa7   Thumb Code    18  stm32f4xx_tim.o(.text)
    TIM_SelectMasterSlaveMode                0x08001ab9   Thumb Code    18  stm32f4xx_tim.o(.text)
    TIM_EncoderInterfaceConfig               0x08001acb   Thumb Code    66  stm32f4xx_tim.o(.text)
    TIM_SelectHallSensor                     0x08001b0d   Thumb Code    24  stm32f4xx_tim.o(.text)
    TIM_RemapConfig                          0x08001b25   Thumb Code     6  stm32f4xx_tim.o(.text)
    GPIO_DeInit                              0x08001b2d   Thumb Code   268  stm32f4xx_gpio.o(.text)
    GPIO_Init                                0x08001c39   Thumb Code   144  stm32f4xx_gpio.o(.text)
    GPIO_StructInit                          0x08001cc9   Thumb Code    18  stm32f4xx_gpio.o(.text)
    GPIO_PinLockConfig                       0x08001cdb   Thumb Code    34  stm32f4xx_gpio.o(.text)
    GPIO_ReadInputDataBit                    0x08001cfd   Thumb Code    18  stm32f4xx_gpio.o(.text)
    GPIO_ReadInputData                       0x08001d0f   Thumb Code     8  stm32f4xx_gpio.o(.text)
    GPIO_ReadOutputDataBit                   0x08001d17   Thumb Code    18  stm32f4xx_gpio.o(.text)
    GPIO_ReadOutputData                      0x08001d29   Thumb Code     8  stm32f4xx_gpio.o(.text)
    GPIO_SetBits                             0x08001d31   Thumb Code     4  stm32f4xx_gpio.o(.text)
    GPIO_ResetBits                           0x08001d35   Thumb Code     4  stm32f4xx_gpio.o(.text)
    GPIO_WriteBit                            0x08001d39   Thumb Code    10  stm32f4xx_gpio.o(.text)
    GPIO_Write                               0x08001d43   Thumb Code     4  stm32f4xx_gpio.o(.text)
    GPIO_ToggleBits                          0x08001d47   Thumb Code     8  stm32f4xx_gpio.o(.text)
    GPIO_PinAFConfig                         0x08001d4f   Thumb Code    70  stm32f4xx_gpio.o(.text)
    ADC_DeInit                               0x08001dc1   Thumb Code    22  stm32f4xx_adc.o(.text)
    ADC_Init                                 0x08001dd7   Thumb Code    74  stm32f4xx_adc.o(.text)
    ADC_StructInit                           0x08001e21   Thumb Code    20  stm32f4xx_adc.o(.text)
    ADC_CommonInit                           0x08001e35   Thumb Code    44  stm32f4xx_adc.o(.text)
    ADC_CommonStructInit                     0x08001e61   Thumb Code    12  stm32f4xx_adc.o(.text)
    ADC_Cmd                                  0x08001e6d   Thumb Code    22  stm32f4xx_adc.o(.text)
    ADC_AnalogWatchdogCmd                    0x08001e83   Thumb Code    16  stm32f4xx_adc.o(.text)
    ADC_AnalogWatchdogThresholdsConfig       0x08001e93   Thumb Code     6  stm32f4xx_adc.o(.text)
    ADC_AnalogWatchdogSingleChannelConfig    0x08001e99   Thumb Code    16  stm32f4xx_adc.o(.text)
    ADC_TempSensorVrefintCmd                 0x08001ea9   Thumb Code    34  stm32f4xx_adc.o(.text)
    ADC_VBATCmd                              0x08001ecb   Thumb Code    34  stm32f4xx_adc.o(.text)
    ADC_RegularChannelConfig                 0x08001eed   Thumb Code   184  stm32f4xx_adc.o(.text)
    ADC_SoftwareStartConv                    0x08001fa5   Thumb Code    10  stm32f4xx_adc.o(.text)
    ADC_GetSoftwareStartConvStatus           0x08001faf   Thumb Code    20  stm32f4xx_adc.o(.text)
    ADC_EOCOnEachRegularChannelCmd           0x08001fc3   Thumb Code    22  stm32f4xx_adc.o(.text)
    ADC_ContinuousModeCmd                    0x08001fd9   Thumb Code    22  stm32f4xx_adc.o(.text)
    ADC_DiscModeChannelCountConfig           0x08001fef   Thumb Code    24  stm32f4xx_adc.o(.text)
    ADC_DiscModeCmd                          0x08002007   Thumb Code    22  stm32f4xx_adc.o(.text)
    ADC_GetConversionValue                   0x0800201d   Thumb Code     8  stm32f4xx_adc.o(.text)
    ADC_GetMultiModeConversionValue          0x08002025   Thumb Code     6  stm32f4xx_adc.o(.text)
    ADC_DMACmd                               0x0800202b   Thumb Code    22  stm32f4xx_adc.o(.text)
    ADC_DMARequestAfterLastTransferCmd       0x08002041   Thumb Code    22  stm32f4xx_adc.o(.text)
    ADC_MultiModeDMARequestAfterLastTransferCmd 0x08002057   Thumb Code    34  stm32f4xx_adc.o(.text)
    ADC_InjectedChannelConfig                0x08002079   Thumb Code   130  stm32f4xx_adc.o(.text)
    ADC_InjectedSequencerLengthConfig        0x080020fb   Thumb Code    24  stm32f4xx_adc.o(.text)
    ADC_SetInjectedOffset                    0x08002113   Thumb Code    20  stm32f4xx_adc.o(.text)
    ADC_ExternalTrigInjectedConvConfig       0x08002127   Thumb Code    16  stm32f4xx_adc.o(.text)
    ADC_ExternalTrigInjectedConvEdgeConfig   0x08002137   Thumb Code    16  stm32f4xx_adc.o(.text)
    ADC_SoftwareStartInjectedConv            0x08002147   Thumb Code    10  stm32f4xx_adc.o(.text)
    ADC_GetSoftwareStartInjectedConvCmdStatus 0x08002151   Thumb Code    20  stm32f4xx_adc.o(.text)
    ADC_AutoInjectedConvCmd                  0x08002165   Thumb Code    22  stm32f4xx_adc.o(.text)
    ADC_InjectedDiscModeCmd                  0x0800217b   Thumb Code    22  stm32f4xx_adc.o(.text)
    ADC_GetInjectedConversionValue           0x08002191   Thumb Code    28  stm32f4xx_adc.o(.text)
    ADC_ITConfig                             0x080021ad   Thumb Code    60  stm32f4xx_adc.o(.text)
    ADC_GetFlagStatus                        0x080021e9   Thumb Code    18  stm32f4xx_adc.o(.text)
    ADC_ClearFlag                            0x080021fb   Thumb Code     6  stm32f4xx_adc.o(.text)
    ADC_GetITStatus                          0x08002201   Thumb Code    38  stm32f4xx_adc.o(.text)
    ADC_ClearITPendingBit                    0x08002227   Thumb Code    10  stm32f4xx_adc.o(.text)
    USART_DeInit                             0x08002231   Thumb Code   206  stm32f4xx_usart.o(.text)
    USART_Init                               0x080022ff   Thumb Code   204  stm32f4xx_usart.o(.text)
    USART_StructInit                         0x080023cb   Thumb Code    24  stm32f4xx_usart.o(.text)
    USART_ClockInit                          0x080023e3   Thumb Code    32  stm32f4xx_usart.o(.text)
    USART_ClockStructInit                    0x08002403   Thumb Code    12  stm32f4xx_usart.o(.text)
    USART_Cmd                                0x0800240f   Thumb Code    24  stm32f4xx_usart.o(.text)
    USART_SetPrescaler                       0x08002427   Thumb Code    16  stm32f4xx_usart.o(.text)
    USART_OverSampling8Cmd                   0x08002437   Thumb Code    22  stm32f4xx_usart.o(.text)
    USART_OneBitMethodCmd                    0x0800244d   Thumb Code    24  stm32f4xx_usart.o(.text)
    USART_SendData                           0x08002465   Thumb Code     8  stm32f4xx_usart.o(.text)
    USART_ReceiveData                        0x0800246d   Thumb Code    10  stm32f4xx_usart.o(.text)
    USART_SetAddress                         0x08002477   Thumb Code    18  stm32f4xx_usart.o(.text)
    USART_ReceiverWakeUpCmd                  0x08002489   Thumb Code    24  stm32f4xx_usart.o(.text)
    USART_WakeUpConfig                       0x080024a1   Thumb Code    18  stm32f4xx_usart.o(.text)
    USART_LINBreakDetectLengthConfig         0x080024b3   Thumb Code    18  stm32f4xx_usart.o(.text)
    USART_LINCmd                             0x080024c5   Thumb Code    24  stm32f4xx_usart.o(.text)
    USART_SendBreak                          0x080024dd   Thumb Code    10  stm32f4xx_usart.o(.text)
    USART_HalfDuplexCmd                      0x080024e7   Thumb Code    24  stm32f4xx_usart.o(.text)
    USART_SetGuardTime                       0x080024ff   Thumb Code    16  stm32f4xx_usart.o(.text)
    USART_SmartCardCmd                       0x0800250f   Thumb Code    24  stm32f4xx_usart.o(.text)
    USART_SmartCardNACKCmd                   0x08002527   Thumb Code    24  stm32f4xx_usart.o(.text)
    USART_IrDAConfig                         0x0800253f   Thumb Code    18  stm32f4xx_usart.o(.text)
    USART_IrDACmd                            0x08002551   Thumb Code    24  stm32f4xx_usart.o(.text)
    USART_DMACmd                             0x08002569   Thumb Code    18  stm32f4xx_usart.o(.text)
    USART_ITConfig                           0x0800257b   Thumb Code    74  stm32f4xx_usart.o(.text)
    USART_GetFlagStatus                      0x080025c5   Thumb Code    26  stm32f4xx_usart.o(.text)
    USART_ClearFlag                          0x080025df   Thumb Code    18  stm32f4xx_usart.o(.text)
    USART_GetITStatus                        0x080025f1   Thumb Code   118  stm32f4xx_usart.o(.text)
    USART_ClearITPendingBit                  0x08002667   Thumb Code    30  stm32f4xx_usart.o(.text)
    I2C_DeInit                               0x08002685   Thumb Code    82  stm32f4xx_i2c.o(.text)
    I2C_Init                                 0x080026d7   Thumb Code   218  stm32f4xx_i2c.o(.text)
    I2C_StructInit                           0x080027b1   Thumb Code    30  stm32f4xx_i2c.o(.text)
    I2C_Cmd                                  0x080027cf   Thumb Code    24  stm32f4xx_i2c.o(.text)
    I2C_AnalogFilterCmd                      0x080027e7   Thumb Code    24  stm32f4xx_i2c.o(.text)
    I2C_DigitalFilterConfig                  0x080027ff   Thumb Code    22  stm32f4xx_i2c.o(.text)
    I2C_GenerateSTART                        0x08002815   Thumb Code    24  stm32f4xx_i2c.o(.text)
    I2C_GenerateSTOP                         0x0800282d   Thumb Code    24  stm32f4xx_i2c.o(.text)
    I2C_Send7bitAddress                      0x08002845   Thumb Code    16  stm32f4xx_i2c.o(.text)
    I2C_AcknowledgeConfig                    0x08002855   Thumb Code    24  stm32f4xx_i2c.o(.text)
    I2C_OwnAddress2Config                    0x0800286d   Thumb Code    22  stm32f4xx_i2c.o(.text)
    I2C_DualAddressCmd                       0x08002883   Thumb Code    24  stm32f4xx_i2c.o(.text)
    I2C_GeneralCallCmd                       0x0800289b   Thumb Code    24  stm32f4xx_i2c.o(.text)
    I2C_SoftwareResetCmd                     0x080028b3   Thumb Code    22  stm32f4xx_i2c.o(.text)
    I2C_StretchClockCmd                      0x080028c9   Thumb Code    24  stm32f4xx_i2c.o(.text)
    I2C_FastModeDutyCycleConfig              0x080028e1   Thumb Code    28  stm32f4xx_i2c.o(.text)
    I2C_NACKPositionConfig                   0x080028fd   Thumb Code    28  stm32f4xx_i2c.o(.text)
    I2C_SMBusAlertConfig                     0x08002919   Thumb Code    28  stm32f4xx_i2c.o(.text)
    I2C_ARPCmd                               0x08002935   Thumb Code    24  stm32f4xx_i2c.o(.text)
    I2C_SendData                             0x0800294d   Thumb Code     4  stm32f4xx_i2c.o(.text)
    I2C_ReceiveData                          0x08002951   Thumb Code     8  stm32f4xx_i2c.o(.text)
    I2C_TransmitPEC                          0x08002959   Thumb Code    24  stm32f4xx_i2c.o(.text)
    I2C_PECPositionConfig                    0x08002971   Thumb Code    28  stm32f4xx_i2c.o(.text)
    I2C_CalculatePEC                         0x0800298d   Thumb Code    24  stm32f4xx_i2c.o(.text)
    I2C_GetPEC                               0x080029a5   Thumb Code     8  stm32f4xx_i2c.o(.text)
    I2C_DMACmd                               0x080029ad   Thumb Code    24  stm32f4xx_i2c.o(.text)
    I2C_DMALastTransferCmd                   0x080029c5   Thumb Code    24  stm32f4xx_i2c.o(.text)
    I2C_ReadRegister                         0x080029dd   Thumb Code    22  stm32f4xx_i2c.o(.text)
    I2C_ITConfig                             0x080029f3   Thumb Code    18  stm32f4xx_i2c.o(.text)
    I2C_CheckEvent                           0x08002a05   Thumb Code    42  stm32f4xx_i2c.o(.text)
    I2C_GetLastEvent                         0x08002a2f   Thumb Code    26  stm32f4xx_i2c.o(.text)
    I2C_GetFlagStatus                        0x08002a49   Thumb Code    84  stm32f4xx_i2c.o(.text)
    I2C_ClearFlag                            0x08002a9d   Thumb Code    12  stm32f4xx_i2c.o(.text)
    I2C_GetITStatus                          0x08002aa9   Thumb Code    38  stm32f4xx_i2c.o(.text)
    I2C_ClearITPendingBit                    0x08002acf   Thumb Code    12  stm32f4xx_i2c.o(.text)
    Delay_nop                                0x08002add   Thumb Code    12  stm32f4_delay.o(.text)
    Delay_1us                                0x08002ae9   Thumb Code    20  stm32f4_delay.o(.text)
    Delay_10us                               0x08002afd   Thumb Code    22  stm32f4_delay.o(.text)
    Delay_100us                              0x08002b13   Thumb Code    22  stm32f4_delay.o(.text)
    Delay_1ms                                0x08002b29   Thumb Code    22  stm32f4_delay.o(.text)
    Delay_10ms                               0x08002b3f   Thumb Code    20  stm32f4_delay.o(.text)
    Delay_100ms                              0x08002b53   Thumb Code    20  stm32f4_delay.o(.text)
    UART_SendByte                            0x08002b71   Thumb Code    30  stm32f4_usart.o(.text)
    UART_RecvByte                            0x08002b8f   Thumb Code    28  stm32f4_usart.o(.text)
    UART_SendData                            0x08002bab   Thumb Code    44  stm32f4_usart.o(.text)
    UART_RecvData                            0x08002bd7   Thumb Code    44  stm32f4_usart.o(.text)
    ADC_Config                               0x08002c05   Thumb Code   412  stm32f4_adc.o(.text)
    ADC_Average                              0x08002da1   Thumb Code    52  stm32f4_adc.o(.text)
    I2C_Config                               0x08002ded   Thumb Code   462  stm32f4_i2c.o(.text)
    I2C_ReadByte                             0x08002fc5   Thumb Code   248  stm32f4_i2c.o(.text)
    I2C_WriteByte                            0x080030bd   Thumb Code   408  stm32f4_i2c.o(.text)
    I2C_DMA_ReadReg                          0x08003255   Thumb Code   592  stm32f4_i2c.o(.text)
    I2C_DMA_WriteReg                         0x080034a5   Thumb Code   328  stm32f4_i2c.o(.text)
    I2C_TX_DMA_IRQ                           0x080035ed   Thumb Code   126  stm32f4_i2c.o(.text)
    I2C_RX_DMA_IRQ                           0x0800366b   Thumb Code    50  stm32f4_i2c.o(.text)
    QCopterFC_Init                           0x080036b5   Thumb Code   102  qcopterfc.o(.text)
    QCopterFC_Corr                           0x0800371b   Thumb Code   142  qcopterfc.o(.text)
    QCopterFC_Lock                           0x080037a9   Thumb Code   278  qcopterfc.o(.text)
    main                                     0x080038bf   Thumb Code   174  qcopterfc.o(.text)
    SysTick_Handler                          0x0800399d   Thumb Code  1530  qcopterfc_it.o(.text)
    DMA1_Stream0_IRQHandler                  0x08003f97   Thumb Code     8  qcopterfc_it.o(.text)
    DMA1_Stream6_IRQHandler                  0x08003f9f   Thumb Code     8  qcopterfc_it.o(.text)
    HardFault_Handler                        0x08003fa7   Thumb Code     4  qcopterfc_it.o(.text)
    MemManage_Handler                        0x08003fab   Thumb Code     4  qcopterfc_it.o(.text)
    BusFault_Handler                         0x08003faf   Thumb Code     4  qcopterfc_it.o(.text)
    UsageFault_Handler                       0x08003fb3   Thumb Code     4  qcopterfc_it.o(.text)
    SVC_Handler                              0x08003fb7   Thumb Code     4  qcopterfc_it.o(.text)
    DebugMon_Handler                         0x08003fbb   Thumb Code     4  qcopterfc_it.o(.text)
    PendSV_Handler                           0x08003fbf   Thumb Code     4  qcopterfc_it.o(.text)
    NMI_Handler                              0x08003fc3   Thumb Code     4  qcopterfc_it.o(.text)
    LED_Config                               0x08003ff1   Thumb Code    66  qcopterfc_board.o(.text)
    KEY_Config                               0x08004033   Thumb Code    34  qcopterfc_board.o(.text)
    BLDC_Config                              0x08004069   Thumb Code   526  qcopterfc_ctrl.o(.text)
    BLDC_CtrlPWM                             0x08004277   Thumb Code   110  qcopterfc_ctrl.o(.text)
    BLDC_CtrlTHR                             0x080042e5   Thumb Code   262  qcopterfc_ctrl.o(.text)
    Ctrl_BasicThr                            0x080043eb   Thumb Code     2  qcopterfc_ctrl.o(.text)
    RS232_Config                             0x08004405   Thumb Code   174  module_rs232.o(.text)
    RS232_SendStr                            0x080044b3   Thumb Code    24  module_rs232.o(.text)
    RS232_SendNum                            0x080044cb   Thumb Code    54  module_rs232.o(.text)
    RS232_SendData                           0x08004501   Thumb Code    18  module_rs232.o(.text)
    RS232_RecvStr                            0x08004513   Thumb Code    28  module_rs232.o(.text)
    RS232_RecvData                           0x0800452f   Thumb Code    18  module_rs232.o(.text)
    RS232_VisualScope                        0x0800457b   Thumb Code    52  module_rs232.o(.text)
    Sensor_Config                            0x080045b9   Thumb Code    38  module_sensor.o(.text)
    Sensor_Init                              0x080045df   Thumb Code   176  module_sensor.o(.text)
    MPU9150_Init                             0x080046ad   Thumb Code   256  module_mpu9150.o(.text)
    MPU9150_Read                             0x080047ad   Thumb Code   242  module_mpu9150.o(.text)
    MS5611_Init                              0x08004a23   Thumb Code    84  module_ms5611.o(.text)
    MS5611_Read                              0x08004a77   Thumb Code   100  module_ms5611.o(.text)
    Str_NumToChar                            0x08004aed   Thumb Code   414  algorithm_string.o(.text)
    Str_LenOfStr                             0x08004c8b   Thumb Code    26  algorithm_string.o(.text)
    MoveAve_SMA                              0x08004ca5   Thumb Code    66  algorithm_moveave.o(.text)
    MoveAve_WMA                              0x08004ce7   Thumb Code    86  algorithm_moveave.o(.text)
    __aeabi_uldivmod                         0x08004d3d   Thumb Code    98  uldiv.o(.text)
    __aeabi_memset                           0x08004d9f   Thumb Code    14  memseta.o(.text)
    __aeabi_memset4                          0x08004d9f   Thumb Code     0  memseta.o(.text)
    __aeabi_memset8                          0x08004d9f   Thumb Code     0  memseta.o(.text)
    __aeabi_memclr                           0x08004dad   Thumb Code     4  memseta.o(.text)
    __aeabi_memclr4                          0x08004dad   Thumb Code     0  memseta.o(.text)
    __aeabi_memclr8                          0x08004dad   Thumb Code     0  memseta.o(.text)
    _memset$wrapper                          0x08004db1   Thumb Code    18  memseta.o(.text)
    __aeabi_llsl                             0x08004dc3   Thumb Code    30  llshl.o(.text)
    _ll_shift_l                              0x08004dc3   Thumb Code     0  llshl.o(.text)
    __aeabi_llsr                             0x08004de1   Thumb Code    32  llushr.o(.text)
    _ll_ushift_r                             0x08004de1   Thumb Code     0  llushr.o(.text)
    __scatterload                            0x08004e01   Thumb Code    28  init.o(.text)
    __scatterload_rt2                        0x08004e01   Thumb Code     0  init.o(.text)
    __scatterload_copy                       0x08004e25   Thumb Code    14  handlers.o(i.__scatterload_copy)
    __scatterload_null                       0x08004e33   Thumb Code     2  handlers.o(i.__scatterload_null)
    __scatterload_zeroinit                   0x08004e35   Thumb Code    14  handlers.o(i.__scatterload_zeroinit)
    free                                     0x08004e45   Thumb Code    76  malloc.o(i.free)
    malloc                                   0x08004e95   Thumb Code    92  malloc.o(i.malloc)
    Region$$Table$$Base                      0x08004f14   Number         0  anon$$obj.o(Region$$Table)
    Region$$Table$$Limit                     0x08004f34   Number         0  anon$$obj.o(Region$$Table)
    SystemCoreClock                          0x20000000   Data           4  system_stm32f4xx.o(.data)
    AHBPrescTable                            0x20000004   Data          16  system_stm32f4xx.o(.data)
    FSM_STATE                                0x20000030   Data           1  qcopterfc.o(.data)
    SEN_STATE                                0x20000031   Data           1  qcopterfc.o(.data)
    SysTick_Cnt                              0x20000034   Data           4  qcopterfc_it.o(.data)
    Time_mSec                                0x20000038   Data           1  qcopterfc_it.o(.data)
    Time_Sec                                 0x20000039   Data           1  qcopterfc_it.o(.data)
    Time_Min                                 0x2000003a   Data           1  qcopterfc_it.o(.data)
    Temp                                     0x2000004c   Data           8  module_sensor.o(.data)
    __microlib_freelist                      0x20000058   Data           4  mvars.o(.data)
    __microlib_freelist_initialised          0x2000005c   Data           4  mvars.o(.data)
    Acc                                      0x20000260   Data          24  module_sensor.o(.bss)
    Gyr                                      0x20000278   Data          24  module_sensor.o(.bss)
    Mag                                      0x20000290   Data          44  module_sensor.o(.bss)
    Baro                                     0x200002c0   Data          72  module_ms5611.o(.bss)
    __heap_base                              0x20000308   Data           0  startup_stm32f40xx.o(HEAP)
    __heap_limit                             0x20000508   Data           0  startup_stm32f40xx.o(HEAP)
    __initial_sp                             0x20000908   Data           0  startup_stm32f40xx.o(STACK)



==============================================================================

Memory Map of the image

  Image Entry point : 0x08000189

  Load Region LR_IROM1 (Base: 0x08000000, Size: 0x00004f94, Max: 0x00100000, ABSOLUTE)

    Execution Region ER_IROM1 (Base: 0x08000000, Size: 0x00004f34, Max: 0x00100000, ABSOLUTE)

    Base Addr    Size         Type   Attr      Idx    E Section Name        Object

    0x08000000   0x00000188   Data   RO            3    RESET               startup_stm32f40xx.o
    0x08000188   0x00000000   Code   RO          749  * .ARM.Collect$$$$00000000  mc_w.l(entry.o)
    0x08000188   0x00000004   Code   RO          791    .ARM.Collect$$$$00000001  mc_w.l(entry2.o)
    0x0800018c   0x00000004   Code   RO          794    .ARM.Collect$$$$00000004  mc_w.l(entry5.o)
    0x08000190   0x00000000   Code   RO          796    .ARM.Collect$$$$00000008  mc_w.l(entry7b.o)
    0x08000190   0x00000000   Code   RO          798    .ARM.Collect$$$$0000000A  mc_w.l(entry8b.o)
    0x08000190   0x00000008   Code   RO          799    .ARM.Collect$$$$0000000B  mc_w.l(entry9a.o)
    0x08000198   0x00000000   Code   RO          801    .ARM.Collect$$$$0000000D  mc_w.l(entry10a.o)
    0x08000198   0x00000000   Code   RO          803    .ARM.Collect$$$$0000000F  mc_w.l(entry11a.o)
    0x08000198   0x00000004   Code   RO          792    .ARM.Collect$$$$00002712  mc_w.l(entry2.o)
    0x0800019c   0x00000024   Code   RO            4    .text               startup_stm32f40xx.o
    0x080001c0   0x0000020c   Code   RO           12    .text               system_stm32f4xx.o
    0x080003cc   0x000000e4   Code   RO           88    .text               misc.o
    0x080004b0   0x00000634   Code   RO          112    .text               stm32f4xx_rcc.o
    0x08000ae4   0x000003a4   Code   RO          134    .text               stm32f4xx_dma.o
    0x08000e88   0x00000ca2   Code   RO          174    .text               stm32f4xx_tim.o
    0x08001b2a   0x00000002   PAD
    0x08001b2c   0x00000294   Code   RO          194    .text               stm32f4xx_gpio.o
    0x08001dc0   0x00000470   Code   RO          214    .text               stm32f4xx_adc.o
    0x08002230   0x00000454   Code   RO          234    .text               stm32f4xx_usart.o
    0x08002684   0x00000456   Code   RO          254    .text               stm32f4xx_i2c.o
    0x08002ada   0x00000002   PAD
    0x08002adc   0x00000094   Code   RO          274    .text               stm32f4_delay.o
    0x08002b70   0x00000092   Code   RO          300    .text               stm32f4_usart.o
    0x08002c02   0x00000002   PAD
    0x08002c04   0x000001e8   Code   RO          323    .text               stm32f4_adc.o
    0x08002dec   0x000008c8   Code   RO          371    .text               stm32f4_i2c.o
    0x080036b4   0x000002e8   Code   RO          396    .text               qcopterfc.o
    0x0800399c   0x00000654   Code   RO          451    .text               qcopterfc_it.o
    0x08003ff0   0x00000078   Code   RO          487    .text               qcopterfc_board.o
    0x08004068   0x0000039c   Code   RO          521    .text               qcopterfc_ctrl.o
    0x08004404   0x000001b4   Code   RO          541    .text               module_rs232.o
    0x080045b8   0x000000f4   Code   RO          564    .text               module_sensor.o
    0x080046ac   0x000001fc   Code   RO          591    .text               module_mpu9150.o
    0x080048a8   0x00000244   Code   RO          612    .text               module_ms5611.o
    0x08004aec   0x000001b8   Code   RO          639    .text               algorithm_string.o
    0x08004ca4   0x00000098   Code   RO          659    .text               algorithm_moveave.o
    0x08004d3c   0x00000062   Code   RO          752    .text               mc_w.l(uldiv.o)
    0x08004d9e   0x00000024   Code   RO          754    .text               mc_w.l(memseta.o)
    0x08004dc2   0x0000001e   Code   RO          805    .text               mc_w.l(llshl.o)
    0x08004de0   0x00000020   Code   RO          807    .text               mc_w.l(llushr.o)
    0x08004e00   0x00000024   Code   RO          823    .text               mc_w.l(init.o)
    0x08004e24   0x0000000e   Code   RO          827    i.__scatterload_copy  mc_w.l(handlers.o)
    0x08004e32   0x00000002   Code   RO          828    i.__scatterload_null  mc_w.l(handlers.o)
    0x08004e34   0x0000000e   Code   RO          829    i.__scatterload_zeroinit  mc_w.l(handlers.o)
    0x08004e42   0x00000002   PAD
    0x08004e44   0x00000050   Code   RO          756    i.free              mc_w.l(malloc.o)
    0x08004e94   0x0000006c   Code   RO          757    i.malloc            mc_w.l(malloc.o)
    0x08004f00   0x00000012   Data   RO          592    .constdata          module_mpu9150.o
    0x08004f12   0x00000002   PAD
    0x08004f14   0x00000020   Data   RO          825    Region$$Table       anon$$obj.o


    Execution Region RW_IRAM1 (Base: 0x20000000, Size: 0x00000908, Max: 0x00020000, ABSOLUTE)

    Base Addr    Size         Type   Attr      Idx    E Section Name        Object

    0x20000000   0x00000014   Data   RW           13    .data               system_stm32f4xx.o
    0x20000014   0x00000010   Data   RW          113    .data               stm32f4xx_rcc.o
    0x20000024   0x0000000c   Data   RW          372    .data               stm32f4_i2c.o
    0x20000030   0x00000002   Data   RW          397    .data               qcopterfc.o
    0x20000032   0x00000002   PAD
    0x20000034   0x00000018   Data   RW          452    .data               qcopterfc_it.o
    0x2000004c   0x00000008   Data   RW          566    .data               module_sensor.o
    0x20000054   0x00000001   Data   RW          614    .data               module_ms5611.o
    0x20000055   0x00000003   PAD
    0x20000058   0x00000004   Data   RW          813    .data               mc_w.l(mvars.o)
    0x2000005c   0x00000004   Data   RW          814    .data               mc_w.l(mvars.o)
    0x20000060   0x00000200   Zero   RW          324    .bss                stm32f4_adc.o
    0x20000260   0x0000005c   Zero   RW          565    .bss                module_sensor.o
    0x200002bc   0x00000004   PAD
    0x200002c0   0x00000048   Zero   RW          613    .bss                module_ms5611.o
    0x20000308   0x00000200   Zero   RW            2    HEAP                startup_stm32f40xx.o
    0x20000508   0x00000400   Zero   RW            1    STACK               startup_stm32f40xx.o


==============================================================================

Image component sizes


      Code (inc. data)   RO Data    RW Data    ZI Data      Debug   Object Name

       152          0          0          0          0       1578   algorithm_moveave.o
       440          0          0          0          0       1749   algorithm_string.o
       228         22          0          0          0       1989   misc.o
       508         10         18          0          0       1632   module_mpu9150.o
       580         18          0          1         72       3737   module_ms5611.o
       436         10          0          0          0       3329   module_rs232.o
       244         30          0          8         92       2279   module_sensor.o
       744         48          0          2          0      28597   qcopterfc.o
       120         20          0          0          0        712   qcopterfc_board.o
       924         24          0          0          0       2046   qcopterfc_ctrl.o
      1620        120          0         24          0       3264   qcopterfc_it.o
        36          8        392          0       1536        876   startup_stm32f40xx.o
       488         24          0          0        512       1881   stm32f4_adc.o
       148         10          0          0          0       1538   stm32f4_delay.o
      2248        104          0         12          0       5251   stm32f4_i2c.o
       146          0          0          0          0       1662   stm32f4_usart.o
      1136         28          0          0          0      10662   stm32f4xx_adc.o
       932         32          0          0          0       6465   stm32f4xx_dma.o
       660         44          0          0          0       4261   stm32f4xx_gpio.o
      1110         26          0          0          0       8715   stm32f4xx_i2c.o
      1588         52          0         16          0      12934   stm32f4xx_rcc.o
      3234         60          0          0          0      22468   stm32f4xx_tim.o
      1108         34          0          0          0       7968   stm32f4xx_usart.o
       524         44          0         20          0     317567   system_stm32f4xx.o

    ----------------------------------------------------------------------
     19360        768        444         88       2216     453160   Object Totals
         0          0         32          0          0          0   (incl. Generated)
         6          0          2          5          4          0   (incl. Padding)

    ----------------------------------------------------------------------

      Code (inc. data)   RO Data    RW Data    ZI Data      Debug   Library Member Name

         0          0          0          0          0          0   entry.o
         0          0          0          0          0          0   entry10a.o
         0          0          0          0          0          0   entry11a.o
         8          4          0          0          0          0   entry2.o
         4          0          0          0          0          0   entry5.o
         0          0          0          0          0          0   entry7b.o
         0          0          0          0          0          0   entry8b.o
         8          4          0          0          0          0   entry9a.o
        30          0          0          0          0          0   handlers.o
        36          8          0          0          0         68   init.o
        30          0          0          0          0         68   llshl.o
        32          0          0          0          0         68   llushr.o
       188         20          0          0          0        160   malloc.o
        36          0          0          0          0        108   memseta.o
         0          0          0          8          0          0   mvars.o
        98          0          0          0          0         92   uldiv.o

    ----------------------------------------------------------------------
       472         36          0          8          0        564   Library Totals
         2          0          0          0          0          0   (incl. Padding)

    ----------------------------------------------------------------------

      Code (inc. data)   RO Data    RW Data    ZI Data      Debug   Library Name

       470         36          0          8          0        564   mc_w.l

    ----------------------------------------------------------------------
       472         36          0          8          0        564   Library Totals

    ----------------------------------------------------------------------

==============================================================================


      Code (inc. data)   RO Data    RW Data    ZI Data      Debug   

     19832        804        444         96       2216     449016   Grand Totals
     19832        804        444         96       2216     449016   ELF Image Totals
     19832        804        444         96          0          0   ROM Totals

==============================================================================

    Total RO  Size (Code + RO Data)                20276 (  19.80kB)
    Total RW  Size (RW Data + ZI Data)              2312 (   2.26kB)
    Total ROM Size (Code + RO Data + RW Data)      20372 (  19.89kB)

==============================================================================

